Archive member included because of file (symbol)

contiki-z1.a(er-coap.o)       obj_z1/proxy-resource.o (coap_get_header_uri_path)
contiki-z1.a(er-coap-engine.)
                              obj_z1/proxy-resource.o (coap_rest_implementation)
contiki-z1.a(er-coap-transac)
                              contiki-z1.a(er-coap-engine.) (coap_register_as_transaction_handler)
contiki-z1.a(er-coap-observe)
                              contiki-z1.a(er-coap-transac) (coap_remove_observer_by_client)
contiki-z1.a(er-coap-res-wel)
                              contiki-z1.a(er-coap-engine.) (res_well_known_core)
contiki-z1.a(er-coap-observe)
                              obj_z1/proxy-resource.o (coap_obs_remove_observee)
contiki-z1.a(rest-engine.o)   proxy.co (rest_init_engine)
contiki-z1.a(servreg-hack.o)  proxy.co (servreg_hack_register)
contiki-z1.a(contiki-z1-plat)
                              obj_z1/contiki-z1-main.o (init_platform)
contiki-z1.a(msp430.o)        obj_z1/contiki-z1-main.o (splhigh_)
contiki-z1.a(leds.o)          obj_z1/contiki-z1-main.o (leds_init)
contiki-z1.a(watchdog.o)      obj_z1/contiki-z1-main.o (watchdog_start)
contiki-z1.a(xmem.o)          obj_z1/contiki-z1-main.o (xmem_init)
contiki-z1.a(spi.o)           contiki-z1.a(xmem.o) (spi_init)
contiki-z1.a(cc2420.o)        obj_z1/contiki-z1-main.o (cc2420_set_pan_addr)
contiki-z1.a(cc2420-arch.o)   contiki-z1.a(cc2420.o) (cc2420_arch_init)
contiki-z1.a(node-id.o)       obj_z1/contiki-z1-main.o (node_id_restore)
contiki-z1.a(sensors.o)       contiki-z1.a(contiki-z1-plat) (sensors_process)
contiki-z1.a(button-sensor.o)
                              obj_z1/contiki-z1-main.o (button_sensor)
contiki-z1.a(uart0.o)         obj_z1/contiki-z1-main.o (uart0_active)
contiki-z1.a(uart0-putchar.o)
                              proxy.co (putchar)
contiki-z1.a(adxl345.o)       obj_z1/contiki-z1-main.o (accm_init)
contiki-z1.a(clock.o)         obj_z1/contiki-z1-main.o (clock_init)
contiki-z1.a(leds-arch.o)     contiki-z1.a(leds.o) (leds_arch_init)
contiki-z1.a(rtimer-arch.o)   obj_z1/contiki-z1-main.o (rtimer_arch_now)
contiki-z1.a(autostart.o)     obj_z1/contiki-z1-main.o (autostart_start)
contiki-z1.a(ctimer.o)        obj_z1/contiki-z1-main.o (ctimer_init)
contiki-z1.a(energest.o)      obj_z1/contiki-z1-main.o (energest_init)
contiki-z1.a(etimer.o)        contiki-z1.a(clock.o) (etimer_request_poll)
contiki-z1.a(process.o)       contiki-z1.a(er-coap-engine.) (process_current)
contiki-z1.a(rtimer.o)        obj_z1/contiki-z1-main.o (rtimer_init)
contiki-z1.a(timer.o)         contiki-z1.a(servreg-hack.o) (timer_set)
contiki-z1.a(list.o)          obj_z1/proxy-resource.o (list_init)
contiki-z1.a(memb.o)          obj_z1/proxy-resource.o (memb_init)
contiki-z1.a(random.o)        proxy.co (random_init)
contiki-z1.a(sicslowpan.o)    obj_z1/contiki-z1-main.o (sicslowpan_driver)
contiki-z1.a(uip6.o)          contiki-z1.a(er-coap-engine.) (uip_aligned_buf)
contiki-z1.a(uip-ds6.o)       contiki-z1.a(uip6.o) (uip_ds6_is_addr_onlink)
contiki-z1.a(uip-ds6-nbr.o)   contiki-z1.a(uip-ds6.o) (uip_ds6_neighbors_init)
contiki-z1.a(uip-ds6-route.o)
                              contiki-z1.a(uip-ds6.o) (uip_ds6_route_init)
contiki-z1.a(uip-icmp6.o)     contiki-z1.a(uip6.o) (uip_icmp6_input)
contiki-z1.a(uip-nd6.o)       contiki-z1.a(uip-ds6-nbr.o) (uip_nd6_ns_output)
contiki-z1.a(tcpip.o)         contiki-z1.a(sicslowpan.o) (tcpip_set_outputfunc)
contiki-z1.a(uip-debug.o)     proxy.co (uip_debug_ipaddr_print)
contiki-z1.a(uiplib.o)        obj_z1/proxy-resource.o (uiplib_ip6addrconv)
contiki-z1.a(uip-udp-packet.)
                              contiki-z1.a(er-coap.o) (uip_udp_packet_send)
contiki-z1.a(rpl.o)           contiki-z1.a(uip-ds6-nbr.o) (rpl_link_neighbor_callback)
contiki-z1.a(rpl-dag.o)       contiki-z1.a(rpl.o) (default_instance)
contiki-z1.a(rpl-ext-header.)
                              contiki-z1.a(uip6.o) (rpl_verify_header)
contiki-z1.a(rpl-icmp6.o)     contiki-z1.a(rpl.o) (dao_output_target)
contiki-z1.a(rpl-mrhof.o)     contiki-z1.a(rpl.o) (rpl_mrhof)
contiki-z1.a(rpl-timers.o)    contiki-z1.a(rpl.o) (rpl_reset_periodic_timer)
contiki-z1.a(linkaddr.o)      obj_z1/contiki-z1-main.o (linkaddr_copy)
contiki-z1.a(nbr-table.o)     contiki-z1.a(uip-ds6-nbr.o) (nbr_table_register)
contiki-z1.a(packetbuf.o)     contiki-z1.a(cc2420.o) (packetbuf_set_datalen)
contiki-z1.a(queuebuf.o)      obj_z1/contiki-z1-main.o (queuebuf_init)
contiki-z1.a(framer-802154.o)
                              contiki-z1.a(sicslowpan.o) (framer_802154)
contiki-z1.a(framer.o)        contiki-z1.a(framer-802154.o) (framer_canonical_create_and_secure)
contiki-z1.a(nullmac.o)       obj_z1/contiki-z1-main.o (nullmac_driver)
contiki-z1.a(nullrdc.o)       obj_z1/contiki-z1-main.o (nullrdc_driver)
contiki-z1.a(nullsec.o)       contiki-z1.a(sicslowpan.o) (nullsec_driver)
contiki-z1.a(i2cmaster.o)     contiki-z1.a(adxl345.o) (i2c_receiveinit)
contiki-z1.a(stimer.o)        contiki-z1.a(uip-ds6.o) (stimer_set)
[...]
Memory Configuration

Name             Origin             Length             Attributes
sfr              0x00000000         0x00000010
peripheral_8bit  0x00000010         0x000000f0
peripheral_16bit 0x00000100         0x00000100
ram_mirror       0x00000200         0x00000800         xw
infomem          0x00001000         0x00000100
infod            0x00001000         0x00000040
infoc            0x00001040         0x00000040
infob            0x00001080         0x00000040
infoa            0x000010c0         0x00000040
ram              0x00001100         0x00002000         xw
rom              0x00003100         0x0000cebe         xr
vectors          0x0000ffc0         0x00000040
far_rom          0x00010000         0x0000a000
bsl              0x00000000         0x00000000
ram2             0x00000000         0x00000000         xw
usbram           0x00000000         0x00000000         xw
*default*        0x00000000         0xffffffff

Linker script and memory map

LOAD /usr/local/msp430/bin/../lib/gcc/msp430/4.7.0/mcpu-430x/mmpy-16/msr20/mc20/crt0ivtbl32.o
                0x00000041                __P1SEL2 = 0x41
                0x00000045                __P5SEL2 = 0x45
LOAD proxy.co
LOAD obj_z1/proxy-resource.o
LOAD obj_z1/contiki-z1-main.o
LOAD contiki-z1.a
LOAD /usr/local/msp430/bin/../lib/gcc/msp430/4.7.0/mcpu-430x/mmpy-16/msr20/mc20/libgcc.a
LOAD /usr/local/msp430/bin/../lib/gcc/msp430/4.7.0/../../../../msp430/lib/mcpu-430x/mmpy-16/msr20/mc20/libc.a
LOAD /usr/local/msp430/bin/../lib/gcc/msp430/4.7.0/mcpu-430x/mmpy-16/msr20/mc20/libgcc.a
LOAD /usr/local/msp430/bin/../lib/gcc/msp430/4.7.0/mcpu-430x/mmpy-16/msr20/mc20/libcrt0.a
                0x00000040                PROVIDE (__info_segment_size, 0x40)
                0x00001000                PROVIDE (__infod, 0x1000)
                0x00001040                PROVIDE (__infoc, 0x1040)
                0x00001080                PROVIDE (__infob, 0x1080)
                0x000010c0                PROVIDE (__infoa, 0x10c0)
                0x00000000                __IE1 = 0x0
                0x00000002                __IFG1 = 0x2
                0x00000001                __IE2 = 0x1
                0x00000003                __IFG2 = 0x3
                0x00000006                __UC1IE = 0x6
                0x00000007                __UC1IFG = 0x7
                0x000001a0                __ADC12CTL0 = 0x1a0
                0x000001a2                __ADC12CTL1 = 0x1a2
                0x000001a4                __ADC12IFG = 0x1a4
                0x000001a6                __ADC12IE = 0x1a6
                0x000001a8                __ADC12IV = 0x1a8
                0x00000140                __ADC12MEM0 = 0x140
                0x00000142                __ADC12MEM1 = 0x142
                0x00000144                __ADC12MEM2 = 0x144
                0x00000146                __ADC12MEM3 = 0x146
                0x00000148                __ADC12MEM4 = 0x148
                0x0000014a                __ADC12MEM5 = 0x14a
                0x0000014c                __ADC12MEM6 = 0x14c
                0x0000014e                __ADC12MEM7 = 0x14e
                0x00000150                __ADC12MEM8 = 0x150
                0x00000152                __ADC12MEM9 = 0x152
                0x00000154                __ADC12MEM10 = 0x154
                0x00000156                __ADC12MEM11 = 0x156
                0x00000158                __ADC12MEM12 = 0x158
                0x0000015a                __ADC12MEM13 = 0x15a
                0x0000015c                __ADC12MEM14 = 0x15c
                0x0000015e                __ADC12MEM15 = 0x15e
                0x00000080                __ADC12MCTL0 = 0x80
                0x00000081                __ADC12MCTL1 = 0x81
                0x00000082                __ADC12MCTL2 = 0x82
                0x00000083                __ADC12MCTL3 = 0x83
                0x00000084                __ADC12MCTL4 = 0x84
                0x00000085                __ADC12MCTL5 = 0x85
                0x00000086                __ADC12MCTL6 = 0x86
                0x00000087                __ADC12MCTL7 = 0x87
                0x00000088                __ADC12MCTL8 = 0x88
                0x00000089                __ADC12MCTL9 = 0x89
                0x0000008a                __ADC12MCTL10 = 0x8a
                0x0000008b                __ADC12MCTL11 = 0x8b
                0x0000008c                __ADC12MCTL12 = 0x8c
                0x0000008d                __ADC12MCTL13 = 0x8d
                0x0000008e                __ADC12MCTL14 = 0x8e
                0x0000008f                __ADC12MCTL15 = 0x8f
                0x00000056                __DCOCTL = 0x56
                0x00000057                __BCSCTL1 = 0x57
                0x00000058                __BCSCTL2 = 0x58
                0x00000053                __BCSCTL3 = 0x53
                0x00000059                __CACTL1 = 0x59
                0x0000005a                __CACTL2 = 0x5a
                0x0000005b                __CAPD = 0x5b
                0x000001c0                __DAC12_0CTL = 0x1c0
                0x000001c2                __DAC12_1CTL = 0x1c2
                0x000001c8                __DAC12_0DAT = 0x1c8
                0x000001ca                __DAC12_1DAT = 0x1ca
                0x00000122                __DMACTL0 = 0x122
                0x00000124                __DMACTL1 = 0x124
                0x00000126                __DMAIV = 0x126
                0x000001d0                __DMA0CTL = 0x1d0
                0x000001dc                __DMA1CTL = 0x1dc
                0x000001e8                __DMA2CTL = 0x1e8
                0x000001d2                __DMA0SA = 0x1d2
                0x000001d2                __DMA0SAL = 0x1d2
                0x000001d6                __DMA0DA = 0x1d6
                0x000001d6                __DMA0DAL = 0x1d6
                0x000001da                __DMA0SZ = 0x1da
                0x000001de                __DMA1SA = 0x1de
                0x000001de                __DMA1SAL = 0x1de
                0x000001e2                __DMA1DA = 0x1e2
                0x000001e2                __DMA1DAL = 0x1e2
                0x000001e6                __DMA1SZ = 0x1e6
                0x000001ea                __DMA2SA = 0x1ea
                0x000001ea                __DMA2SAL = 0x1ea
                0x000001ee                __DMA2DA = 0x1ee
                0x000001ee                __DMA2DAL = 0x1ee
                0x000001f2                __DMA2SZ = 0x1f2
                0x00000128                __FCTL1 = 0x128
                0x0000012a                __FCTL2 = 0x12a
                0x0000012c                __FCTL3 = 0x12c
                0x000001be                __FCTL4 = 0x1be
                0x00000130                __MPY = 0x130
                0x00000132                __MPYS = 0x132
                0x00000134                __MAC = 0x134
                0x00000136                __MACS = 0x136
                0x00000138                __OP2 = 0x138
                0x0000013a                __RESLO = 0x13a
                0x0000013c                __RESHI = 0x13c
                0x0000013e                __SUMEXT = 0x13e
                0x00000020                __P1IN = 0x20
                0x00000021                __P1OUT = 0x21
                0x00000022                __P1DIR = 0x22
                0x00000023                __P1IFG = 0x23
                0x00000024                __P1IES = 0x24
                0x00000025                __P1IE = 0x25
                0x00000026                __P1SEL = 0x26
                0x00000027                __P1REN = 0x27
                0x00000028                __P2IN = 0x28
                0x00000029                __P2OUT = 0x29
                0x0000002a                __P2DIR = 0x2a
                0x0000002b                __P2IFG = 0x2b
                0x0000002c                __P2IES = 0x2c
                0x0000002d                __P2IE = 0x2d
                0x0000002e                __P2SEL = 0x2e
                0x0000002f                __P2REN = 0x2f
                0x00000018                __P3IN = 0x18
                0x00000019                __P3OUT = 0x19
                0x0000001a                __P3DIR = 0x1a
                0x0000001b                __P3SEL = 0x1b
                0x00000010                __P3REN = 0x10
                0x0000001c                __P4IN = 0x1c
                0x0000001d                __P4OUT = 0x1d
                0x0000001e                __P4DIR = 0x1e
                0x0000001f                __P4SEL = 0x1f
                0x00000011                __P4REN = 0x11
                0x00000030                __P5IN = 0x30
                0x00000031                __P5OUT = 0x31
                0x00000032                __P5DIR = 0x32
                0x00000033                __P5SEL = 0x33
                0x00000012                __P5REN = 0x12
                0x00000034                __P6IN = 0x34
                0x00000035                __P6OUT = 0x35
                0x00000036                __P6DIR = 0x36
                0x00000037                __P6SEL = 0x37
                0x00000013                __P6REN = 0x13
                0x00000038                __P7IN = 0x38
                0x0000003a                __P7OUT = 0x3a
                0x0000003c                __P7DIR = 0x3c
                0x0000003e                __P7SEL = 0x3e
                0x00000014                __P7REN = 0x14
                0x00000039                __P8IN = 0x39
                0x0000003b                __P8OUT = 0x3b
                0x0000003d                __P8DIR = 0x3d
                0x0000003f                __P8SEL = 0x3f
                0x00000015                __P8REN = 0x15
                0x00000038                __PAIN = 0x38
                0x0000003a                __PAOUT = 0x3a
                0x0000003c                __PADIR = 0x3c
                0x0000003e                __PASEL = 0x3e
                0x00000014                __PAREN = 0x14
                0x00000055                __SVSCTL = 0x55
                0x0000012e                __TAIV = 0x12e
                0x00000160                __TACTL = 0x160
                0x00000162                __TACCTL0 = 0x162
                0x00000164                __TACCTL1 = 0x164
                0x00000166                __TACCTL2 = 0x166
                0x00000170                __TAR = 0x170
                0x00000172                __TACCR0 = 0x172
                0x00000174                __TACCR1 = 0x174
                0x00000176                __TACCR2 = 0x176
                0x0000011e                __TBIV = 0x11e
                0x00000180                __TBCTL = 0x180
                0x00000182                __TBCCTL0 = 0x182
                0x00000184                __TBCCTL1 = 0x184
                0x00000186                __TBCCTL2 = 0x186
                0x00000188                __TBCCTL3 = 0x188
                0x0000018a                __TBCCTL4 = 0x18a
                0x0000018c                __TBCCTL5 = 0x18c
                0x0000018e                __TBCCTL6 = 0x18e
                0x00000190                __TBR = 0x190
                0x00000192                __TBCCR0 = 0x192
                0x00000194                __TBCCR1 = 0x194
                0x00000196                __TBCCR2 = 0x196
                0x00000198                __TBCCR3 = 0x198
                0x0000019a                __TBCCR4 = 0x19a
                0x0000019c                __TBCCR5 = 0x19c
                0x0000019e                __TBCCR6 = 0x19e
                0x00000060                __UCA0CTL0 = 0x60
                0x00000061                __UCA0CTL1 = 0x61
                0x00000062                __UCA0BR0 = 0x62
                0x00000063                __UCA0BR1 = 0x63
                0x00000064                __UCA0MCTL = 0x64
                0x00000065                __UCA0STAT = 0x65
                0x00000066                __UCA0RXBUF = 0x66
                0x00000067                __UCA0TXBUF = 0x67
                0x0000005d                __UCA0ABCTL = 0x5d
                0x0000005e                __UCA0IRTCTL = 0x5e
                0x0000005f                __UCA0IRRCTL = 0x5f
                0x00000068                __UCB0CTL0 = 0x68
                0x00000069                __UCB0CTL1 = 0x69
                0x0000006a                __UCB0BR0 = 0x6a
                0x0000006b                __UCB0BR1 = 0x6b
                0x0000006c                __UCB0I2CIE = 0x6c
                0x0000006d                __UCB0STAT = 0x6d
                0x0000006e                __UCB0RXBUF = 0x6e
                0x0000006f                __UCB0TXBUF = 0x6f
                0x00000118                __UCB0I2COA = 0x118
                0x0000011a                __UCB0I2CSA = 0x11a
                0x000000d0                __UCA1CTL0 = 0xd0
                0x000000d1                __UCA1CTL1 = 0xd1
                0x000000d2                __UCA1BR0 = 0xd2
                0x000000d3                __UCA1BR1 = 0xd3
                0x000000d4                __UCA1MCTL = 0xd4
                0x000000d5                __UCA1STAT = 0xd5
                0x000000d6                __UCA1RXBUF = 0xd6
                0x000000d7                __UCA1TXBUF = 0xd7
                0x000000cd                __UCA1ABCTL = 0xcd
                0x000000ce                __UCA1IRTCTL = 0xce
                0x000000cf                __UCA1IRRCTL = 0xcf
                0x000000d8                __UCB1CTL0 = 0xd8
                0x000000d9                __UCB1CTL1 = 0xd9
                0x000000da                __UCB1BR0 = 0xda
                0x000000db                __UCB1BR1 = 0xdb
                0x000000dc                __UCB1I2CIE = 0xdc
                0x000000dd                __UCB1STAT = 0xdd
                0x000000de                __UCB1RXBUF = 0xde
                0x000000df                __UCB1TXBUF = 0xdf
                0x0000017c                __UCB1I2COA = 0x17c
                0x0000017e                __UCB1I2CSA = 0x17e
                0x00000120                __WDTCTL = 0x120
                0x000010c0                __TLV_CHECKSUM = 0x10c0
                0x000010f6                __TLV_DCO_30_TAG = 0x10f6
                0x000010f7                __TLV_DCO_30_LEN = 0x10f7
                0x000010da                __TLV_ADC12_1_TAG = 0x10da
                0x000010db                __TLV_ADC12_1_LEN = 0x10db
                0x000010f8                __CALDCO_16MHZ = 0x10f8
                0x000010f9                __CALBC1_16MHZ = 0x10f9
                0x000010fa                __CALDCO_12MHZ = 0x10fa
                0x000010fb                __CALBC1_12MHZ = 0x10fb
                0x000010fc                __CALDCO_8MHZ = 0x10fc
                0x000010fd                __CALBC1_8MHZ = 0x10fd
                0x000010fe                __CALDCO_1MHZ = 0x10fe
                0x000010ff                __CALBC1_1MHZ = 0x10ff

.hash
 *(.hash)

.dynsym
 *(.dynsym)

.dynstr
 *(.dynstr)

.gnu.version
 *(.gnu.version)

.gnu.version_d
 *(.gnu.version_d)

.gnu.version_r
 *(.gnu.version_r)

.rel.init
 *(.rel.init)

.rela.init
 *(.rela.init)

.rel.fini
 *(.rel.fini)

.rela.fini
 *(.rela.fini)

.rel.text
 *(.rel.text .rel.text.* .rel.gnu.linkonce.t.*)

.rela.text
 *(.rela.text .rela.text.* .rela.gnu.linkonce.t.*)

.rel.rodata
 *(.rel.rodata .rel.rodata.* .rel.gnu.linkonce.r.*)

.rela.rodata
 *(.rela.rodata .rela.rodata.* .rela.gnu.linkonce.r.*)

.rel.data
 *(.rel.data .rel.data.* .rel.gnu.linkonce.d.*)

.rela.data
 *(.rela.data .rela.data.* .rela.gnu.linkonce.d.*)

.rel.bss
 *(.rel.bss .rel.bss.* .rel.gnu.linkonce.b.*)

.rela.bss
 *(.rela.bss .rela.bss.* .rela.gnu.linkonce.b.*)

.rel.ctors
 *(.rel.ctors)

.rela.ctors
 *(.rela.ctors)

.rel.dtors
 *(.rel.dtors)

.rela.dtors
 *(.rela.dtors)

.rel.got
 *(.rel.got)

.rela.got
 *(.rela.got)

.rel.plt
 *(.rel.plt)

.rela.plt
 *(.rela.plt)

.text           0x00003100     0xc1dc
                0x00003100                . = ALIGN (0x2)
 *(.init .init.*)
 *(.init0)
 .init0         0x00003100        0x0 /usr/local/msp430/bin/../lib/gcc/msp430/4.7.0/mcpu-430x/mmpy-16/msr20/mc20/libcrt0.a(_reset_vector__.o)
                0x00003100                _reset_vector__
 *(.init1)
 .init1         0x00003100        0xc /usr/local/msp430/bin/../lib/gcc/msp430/4.7.0/mcpu-430x/mmpy-16/msr20/mc20/libcrt0.a(__watchdog_support.o)
                0x00003100                __watchdog_support
 *(.init2)
 .init2         0x0000310c        0x4 /usr/local/msp430/bin/../lib/gcc/msp430/4.7.0/mcpu-430x/mmpy-16/msr20/mc20/libcrt0.a(__init_stack.o)
                0x0000310c                __init_stack
 *(.init3)
 .init3         0x00003110        0x0 /usr/local/msp430/bin/../lib/gcc/msp430/4.7.0/mcpu-430x/mmpy-16/msr20/mc20/libcrt0.a(__low_level_init.o)
                0x00003110                __low_level_init
 *(.init4)
 .init4         0x00003110       0x18 /usr/local/msp430/bin/../lib/gcc/msp430/4.7.0/mcpu-430x/mmpy-16/msr20/mc20/libcrt0.a(_copy_data.o)
                0x00003110                __do_copy_data
 .init4         0x00003128       0x16 /usr/local/msp430/bin/../lib/gcc/msp430/4.7.0/mcpu-430x/mmpy-16/msr20/mc20/libcrt0.a(_clear_bss.o)
                0x00003128                __do_clear_bss
 *(.init5)
 *(.init6)
 *(.init7)
 *(.init8)
 *(.init9)
 .init9         0x0000313e      0x35c obj_z1/contiki-z1-main.o
                0x0000313e                main
 *(.fini9)
 .fini9         0x0000349a        0x0 /usr/local/msp430/bin/../lib/gcc/msp430/4.7.0/mcpu-430x/mmpy-16/msr20/mc20/libcrt0.a(__stop_progExec__.o)
                0x0000349a                __stop_progExec__
 *(.fini8)
 *(.fini7)
 *(.fini6)
 *(.fini5)
 *(.fini4)
 *(.fini3)
 *(.fini2)
 *(.fini1)
 *(.fini0)
 .fini0         0x0000349a        0x6 /usr/local/msp430/bin/../lib/gcc/msp430/4.7.0/mcpu-430x/mmpy-16/msr20/mc20/libcrt0.a(_endless_loop__.o)
                0x0000349a                _endless_loop__
 *(.fini .fini.*)
                0x000034a0                . = ALIGN (0x2)
                0x000034a0                __ctors_start = .
 *(.ctors)
                0x000034a0                __ctors_end = .
                0x000034a0                __dtors_start = .
 *(.dtors)
                0x000034a0                __dtors_end = .
                0x000034a0                . = ALIGN (0x2)
 *(.text .text.* .gnu.linkonce.t.*)
 .text          0x000034a0        0x4 /usr/local/msp430/bin/../lib/gcc/msp430/4.7.0/mcpu-430x/mmpy-16/msr20/mc20/crt0ivtbl32.o
                0x000034a0                __isr_14
                0x000034a0                __isr_4
                0x000034a0                __isr_29
                0x000034a0                __isr_11
                0x000034a0                __isr_5
                0x000034a0                __isr_2
                0x000034a0                __isr_10
                0x000034a0                __isr_7
                0x000034a0                __isr_0
                0x000034a0                __isr_28
                0x000034a0                __isr_8
                0x000034a0                __isr_20
                0x000034a0                __isr_3
                0x000034a0                __isr_12
                0x000034a0                __isr_13
                0x000034a0                __isr_27
                0x000034a0                __isr_9
                0x000034a0                __isr_30
                0x000034a0                __isr_6
                0x000034a0                __isr_22
                0x000034a0                __isr_1
                0x000034a0                __isr_15
                0x000034a0                __isr_21
 .text.libgcc   0x000034a4       0x26 /usr/local/msp430/bin/../lib/gcc/msp430/4.7.0/mcpu-430x/mmpy-16/msr20/mc20/libgcc.a(_mulsi3.o)
                0x000034a4                __mulsi3
 .text.libgcc   0x000034ca       0x22 /usr/local/msp430/bin/../lib/gcc/msp430/4.7.0/mcpu-430x/mmpy-16/msr20/mc20/libgcc.a(_udivmod16.o)
                0x000034ca                __udivhi3
                0x000034ca                __ext_udivmod16
                0x000034e4                __umodhi3
 .text.libgcc   0x000034ec       0x3a /usr/local/msp430/bin/../lib/gcc/msp430/4.7.0/mcpu-430x/mmpy-16/msr20/mc20/libgcc.a(_divmod16.o)
                0x000034ec                __ext_divmod16
                0x000034ec                __divhi3
                0x0000351e                __modhi3
 .text.libgcc   0x00003526       0x38 /usr/local/msp430/bin/../lib/gcc/msp430/4.7.0/mcpu-430x/mmpy-16/msr20/mc20/libgcc.a(_udivmod32.o)
                0x00003526                __udivsi3
                0x00003526                __ext_udivmod32
                0x00003554                __umodsi3
 .text.libgcc   0x0000355e       0x4c /usr/local/msp430/bin/../lib/gcc/msp430/4.7.0/mcpu-430x/mmpy-16/msr20/mc20/libgcc.a(_divmod32.o)
                0x0000355e                __ext_divmod32
                0x0000355e                __divsi3
                0x000035a0                __modsi3
 .text          0x000035aa       0x3c /usr/local/msp430/bin/../lib/gcc/msp430/4.7.0/mcpu-430x/mmpy-16/msr20/mc20/libgcc.a(_fixunssfsi.o)
                0x000035aa                __fixunssfsi
 .text          0x000035e6      0x2f0 /usr/local/msp430/bin/../lib/gcc/msp430/4.7.0/mcpu-430x/mmpy-16/msr20/mc20/libgcc.a(_addsub_sf.o)
                0x0000383a                __addsf3
                0x00003886                __subsf3
 .text          0x000038d6      0x1f2 /usr/local/msp430/bin/../lib/gcc/msp430/4.7.0/mcpu-430x/mmpy-16/msr20/mc20/libgcc.a(_mul_sf.o)
                0x000038d6                __mulsf3
 .text          0x00003ac8      0x142 /usr/local/msp430/bin/../lib/gcc/msp430/4.7.0/mcpu-430x/mmpy-16/msr20/mc20/libgcc.a(_div_sf.o)
                0x00003ac8                __divsf3
 .text          0x00003c0a       0x4e /usr/local/msp430/bin/../lib/gcc/msp430/4.7.0/mcpu-430x/mmpy-16/msr20/mc20/libgcc.a(_ge_sf.o)
                0x00003c0a                __gesf2
 .text          0x00003c58       0x8c /usr/local/msp430/bin/../lib/gcc/msp430/4.7.0/mcpu-430x/mmpy-16/msr20/mc20/libgcc.a(_sf_to_si.o)
                0x00003c58                __fixsfsi
 .text          0x00003ce4       0xe4 /usr/local/msp430/bin/../lib/gcc/msp430/4.7.0/mcpu-430x/mmpy-16/msr20/mc20/libgcc.a(_usi_to_sf.o)
                0x00003ce4                __floatunsisf
 .text          0x00003dc8       0x6a /usr/local/msp430/bin/../lib/gcc/msp430/4.7.0/mcpu-430x/mmpy-16/msr20/mc20/libgcc.a(_clzsi2.o)
                0x00003dc8                __clzsi2
 .text          0x00003e32      0x1c8 /usr/local/msp430/bin/../lib/gcc/msp430/4.7.0/mcpu-430x/mmpy-16/msr20/mc20/libgcc.a(_pack_sf.o)
                0x00003e32                __pack_f
 .text          0x00003ffa      0x10c /usr/local/msp430/bin/../lib/gcc/msp430/4.7.0/mcpu-430x/mmpy-16/msr20/mc20/libgcc.a(_unpack_sf.o)
                0x00003ffa                __unpack_f
 .text          0x00004106       0xa4 /usr/local/msp430/bin/../lib/gcc/msp430/4.7.0/mcpu-430x/mmpy-16/msr20/mc20/libgcc.a(_fpcmp_parts_sf.o)
                0x00004106                __fpcmp_parts_f
 .text.atol     0x000041aa        0xc /usr/local/msp430/bin/../lib/gcc/msp430/4.7.0/../../../../msp430/lib/mcpu-430x/mmpy-16/msr20/mc20/libc.a(atol.o)
                0x000041aa                atol
 .text.atoi     0x000041b6       0x82 /usr/local/msp430/bin/../lib/gcc/msp430/4.7.0/../../../../msp430/lib/mcpu-430x/mmpy-16/msr20/mc20/libc.a(atoi.o)
                0x000041b6                atoi
 .text.strtol   0x00004238      0x186 /usr/local/msp430/bin/../lib/gcc/msp430/4.7.0/../../../../msp430/lib/mcpu-430x/mmpy-16/msr20/mc20/libc.a(strtol.o)
                0x00004238                strtol
 .text.printf   0x000043be       0x10 /usr/local/msp430/bin/../lib/gcc/msp430/4.7.0/../../../../msp430/lib/mcpu-430x/mmpy-16/msr20/mc20/libc.a(printf.o)
                0x000043be                printf
 .text.append   0x000043ce       0x22 /usr/local/msp430/bin/../lib/gcc/msp430/4.7.0/../../../../msp430/lib/mcpu-430x/mmpy-16/msr20/mc20/libc.a(sprintf.o)
 .text.call_vuprintf
                0x000043f0       0x36 /usr/local/msp430/bin/../lib/gcc/msp430/4.7.0/../../../../msp430/lib/mcpu-430x/mmpy-16/msr20/mc20/libc.a(sprintf.o)
 .text.sprintf  0x00004426       0x1a /usr/local/msp430/bin/../lib/gcc/msp430/4.7.0/../../../../msp430/lib/mcpu-430x/mmpy-16/msr20/mc20/libc.a(sprintf.o)
                0x00004426                sprintf
 .text.snprintf
                0x00004440       0x1c /usr/local/msp430/bin/../lib/gcc/msp430/4.7.0/../../../../msp430/lib/mcpu-430x/mmpy-16/msr20/mc20/libc.a(sprintf.o)
                0x00004440                snprintf
 .text.print_field
                0x0000445c      0x176 /usr/local/msp430/bin/../lib/gcc/msp430/4.7.0/../../../../msp430/lib/mcpu-430x/mmpy-16/msr20/mc20/libc.a(vuprintf.o)
 .text.vuprintf
                0x000045d2      0x74c /usr/local/msp430/bin/../lib/gcc/msp430/4.7.0/../../../../msp430/lib/mcpu-430x/mmpy-16/msr20/mc20/libc.a(vuprintf.o)
                0x000045d2                vuprintf
 .text.puts     0x00004d1e       0x2c /usr/local/msp430/bin/../lib/gcc/msp430/4.7.0/../../../../msp430/lib/mcpu-430x/mmpy-16/msr20/mc20/libc.a(puts.o)
                0x00004d1e                puts
 .text.rand     0x00004d4a       0x26 /usr/local/msp430/bin/../lib/gcc/msp430/4.7.0/../../../../msp430/lib/mcpu-430x/mmpy-16/msr20/mc20/libc.a(rand.o)
                0x00004d4a                rand
 .text.srand    0x00004d70        0xa /usr/local/msp430/bin/../lib/gcc/msp430/4.7.0/../../../../msp430/lib/mcpu-430x/mmpy-16/msr20/mc20/libc.a(rand.o)
                0x00004d70                srand
 .text.strchr   0x00004d7a       0x16 /usr/local/msp430/bin/../lib/gcc/msp430/4.7.0/../../../../msp430/lib/mcpu-430x/mmpy-16/msr20/mc20/libc.a(strchr.o)
                0x00004d7a                strchr
 .text.memchr   0x00004d90       0x1e /usr/local/msp430/bin/../lib/gcc/msp430/4.7.0/../../../../msp430/lib/mcpu-430x/mmpy-16/msr20/mc20/libc.a(memchr.o)
                0x00004d90                memchr
 .text.strcmp   0x00004dae       0x1e /usr/local/msp430/bin/../lib/gcc/msp430/4.7.0/../../../../msp430/lib/mcpu-430x/mmpy-16/msr20/mc20/libc.a(strcmp.o)
                0x00004dae                strcmp
 .text.strncmp  0x00004dcc       0x2a /usr/local/msp430/bin/../lib/gcc/msp430/4.7.0/../../../../msp430/lib/mcpu-430x/mmpy-16/msr20/mc20/libc.a(strncmp.o)
                0x00004dcc                strncmp
 .text.memcmp   0x00004df6       0x2c /usr/local/msp430/bin/../lib/gcc/msp430/4.7.0/../../../../msp430/lib/mcpu-430x/mmpy-16/msr20/mc20/libc.a(memcmp.o)
                0x00004df6                memcmp
 .text.memcpy   0x00004e22       0xe8 /usr/local/msp430/bin/../lib/gcc/msp430/4.7.0/../../../../msp430/lib/mcpu-430x/mmpy-16/msr20/mc20/libc.a(memcpy.o)
                0x00004e22                memcpy
 .text.memmove  0x00004f0a       0xe8 /usr/local/msp430/bin/../lib/gcc/msp430/4.7.0/../../../../msp430/lib/mcpu-430x/mmpy-16/msr20/mc20/libc.a(memmove.o)
                0x00004f0a                memmove
 .text.memset   0x00004ff2       0x5c /usr/local/msp430/bin/../lib/gcc/msp430/4.7.0/../../../../msp430/lib/mcpu-430x/mmpy-16/msr20/mc20/libc.a(memset.o)
                0x00004ff2                memset
 .text.strstr   0x0000504e       0x44 /usr/local/msp430/bin/../lib/gcc/msp430/4.7.0/../../../../msp430/lib/mcpu-430x/mmpy-16/msr20/mc20/libc.a(strstr.o)
                0x0000504e                strstr
 .text.strcat   0x00005092       0x1a /usr/local/msp430/bin/../lib/gcc/msp430/4.7.0/../../../../msp430/lib/mcpu-430x/mmpy-16/msr20/mc20/libc.a(strcat.o)
                0x00005092                strcat
 .text.ldiv     0x000050ac       0x12 /usr/local/msp430/bin/../lib/gcc/msp430/4.7.0/../../../../msp430/lib/mcpu-430x/mmpy-16/msr20/mc20/libc.a(ldiv.o)
                0x000050ac                ldiv
 .text.libgcc   0x000050be       0xbc /usr/local/msp430/bin/../lib/gcc/msp430/4.7.0/mcpu-430x/mmpy-16/msr20/mc20/libgcc.a(_udivmod64.o)
                0x000050be                __xabi_udivmod64
                0x00005110                __udivdi3
                0x0000512a                __umoddi3
                0x0000514c                __udivmoddi4
 .text.crt0     0x0000517a        0x2 /usr/local/msp430/bin/../lib/gcc/msp430/4.7.0/mcpu-430x/mmpy-16/msr20/mc20/libcrt0.a(_unexpected_.o)
                0x0000517a                _unexpected_
 *(.near.text .near.text.*)
 .near.text.watchdog_interrupt
                0x0000517c        0x6 contiki-z1.a(watchdog.o)
                0x0000517c                __isr_26
                0x0000517c                watchdog_interrupt
 .near.text.irq_p2
                0x00005182       0x76 contiki-z1.a(button-sensor.o)
                0x00005182                irq_p2
                0x00005182                __isr_19
 .near.text.uart0_rx_interrupt
                0x000051f8       0x64 contiki-z1.a(uart0.o)
                0x000051f8                __isr_23
                0x000051f8                uart0_rx_interrupt
 .near.text.port1_isr
                0x0000525c       0xbe contiki-z1.a(adxl345.o)
                0x0000525c                port1_isr
                0x0000525c                __isr_18
 .near.text.timera1
                0x0000531a      0x10a contiki-z1.a(clock.o)
                0x0000531a                __isr_24
                0x0000531a                timera1
 .near.text.timera0
                0x00005424       0x5c contiki-z1.a(rtimer-arch.o)
                0x00005424                __isr_25
                0x00005424                timera0
 .near.text.i2c_tx_interrupt
                0x00005480       0x84 contiki-z1.a(i2cmaster.o)
                0x00005480                __isr_16
                0x00005480                i2c_tx_interrupt
 .near.text.i2c_rx_interrupt
                0x00005504       0x14 contiki-z1.a(i2cmaster.o)
                0x00005504                i2c_rx_interrupt
                0x00005504                __isr_17
 .any.text.randr
                0x00005518       0x5e proxy.co
                0x00005518                randr
 .any.text.process_thread_proxy_server_process
                0x00005576      0x108 proxy.co
 .any.text.event_handler
                0x0000567e        0x2 obj_z1/proxy-resource.o
 .any.text.res_get_handler
                0x00005680      0x160 obj_z1/proxy-resource.o
 .any.text.res_post_handler
                0x000057e0      0x24a obj_z1/proxy-resource.o
 .any.text.update_payload
                0x00005a2a       0x8e obj_z1/proxy-resource.o
 .any.text.remove_object_list
                0x00005ab8       0x6c obj_z1/proxy-resource.o
 .any.text.notification_callback
                0x00005b24       0xf2 obj_z1/proxy-resource.o
 .any.text.coap_parse_int_option
                0x00005c16       0x36 contiki-z1.a(er-coap.o)
 .any.text.coap_get_variable
                0x00005c4c       0x78 contiki-z1.a(er-coap.o)
 .any.text.coap_merge_multi_option
                0x00005cc4       0x3a contiki-z1.a(er-coap.o)
 .any.text.coap_set_option_header
                0x00005cfe       0x98 contiki-z1.a(er-coap.o)
 .any.text.coap_serialize_int_option
                0x00005d96       0xbe contiki-z1.a(er-coap.o)
 .any.text.coap_serialize_array_option.part.0
                0x00005e54       0x28 contiki-z1.a(er-coap.o)
 .any.text.coap_serialize_array_option
                0x00005e7c       0x82 contiki-z1.a(er-coap.o)
 .any.text.coap_init_connection
                0x00005efe       0x22 contiki-z1.a(er-coap.o)
                0x00005efe                coap_init_connection
 .any.text.coap_get_mid
                0x00005f20        0xc contiki-z1.a(er-coap.o)
                0x00005f20                coap_get_mid
 .any.text.coap_init_message
                0x00005f2c       0x24 contiki-z1.a(er-coap.o)
                0x00005f2c                coap_init_message
 .any.text.coap_serialize_message
                0x00005f50      0x3ba contiki-z1.a(er-coap.o)
                0x00005f50                coap_serialize_message
 .any.text.coap_send_message
                0x0000630a       0x3e contiki-z1.a(er-coap.o)
                0x0000630a                coap_send_message
 .any.text.coap_parse_message
                0x00006348      0x468 contiki-z1.a(er-coap.o)
                0x00006348                coap_parse_message
 .any.text.coap_get_query_variable
                0x000067b0       0x1c contiki-z1.a(er-coap.o)
                0x000067b0                coap_get_query_variable
 .any.text.coap_get_post_variable
                0x000067cc       0x20 contiki-z1.a(er-coap.o)
                0x000067cc                coap_get_post_variable
 .any.text.coap_set_status_code
                0x000067ec       0x12 contiki-z1.a(er-coap.o)
                0x000067ec                coap_set_status_code
 .any.text.coap_set_token
                0x000067fe       0x24 contiki-z1.a(er-coap.o)
                0x000067fe                coap_set_token
 .any.text.coap_get_header_content_format
                0x00006822       0x16 contiki-z1.a(er-coap.o)
                0x00006822                coap_get_header_content_format
 .any.text.coap_set_header_content_format
                0x00006838        0xe contiki-z1.a(er-coap.o)
                0x00006838                coap_set_header_content_format
 .any.text.coap_get_header_accept
                0x00006846       0x14 contiki-z1.a(er-coap.o)
                0x00006846                coap_get_header_accept
 .any.text.coap_get_header_max_age
                0x0000685a       0x24 contiki-z1.a(er-coap.o)
                0x0000685a                coap_get_header_max_age
 .any.text.coap_set_header_max_age
                0x0000687e       0x12 contiki-z1.a(er-coap.o)
                0x0000687e                coap_set_header_max_age
 .any.text.coap_set_header_etag
                0x00006890       0x2a contiki-z1.a(er-coap.o)
                0x00006890                coap_set_header_etag
 .any.text.coap_get_header_if_match
                0x000068ba       0x1a contiki-z1.a(er-coap.o)
                0x000068ba                coap_get_header_if_match
 .any.text.coap_get_header_if_none_match
                0x000068d4        0xc contiki-z1.a(er-coap.o)
                0x000068d4                coap_get_header_if_none_match
 .any.text.coap_get_header_uri_host
                0x000068e0       0x16 contiki-z1.a(er-coap.o)
                0x000068e0                coap_get_header_uri_host
 .any.text.coap_get_header_uri_path
                0x000068f6       0x16 contiki-z1.a(er-coap.o)
                0x000068f6                coap_get_header_uri_path
 .any.text.coap_set_header_uri_path
                0x0000690c       0x2a contiki-z1.a(er-coap.o)
                0x0000690c                coap_set_header_uri_path
 .any.text.coap_get_header_uri_query
                0x00006936       0x16 contiki-z1.a(er-coap.o)
                0x00006936                coap_get_header_uri_query
 .any.text.coap_set_header_location_query
                0x0000694c       0x2c contiki-z1.a(er-coap.o)
                0x0000694c                coap_set_header_location_query
 .any.text.coap_set_header_location_path
                0x00006978       0x5a contiki-z1.a(er-coap.o)
                0x00006978                coap_set_header_location_path
 .any.text.coap_get_header_observe
                0x000069d2       0x1c contiki-z1.a(er-coap.o)
                0x000069d2                coap_get_header_observe
 .any.text.coap_set_header_observe
                0x000069ee       0x12 contiki-z1.a(er-coap.o)
                0x000069ee                coap_set_header_observe
 .any.text.coap_get_header_block2
                0x00006a00       0x4c contiki-z1.a(er-coap.o)
                0x00006a00                coap_get_header_block2
 .any.text.coap_set_header_block2
                0x00006a4c       0x42 contiki-z1.a(er-coap.o)
                0x00006a4c                coap_set_header_block2
 .any.text.coap_get_header_size2
                0x00006a8e       0x1c contiki-z1.a(er-coap.o)
                0x00006a8e                coap_get_header_size2
 .any.text.coap_set_header_size2
                0x00006aaa       0x12 contiki-z1.a(er-coap.o)
                0x00006aaa                coap_set_header_size2
 .any.text.coap_get_payload
                0x00006abc       0x1a contiki-z1.a(er-coap.o)
                0x00006abc                coap_get_payload
 .any.text.coap_set_payload
                0x00006ad6       0x16 contiki-z1.a(er-coap.o)
                0x00006ad6                coap_set_payload
 .any.text.coap_set_service_callback
                0x00006aec        0x6 contiki-z1.a(er-coap-engine.)
                0x00006aec                coap_set_service_callback
 .any.text.coap_get_rest_method
                0x00006af2       0x16 contiki-z1.a(er-coap-engine.)
                0x00006af2                coap_get_rest_method
 .any.text.process_thread_coap_engine
                0x00006b08      0x43e contiki-z1.a(er-coap-engine.)
 .any.text.coap_init_engine
                0x00006f46        0xc contiki-z1.a(er-coap-engine.)
                0x00006f46                coap_init_engine
 .any.text.coap_register_as_transaction_handler
                0x00006f52        0x8 contiki-z1.a(er-coap-transac)
                0x00006f52                coap_register_as_transaction_handler
 .any.text.coap_new_transaction
                0x00006f5a       0x46 contiki-z1.a(er-coap-transac)
                0x00006f5a                coap_new_transaction
 .any.text.coap_clear_transaction
                0x00006fa0       0x26 contiki-z1.a(er-coap-transac)
                0x00006fa0                coap_clear_transaction
 .any.text.coap_send_transaction
                0x00006fc6       0xac contiki-z1.a(er-coap-transac)
                0x00006fc6                coap_send_transaction
 .any.text.coap_get_transaction_by_mid
                0x00007072       0x1e contiki-z1.a(er-coap-transac)
                0x00007072                coap_get_transaction_by_mid
 .any.text.coap_check_transactions
                0x00007090       0x2e contiki-z1.a(er-coap-transac)
                0x00007090                coap_check_transactions
 .any.text.coap_remove_observer
                0x000070be       0x1c contiki-z1.a(er-coap-observe)
                0x000070be                coap_remove_observer
 .any.text.coap_remove_observer_by_client
                0x000070da       0x40 contiki-z1.a(er-coap-observe)
                0x000070da                coap_remove_observer_by_client
 .any.text.coap_remove_observer_by_token
                0x0000711a       0x5e contiki-z1.a(er-coap-observe)
                0x0000711a                coap_remove_observer_by_token
 .any.text.coap_remove_observer_by_uri
                0x00007178       0x6a contiki-z1.a(er-coap-observe)
                0x00007178                coap_remove_observer_by_uri
 .any.text.coap_add_observer
                0x000071e2       0x5c contiki-z1.a(er-coap-observe)
                0x000071e2                coap_add_observer
 .any.text.coap_remove_observer_by_mid
                0x0000723e       0x48 contiki-z1.a(er-coap-observe)
                0x0000723e                coap_remove_observer_by_mid
 .any.text.coap_notify_observers
                0x00007286       0xdc contiki-z1.a(er-coap-observe)
                0x00007286                coap_notify_observers
 .any.text.coap_observe_handler
                0x00007362       0xb6 contiki-z1.a(er-coap-observe)
                0x00007362                coap_observe_handler
 .any.text.well_known_core_get_handler
                0x00007418      0x25a contiki-z1.a(er-coap-res-wel)
                0x00007418                well_known_core_get_handler
 .any.text.simple_reply
                0x00007672       0x34 contiki-z1.a(er-coap-observe)
 .any.text.classify_notification
                0x000076a6       0x5a contiki-z1.a(er-coap-observe)
 .any.text.coap_obs_remove_observee
                0x00007700       0x36 contiki-z1.a(er-coap-observe)
                0x00007700                coap_obs_remove_observee
 .any.text.handle_obs_registration_response
                0x00007736       0x38 contiki-z1.a(er-coap-observe)
 .any.text.coap_get_obs_subject_by_token
                0x0000776e       0x4e contiki-z1.a(er-coap-observe)
                0x0000776e                coap_get_obs_subject_by_token
 .any.text.coap_obs_remove_observee_by_url
                0x000077bc       0x72 contiki-z1.a(er-coap-observe)
                0x000077bc                coap_obs_remove_observee_by_url
 .any.text.coap_obs_add_observee
                0x0000782e       0x80 contiki-z1.a(er-coap-observe)
                0x0000782e                coap_obs_add_observee
 .any.text.coap_handle_notification
                0x000078ae       0xbe contiki-z1.a(er-coap-observe)
                0x000078ae                coap_handle_notification
 .any.text.coap_generate_token
                0x0000796c        0xe contiki-z1.a(er-coap-observe)
                0x0000796c                coap_generate_token
 .any.text.coap_obs_request_registration
                0x0000797a       0xd4 contiki-z1.a(er-coap-observe)
                0x0000797a                coap_obs_request_registration
 .any.text.process_thread_rest_engine_process
                0x00007a4e       0xc0 contiki-z1.a(rest-engine.o)
 .any.text.rest_invoke_restful_service
                0x00007b0e      0x11c contiki-z1.a(rest-engine.o)
                0x00007b0e                rest_invoke_restful_service
 .any.text.rest_init_engine
                0x00007c2a       0x26 contiki-z1.a(rest-engine.o)
                0x00007c2a                rest_init_engine
 .any.text.rest_activate_resource
                0x00007c50       0x3e contiki-z1.a(rest-engine.o)
                0x00007c50                rest_activate_resource
 .any.text.rest_get_resources
                0x00007c8e        0x6 contiki-z1.a(rest-engine.o)
                0x00007c8e                rest_get_resources
 .any.text.purge_registrations
                0x00007c94       0x7a contiki-z1.a(servreg-hack.o)
 .any.text.servreg_hack_init
                0x00007d0e       0x2e contiki-z1.a(servreg-hack.o)
                0x00007d0e                servreg_hack_init
 .any.text.servreg_hack_register
                0x00007d3c       0x92 contiki-z1.a(servreg-hack.o)
                0x00007d3c                servreg_hack_register
 .any.text.servreg_hack_list_head
                0x00007dce        0xe contiki-z1.a(servreg-hack.o)
                0x00007dce                servreg_hack_list_head
 .any.text.process_thread_servreg_hack_process
                0x00007ddc      0x216 contiki-z1.a(servreg-hack.o)
 .any.text.init_platform
                0x00007ff2        0xc contiki-z1.a(contiki-z1-plat)
                0x00007ff2                init_platform
 .any.text.msp430_init_dco
                0x00007ffe       0x28 contiki-z1.a(msp430.o)
                0x00007ffe                msp430_init_dco
 .any.text.splhigh_
                0x00008026        0x8 contiki-z1.a(msp430.o)
                0x00008026                splhigh_
 .any.text.msp430_sync_dco
                0x0000802e       0x6e contiki-z1.a(msp430.o)
                0x0000802e                msp430_sync_dco
 .any.text.msp430_cpu_init
                0x0000809c       0x2a contiki-z1.a(msp430.o)
                0x0000809c                msp430_cpu_init
 .any.text.show_leds
                0x000080c6       0xe8 contiki-z1.a(leds.o)
 .any.text.leds_init
                0x000081ae        0xa contiki-z1.a(leds.o)
                0x000081ae                leds_init
 .any.text.leds_on
                0x000081b8        0xa contiki-z1.a(leds.o)
                0x000081b8                leds_on
 .any.text.leds_off
                0x000081c2        0xe contiki-z1.a(leds.o)
                0x000081c2                leds_off
 .any.text.watchdog_start
                0x000081d0       0x14 contiki-z1.a(watchdog.o)
                0x000081d0                watchdog_start
 .any.text.watchdog_periodic
                0x000081e4       0x12 contiki-z1.a(watchdog.o)
                0x000081e4                watchdog_periodic
 .any.text.watchdog_stop
                0x000081f6       0x16 contiki-z1.a(watchdog.o)
                0x000081f6                watchdog_stop
 .any.text.watchdog_init
                0x0000820c       0x12 contiki-z1.a(watchdog.o)
                0x0000820c                watchdog_init
 .any.text.wait_ready
                0x0000821e       0x46 contiki-z1.a(xmem.o)
 .any.text.xmem_init
                0x00008264       0x1e contiki-z1.a(xmem.o)
                0x00008264                xmem_init
 .any.text.xmem_pread
                0x00008282       0xc2 contiki-z1.a(xmem.o)
                0x00008282                xmem_pread
 .any.text.spi_init
                0x00008344       0x32 contiki-z1.a(spi.o)
                0x00008344                spi_init
 .any.text.get_object
                0x00008376        0x4 contiki-z1.a(cc2420.o)
 .any.text.set_object
                0x0000837a        0x4 contiki-z1.a(cc2420.o)
 .any.text.strobe
                0x0000837e       0x1a contiki-z1.a(cc2420.o)
 .any.text.getreg
                0x00008398       0x46 contiki-z1.a(cc2420.o)
 .any.text.setreg
                0x000083de       0x44 contiki-z1.a(cc2420.o)
 .any.text.write_ram
                0x00008422       0x72 contiki-z1.a(cc2420.o)
 .any.text.write_fifo_buf
                0x00008494       0x38 contiki-z1.a(cc2420.o)
 .any.text.get_status
                0x000084cc       0x1e contiki-z1.a(cc2420.o)
 .any.text.set_txpower
                0x000084ea       0x24 contiki-z1.a(cc2420.o)
 .any.text.cc2420_receiving_packet
                0x0000850e        0xa contiki-z1.a(cc2420.o)
 .any.text.pending_packet
                0x00008518        0xa contiki-z1.a(cc2420.o)
 .any.text.on   0x00008522       0x1e contiki-z1.a(cc2420.o)
 .any.text.wait_for_transmission
                0x00008540       0x22 contiki-z1.a(cc2420.o)
 .any.text.wait_for_status
                0x00008562       0x24 contiki-z1.a(cc2420.o)
 .any.text.getrxdata
                0x00008586       0x4c contiki-z1.a(cc2420.o)
 .any.text.flushrx
                0x000085d2       0x1a contiki-z1.a(cc2420.o)
 .any.text.off  0x000085ec       0x52 contiki-z1.a(cc2420.o)
 .any.text.RELEASE_LOCK
                0x0000863e       0x28 contiki-z1.a(cc2420.o)
 .any.text.cc2420_prepare
                0x00008666       0x38 contiki-z1.a(cc2420.o)
 .any.text.cc2420_on
                0x0000869e       0x22 contiki-z1.a(cc2420.o)
                0x0000869e                cc2420_on
 .any.text.cc2420_off
                0x000086c0       0x30 contiki-z1.a(cc2420.o)
                0x000086c0                cc2420_off
 .any.text.cc2420_cca
                0x000086f0       0x54 contiki-z1.a(cc2420.o)
 .any.text.cc2420_read
                0x00008744       0xa8 contiki-z1.a(cc2420.o)
 .any.text.process_thread_cc2420_process
                0x000087ec       0x54 contiki-z1.a(cc2420.o)
 .any.text.cc2420_set_channel
                0x00008840       0x3a contiki-z1.a(cc2420.o)
                0x00008840                cc2420_set_channel
 .any.text.cc2420_set_pan_addr
                0x0000887a       0x4c contiki-z1.a(cc2420.o)
                0x0000887a                cc2420_set_pan_addr
 .any.text.cc2420_interrupt
                0x000088c6       0x16 contiki-z1.a(cc2420.o)
                0x000088c6                cc2420_interrupt
 .any.text.cc2420_set_txpower
                0x000088dc        0xe contiki-z1.a(cc2420.o)
                0x000088dc                cc2420_set_txpower
 .any.text.cc2420_get_txpower
                0x000088ea       0x1e contiki-z1.a(cc2420.o)
                0x000088ea                cc2420_get_txpower
 .any.text.cc2420_transmit
                0x00008908      0x108 contiki-z1.a(cc2420.o)
 .any.text.cc2420_send
                0x00008a10       0x12 contiki-z1.a(cc2420.o)
 .any.text.cc2420_rssi
                0x00008a22       0x48 contiki-z1.a(cc2420.o)
                0x00008a22                cc2420_rssi
 .any.text.get_value
                0x00008a6a       0xa8 contiki-z1.a(cc2420.o)
 .any.text.cc2420_set_cca_threshold
                0x00008b12       0x16 contiki-z1.a(cc2420.o)
                0x00008b12                cc2420_set_cca_threshold
 .any.text.set_value
                0x00008b28       0x80 contiki-z1.a(cc2420.o)
 .any.text.cc2420_init
                0x00008ba8       0xd8 contiki-z1.a(cc2420.o)
                0x00008ba8                cc2420_init
 .any.text.cc2420_arch_init
                0x00008c80       0x1a contiki-z1.a(cc2420-arch.o)
                0x00008c80                cc2420_arch_init
 .any.text.node_id_restore
                0x00008c9a       0x4c contiki-z1.a(node-id.o)
                0x00008c9a                node_id_restore
 .any.text.process_thread_sensors_process
                0x00008ce6       0xc2 contiki-z1.a(sensors.o)
 .any.text.sensors_changed
                0x00008da8       0x2a contiki-z1.a(sensors.o)
                0x00008da8                sensors_changed
 .any.text.status
                0x00008dd2       0x18 contiki-z1.a(button-sensor.o)
 .any.text.value
                0x00008dea       0x20 contiki-z1.a(button-sensor.o)
 .any.text.configure
                0x00008e0a       0x4e contiki-z1.a(button-sensor.o)
 .any.text.uart0_active
                0x00008e58        0xe contiki-z1.a(uart0.o)
                0x00008e58                uart0_active
 .any.text.uart0_writeb
                0x00008e66       0x16 contiki-z1.a(uart0.o)
                0x00008e66                uart0_writeb
 .any.text.uart0_init
                0x00008e7c       0x40 contiki-z1.a(uart0.o)
                0x00008e7c                uart0_init
 .any.text.putchar
                0x00008ebc       0x10 contiki-z1.a(uart0-putchar.o)
                0x00008ebc                putchar
 .any.text.accm_write_reg
                0x00008ecc       0x2e contiki-z1.a(adxl345.o)
                0x00008ecc                accm_write_reg
 .any.text.accm_write_stream
                0x00008efa       0x2a contiki-z1.a(adxl345.o)
                0x00008efa                accm_write_stream
 .any.text.accm_read_reg
                0x00008f24       0x54 contiki-z1.a(adxl345.o)
                0x00008f24                accm_read_reg
 .any.text.process_thread_accmeter_process
                0x00008f78       0x56 contiki-z1.a(adxl345.o)
 .any.text.accm_init
                0x00008fce       0x8c contiki-z1.a(adxl345.o)
                0x00008fce                accm_init
 .any.text.clock_time
                0x0000905a       0x1a contiki-z1.a(clock.o)
                0x0000905a                clock_time
 .any.text.clock_init
                0x00009074       0x28 contiki-z1.a(clock.o)
                0x00009074                clock_init
 .any.text.clock_delay
                0x0000909c        0xc contiki-z1.a(clock.o)
                0x0000909c                clock_delay
 .any.text.clock_wait
                0x000090a8       0x24 contiki-z1.a(clock.o)
                0x000090a8                clock_wait
 .any.text.clock_seconds
                0x000090cc       0x1a contiki-z1.a(clock.o)
                0x000090cc                clock_seconds
 .any.text.leds_arch_init
                0x000090e6        0xe contiki-z1.a(leds-arch.o)
                0x000090e6                leds_arch_init
 .any.text.leds_arch_set
                0x000090f4       0x38 contiki-z1.a(leds-arch.o)
                0x000090f4                leds_arch_set
 .any.text.rtimer_arch_init
                0x0000912c        0xe contiki-z1.a(rtimer-arch.o)
                0x0000912c                rtimer_arch_init
 .any.text.rtimer_arch_now
                0x0000913a        0xe contiki-z1.a(rtimer-arch.o)
                0x0000913a                rtimer_arch_now
 .any.text.rtimer_arch_schedule
                0x00009148        0x6 contiki-z1.a(rtimer-arch.o)
                0x00009148                rtimer_arch_schedule
 .any.text.autostart_start
                0x0000914e       0x16 contiki-z1.a(autostart.o)
                0x0000914e                autostart_start
 .any.text.process_thread_ctimer_process
                0x00009164       0xa0 contiki-z1.a(ctimer.o)
 .any.text.ctimer_init
                0x00009204       0x18 contiki-z1.a(ctimer.o)
                0x00009204                ctimer_init
 .any.text.ctimer_set
                0x0000921c       0x48 contiki-z1.a(ctimer.o)
                0x0000921c                ctimer_set
 .any.text.ctimer_reset
                0x00009264       0x2c contiki-z1.a(ctimer.o)
                0x00009264                ctimer_reset
 .any.text.ctimer_stop
                0x00009290       0x28 contiki-z1.a(ctimer.o)
                0x00009290                ctimer_stop
 .any.text.energest_init
                0x000092b8       0x24 contiki-z1.a(energest.o)
                0x000092b8                energest_init
 .any.text.energest_type_time
                0x000092dc       0x3c contiki-z1.a(energest.o)
                0x000092dc                energest_type_time
 .any.text.energest_type_set
                0x00009318        0xc contiki-z1.a(energest.o)
                0x00009318                energest_type_set
 .any.text.energest_flush
                0x00009324       0x38 contiki-z1.a(energest.o)
                0x00009324                energest_flush
 .any.text.update_time
                0x0000935c       0x70 contiki-z1.a(etimer.o)
 .any.text.etimer_request_poll
                0x000093cc        0xa contiki-z1.a(etimer.o)
                0x000093cc                etimer_request_poll
 .any.text.process_thread_etimer_process
                0x000093d6       0xc4 contiki-z1.a(etimer.o)
 .any.text.add_timer
                0x0000949a       0x40 contiki-z1.a(etimer.o)
 .any.text.etimer_set
                0x000094da       0x12 contiki-z1.a(etimer.o)
                0x000094da                etimer_set
 .any.text.etimer_reset
                0x000094ec       0x12 contiki-z1.a(etimer.o)
                0x000094ec                etimer_reset
 .any.text.etimer_restart
                0x000094fe       0x12 contiki-z1.a(etimer.o)
                0x000094fe                etimer_restart
 .any.text.etimer_expired
                0x00009510        0xe contiki-z1.a(etimer.o)
                0x00009510                etimer_expired
 .any.text.etimer_expiration_time
                0x0000951e       0x14 contiki-z1.a(etimer.o)
                0x0000951e                etimer_expiration_time
 .any.text.etimer_pending
                0x00009532        0xc contiki-z1.a(etimer.o)
                0x00009532                etimer_pending
 .any.text.etimer_next_expiration_time
                0x0000953e       0x16 contiki-z1.a(etimer.o)
                0x0000953e                etimer_next_expiration_time
 .any.text.etimer_stop
                0x00009554       0x3e contiki-z1.a(etimer.o)
                0x00009554                etimer_stop
 .any.text.call_process
                0x00009592       0x40 contiki-z1.a(process.o)
 .any.text.exit_process
                0x000095d2       0x88 contiki-z1.a(process.o)
 .any.text.do_poll
                0x0000965a       0x30 contiki-z1.a(process.o)
 .any.text.process_alloc_event
                0x0000968a        0xe contiki-z1.a(process.o)
                0x0000968a                process_alloc_event
 .any.text.process_init
                0x00009698       0x1c contiki-z1.a(process.o)
                0x00009698                process_init
 .any.text.process_run
                0x000096b4       0xa4 contiki-z1.a(process.o)
                0x000096b4                process_run
 .any.text.process_nevents
                0x00009758        0xe contiki-z1.a(process.o)
                0x00009758                process_nevents
 .any.text.process_post
                0x00009766       0x50 contiki-z1.a(process.o)
                0x00009766                process_post
 .any.text.process_post_synch
                0x000097b6       0x12 contiki-z1.a(process.o)
                0x000097b6                process_post_synch
 .any.text.process_start
                0x000097c8       0x36 contiki-z1.a(process.o)
                0x000097c8                process_start
 .any.text.process_poll
                0x000097fe       0x18 contiki-z1.a(process.o)
                0x000097fe                process_poll
 .any.text.rtimer_init
                0x00009816        0x6 contiki-z1.a(rtimer.o)
                0x00009816                rtimer_init
 .any.text.rtimer_run_next
                0x0000981c       0x26 contiki-z1.a(rtimer.o)
                0x0000981c                rtimer_run_next
 .any.text.timer_set
                0x00009842       0x1c contiki-z1.a(timer.o)
                0x00009842                timer_set
 .any.text.timer_reset
                0x0000985e        0xe contiki-z1.a(timer.o)
                0x0000985e                timer_reset
 .any.text.timer_restart
                0x0000986c       0x14 contiki-z1.a(timer.o)
                0x0000986c                timer_restart
 .any.text.timer_expired
                0x00009880       0x2a contiki-z1.a(timer.o)
                0x00009880                timer_expired
 .any.text.list_init
                0x000098aa        0x6 contiki-z1.a(list.o)
                0x000098aa                list_init
 .any.text.list_head
                0x000098b0        0x4 contiki-z1.a(list.o)
                0x000098b0                list_head
 .any.text.list_tail
                0x000098b4       0x12 contiki-z1.a(list.o)
                0x000098b4                list_tail
 .any.text.list_pop
                0x000098c6        0xe contiki-z1.a(list.o)
                0x000098c6                list_pop
 .any.text.list_remove
                0x000098d4       0x34 contiki-z1.a(list.o)
                0x000098d4                list_remove
 .any.text.list_push
                0x00009908       0x16 contiki-z1.a(list.o)
                0x00009908                list_push
 .any.text.list_add
                0x0000991e       0x26 contiki-z1.a(list.o)
                0x0000991e                list_add
 .any.text.list_length
                0x00009944       0x10 contiki-z1.a(list.o)
                0x00009944                list_length
 .any.text.list_item_next
                0x00009954        0xc contiki-z1.a(list.o)
                0x00009954                list_item_next
 .any.text.memb_init
                0x00009960       0x36 contiki-z1.a(memb.o)
                0x00009960                memb_init
 .any.text.memb_alloc
                0x00009996       0x3e contiki-z1.a(memb.o)
                0x00009996                memb_alloc
 .any.text.memb_free
                0x000099d4       0x3a contiki-z1.a(memb.o)
                0x000099d4                memb_free
 .any.text.memb_inmemb
                0x00009a0e       0x2a contiki-z1.a(memb.o)
                0x00009a0e                memb_inmemb
 .any.text.memb_numfree
                0x00009a38       0x26 contiki-z1.a(memb.o)
                0x00009a38                memb_numfree
 .any.text.random_init
                0x00009a5e        0x6 contiki-z1.a(random.o)
                0x00009a5e                random_init
 .any.text.random_rand
                0x00009a64        0x6 contiki-z1.a(random.o)
                0x00009a64                random_rand
 .any.text.set_packet_attrs
                0x00009a6a       0x46 contiki-z1.a(sicslowpan.o)
 .any.text.addr_context_lookup_by_number
                0x00009ab0       0x30 contiki-z1.a(sicslowpan.o)
 .any.text.compress_addr_64
                0x00009ae0       0x9a contiki-z1.a(sicslowpan.o)
 .any.text.uncompress_addr
                0x00009b7a       0x96 contiki-z1.a(sicslowpan.o)
 .any.text.input
                0x00009c10      0x5e2 contiki-z1.a(sicslowpan.o)
 .any.text.sicslowpan_init
                0x0000a1f2       0x26 contiki-z1.a(sicslowpan.o)
                0x0000a1f2                sicslowpan_init
 .any.text.addr_context_lookup_by_prefix
                0x0000a218       0x4a contiki-z1.a(sicslowpan.o)
 .any.text.packet_sent
                0x0000a262       0x22 contiki-z1.a(sicslowpan.o)
 .any.text.send_packet
                0x0000a284       0x1a contiki-z1.a(sicslowpan.o)
 .any.text.output
                0x0000a29e      0x684 contiki-z1.a(sicslowpan.o)
 .any.text.chksum
                0x0000a922       0x32 contiki-z1.a(uip6.o)
 .any.text.upper_layer_chksum
                0x0000a954       0x56 contiki-z1.a(uip6.o)
 .any.text.ext_hdr_options_process
                0x0000a9aa       0xc2 contiki-z1.a(uip6.o)
 .any.text.uip_icmp6chksum
                0x0000aa6c        0xa contiki-z1.a(uip6.o)
                0x0000aa6c                uip_icmp6chksum
 .any.text.uip_udpchksum
                0x0000aa76        0xa contiki-z1.a(uip6.o)
                0x0000aa76                uip_udpchksum
 .any.text.uip_init
                0x0000aa80       0x36 contiki-z1.a(uip6.o)
                0x0000aa80                uip_init
 .any.text.remove_ext_hdr
                0x0000aab6       0x54 contiki-z1.a(uip6.o)
                0x0000aab6                remove_ext_hdr
 .any.text.uip_udp_new
                0x0000ab0a       0xb8 contiki-z1.a(uip6.o)
                0x0000ab0a                uip_udp_new
 .any.text.uip_process
                0x0000abc2      0x48a contiki-z1.a(uip6.o)
                0x0000abc2                uip_process
 .any.text.uip_htonl
                0x0000b04c       0x2a contiki-z1.a(uip6.o)
                0x0000b04c                uip_htonl
 .any.text.uip_ds6_list_loop
                0x0000b076       0x66 contiki-z1.a(uip-ds6.o)
                0x0000b076                uip_ds6_list_loop
 .any.text.uip_ds6_prefix_add
                0x0000b0dc       0x70 contiki-z1.a(uip-ds6.o)
                0x0000b0dc                uip_ds6_prefix_add
 .any.text.uip_ds6_is_addr_onlink
                0x0000b14c       0x42 contiki-z1.a(uip-ds6.o)
                0x0000b14c                uip_ds6_is_addr_onlink
 .any.text.uip_ds6_addr_lookup
                0x0000b18e       0x2a contiki-z1.a(uip-ds6.o)
                0x0000b18e                uip_ds6_addr_lookup
 .any.text.uip_ds6_get_link_local
                0x0000b1b8       0x3e contiki-z1.a(uip-ds6.o)
                0x0000b1b8                uip_ds6_get_link_local
 .any.text.uip_ds6_maddr_add
                0x0000b1f6       0x48 contiki-z1.a(uip-ds6.o)
                0x0000b1f6                uip_ds6_maddr_add
 .any.text.uip_ds6_addr_add
                0x0000b23e       0xb4 contiki-z1.a(uip-ds6.o)
                0x0000b23e                uip_ds6_addr_add
 .any.text.uip_ds6_maddr_rm
                0x0000b2f2        0xa contiki-z1.a(uip-ds6.o)
                0x0000b2f2                uip_ds6_maddr_rm
 .any.text.uip_ds6_maddr_lookup
                0x0000b2fc       0x2a contiki-z1.a(uip-ds6.o)
                0x0000b2fc                uip_ds6_maddr_lookup
 .any.text.uip_ds6_addr_rm
                0x0000b326       0x54 contiki-z1.a(uip-ds6.o)
                0x0000b326                uip_ds6_addr_rm
 .any.text.uip_ds6_periodic
                0x0000b37a       0x4a contiki-z1.a(uip-ds6.o)
                0x0000b37a                uip_ds6_periodic
 .any.text.uip_ds6_set_addr_iid
                0x0000b3c4       0x14 contiki-z1.a(uip-ds6.o)
                0x0000b3c4                uip_ds6_set_addr_iid
 .any.text.get_match_length
                0x0000b3d8       0x3c contiki-z1.a(uip-ds6.o)
                0x0000b3d8                get_match_length
 .any.text.uip_ds6_select_src
                0x0000b414       0x9a contiki-z1.a(uip-ds6.o)
                0x0000b414                uip_ds6_select_src
 .any.text.uip_ds6_compute_reachable_time
                0x0000b4ae       0x36 contiki-z1.a(uip-ds6.o)
                0x0000b4ae                uip_ds6_compute_reachable_time
 .any.text.uip_ds6_init
                0x0000b4e4      0x138 contiki-z1.a(uip-ds6.o)
                0x0000b4e4                uip_ds6_init
 .any.text.uip_ds6_nbr_rm
                0x0000b61c       0x1a contiki-z1.a(uip-ds6-nbr.o)
                0x0000b61c                uip_ds6_nbr_rm
 .any.text.uip_ds6_neighbors_init
                0x0000b636        0xe contiki-z1.a(uip-ds6-nbr.o)
                0x0000b636                uip_ds6_neighbors_init
 .any.text.uip_ds6_nbr_add
                0x0000b644       0x54 contiki-z1.a(uip-ds6-nbr.o)
                0x0000b644                uip_ds6_nbr_add
 .any.text.uip_ds6_nbr_get_ll
                0x0000b698        0xc contiki-z1.a(uip-ds6-nbr.o)
                0x0000b698                uip_ds6_nbr_get_ll
 .any.text.uip_ds6_nbr_lookup
                0x0000b6a4       0x3e contiki-z1.a(uip-ds6-nbr.o)
                0x0000b6a4                uip_ds6_nbr_lookup
 .any.text.uip_ds6_nbr_ll_lookup
                0x0000b6e2        0xc contiki-z1.a(uip-ds6-nbr.o)
                0x0000b6e2                uip_ds6_nbr_ll_lookup
 .any.text.uip_ds6_nbr_ipaddr_from_lladdr
                0x0000b6ee        0x6 contiki-z1.a(uip-ds6-nbr.o)
                0x0000b6ee                uip_ds6_nbr_ipaddr_from_lladdr
 .any.text.uip_ds6_nbr_lladdr_from_ipaddr
                0x0000b6f4       0x12 contiki-z1.a(uip-ds6-nbr.o)
                0x0000b6f4                uip_ds6_nbr_lladdr_from_ipaddr
 .any.text.uip_ds6_link_neighbor_callback
                0x0000b706       0x26 contiki-z1.a(uip-ds6-nbr.o)
                0x0000b706                uip_ds6_link_neighbor_callback
 .any.text.uip_ds6_neighbor_periodic
                0x0000b72c      0x11e contiki-z1.a(uip-ds6-nbr.o)
                0x0000b72c                uip_ds6_neighbor_periodic
 .any.text.call_route_callback
                0x0000b84a       0x40 contiki-z1.a(uip-ds6-route.o)
 .any.text.uip_ds6_route_init
                0x0000b88a       0x36 contiki-z1.a(uip-ds6-route.o)
                0x0000b88a                uip_ds6_route_init
 .any.text.uip_ds6_route_nexthop
                0x0000b8c0       0x1a contiki-z1.a(uip-ds6-route.o)
                0x0000b8c0                uip_ds6_route_nexthop
 .any.text.uip_ds6_route_head
                0x0000b8da        0xa contiki-z1.a(uip-ds6-route.o)
                0x0000b8da                uip_ds6_route_head
 .any.text.uip_ds6_route_next
                0x0000b8e4        0xe contiki-z1.a(uip-ds6-route.o)
                0x0000b8e4                uip_ds6_route_next
 .any.text.uip_ds6_route_lookup
                0x0000b8f2       0x6e contiki-z1.a(uip-ds6-route.o)
                0x0000b8f2                uip_ds6_route_lookup
 .any.text.uip_ds6_route_rm
                0x0000b960       0xa2 contiki-z1.a(uip-ds6-route.o)
                0x0000b960                uip_ds6_route_rm
 .any.text.rm_routelist
                0x0000ba02       0x34 contiki-z1.a(uip-ds6-route.o)
 .any.text.rm_routelist_callback
                0x0000ba36        0x6 contiki-z1.a(uip-ds6-route.o)
 .any.text.uip_ds6_route_add
                0x0000ba3c       0xf8 contiki-z1.a(uip-ds6-route.o)
                0x0000ba3c                uip_ds6_route_add
 .any.text.uip_ds6_defrt_rm
                0x0000bb34       0x44 contiki-z1.a(uip-ds6-route.o)
                0x0000bb34                uip_ds6_defrt_rm
 .any.text.uip_ds6_defrt_lookup
                0x0000bb78       0x32 contiki-z1.a(uip-ds6-route.o)
                0x0000bb78                uip_ds6_defrt_lookup
 .any.text.uip_ds6_defrt_add
                0x0000bbaa       0x68 contiki-z1.a(uip-ds6-route.o)
                0x0000bbaa                uip_ds6_defrt_add
 .any.text.uip_ds6_defrt_choose
                0x0000bc12       0x36 contiki-z1.a(uip-ds6-route.o)
                0x0000bc12                uip_ds6_defrt_choose
 .any.text.uip_ds6_defrt_periodic
                0x0000bc48       0x38 contiki-z1.a(uip-ds6-route.o)
                0x0000bc48                uip_ds6_defrt_periodic
 .any.text.echo_reply_input
                0x0000bc80      0x108 contiki-z1.a(uip-icmp6.o)
 .any.text.echo_request_input
                0x0000bd88      0x128 contiki-z1.a(uip-icmp6.o)
 .any.text.uip_icmp6_input
                0x0000beb0       0x44 contiki-z1.a(uip-icmp6.o)
                0x0000beb0                uip_icmp6_input
 .any.text.uip_icmp6_register_input_handler
                0x0000bef4        0xc contiki-z1.a(uip-icmp6.o)
                0x0000bef4                uip_icmp6_register_input_handler
 .any.text.uip_icmp6_error_output
                0x0000bf00      0x16c contiki-z1.a(uip-icmp6.o)
                0x0000bf00                uip_icmp6_error_output
 .any.text.uip_icmp6_send
                0x0000c06c       0x84 contiki-z1.a(uip-icmp6.o)
                0x0000c06c                uip_icmp6_send
 .any.text.uip_icmp6_init
                0x0000c0f0       0x12 contiki-z1.a(uip-icmp6.o)
                0x0000c0f0                uip_icmp6_init
 .any.text.na_input
                0x0000c102      0x1a0 contiki-z1.a(uip-nd6.o)
 .any.text.ns_input
                0x0000c2a2      0x246 contiki-z1.a(uip-nd6.o)
 .any.text.uip_nd6_ns_output
                0x0000c4e8      0x176 contiki-z1.a(uip-nd6.o)
                0x0000c4e8                uip_nd6_ns_output
 .any.text.uip_nd6_init
                0x0000c65e       0x12 contiki-z1.a(uip-nd6.o)
                0x0000c65e                uip_nd6_init
 .any.text.tcpip_output
                0x0000c670       0x10 contiki-z1.a(tcpip.o)
                0x0000c670                tcpip_output
 .any.text.tcpip_set_outputfunc
                0x0000c680        0x6 contiki-z1.a(tcpip.o)
                0x0000c680                tcpip_set_outputfunc
 .any.text.udp_new
                0x0000c686       0x1a contiki-z1.a(tcpip.o)
                0x0000c686                udp_new
 .any.text.udp_broadcast_new
                0x0000c6a0       0x46 contiki-z1.a(tcpip.o)
                0x0000c6a0                udp_broadcast_new
 .any.text.tcpip_input
                0x0000c6e6       0x16 contiki-z1.a(tcpip.o)
                0x0000c6e6                tcpip_input
 .any.text.tcpip_ipv6_output
                0x0000c6fc      0x14e contiki-z1.a(tcpip.o)
                0x0000c6fc                tcpip_ipv6_output
 .any.text.process_thread_tcpip_process
                0x0000c84a       0xd0 contiki-z1.a(tcpip.o)
 .any.text.tcpip_uipcall
                0x0000c91a       0x2a contiki-z1.a(tcpip.o)
                0x0000c91a                tcpip_uipcall
 .any.text.uip_debug_ipaddr_print
                0x0000c944       0x72 contiki-z1.a(uip-debug.o)
                0x0000c944                uip_debug_ipaddr_print
 .any.text.uip_debug_ipaddr_sprint
                0x0000c9b6       0x9e contiki-z1.a(uip-debug.o)
                0x0000c9b6                uip_debug_ipaddr_sprint
 .any.text.uiplib_ip6addrconv
                0x0000ca54       0xfa contiki-z1.a(uiplib.o)
                0x0000ca54                uiplib_ip6addrconv
 .any.text.uip_udp_packet_send
                0x0000cb4e       0x2e contiki-z1.a(uip-udp-packet.)
                0x0000cb4e                uip_udp_packet_send
 .any.text.rpl_get_mode
                0x0000cb7c        0x6 contiki-z1.a(rpl.o)
                0x0000cb7c                rpl_get_mode
 .any.text.rpl_purge_routes
                0x0000cb82       0x96 contiki-z1.a(rpl.o)
                0x0000cb82                rpl_purge_routes
 .any.text.rpl_remove_routes
                0x0000cc18       0x22 contiki-z1.a(rpl.o)
                0x0000cc18                rpl_remove_routes
 .any.text.rpl_remove_routes_by_nexthop
                0x0000cc3a       0x3e contiki-z1.a(rpl.o)
                0x0000cc3a                rpl_remove_routes_by_nexthop
 .any.text.rpl_add_route
                0x0000cc78       0x48 contiki-z1.a(rpl.o)
                0x0000cc78                rpl_add_route
 .any.text.rpl_link_neighbor_callback
                0x0000ccc0       0x74 contiki-z1.a(rpl.o)
                0x0000ccc0                rpl_link_neighbor_callback
 .any.text.rpl_ipv6_neighbor_callback
                0x0000cd34       0x1e contiki-z1.a(rpl.o)
                0x0000cd34                rpl_ipv6_neighbor_callback
 .any.text.rpl_init
                0x0000cd52       0x4a contiki-z1.a(rpl.o)
                0x0000cd52                rpl_init
 .any.text.lollipop_greater_than
                0x0000cd9c       0x3c contiki-z1.a(rpl-dag.o)
 .any.text.find_parent_any_dag_any_instance
                0x0000cdd8       0x14 contiki-z1.a(rpl-dag.o)
 .any.text.rpl_set_preferred_parent
                0x0000cdec       0x2c contiki-z1.a(rpl-dag.o)
 .any.text.set_ip_from_prefix
                0x0000ce18       0x30 contiki-z1.a(rpl-dag.o)
 .any.text.check_prefix
                0x0000ce48       0x70 contiki-z1.a(rpl-dag.o)
 .any.text.rpl_get_nbr
                0x0000ceb8       0x1e contiki-z1.a(rpl-dag.o)
                0x0000ceb8                rpl_get_nbr
 .any.text.rpl_dag_init
                0x0000ced6        0xe contiki-z1.a(rpl-dag.o)
                0x0000ced6                rpl_dag_init
 .any.text.rpl_get_parent
                0x0000cee4        0xc contiki-z1.a(rpl-dag.o)
                0x0000cee4                rpl_get_parent
 .any.text.rpl_get_parent_ipaddr
                0x0000cef0       0x10 contiki-z1.a(rpl-dag.o)
                0x0000cef0                rpl_get_parent_ipaddr
 .any.text.rpl_set_prefix
                0x0000cf00       0x74 contiki-z1.a(rpl-dag.o)
                0x0000cf00                rpl_set_prefix
 .any.text.rpl_set_default_route
                0x0000cf74       0x60 contiki-z1.a(rpl-dag.o)
                0x0000cf74                rpl_set_default_route
 .any.text.rpl_alloc_instance
                0x0000cfd4       0x34 contiki-z1.a(rpl-dag.o)
                0x0000cfd4                rpl_alloc_instance
 .any.text.rpl_add_parent
                0x0000d008       0x4e contiki-z1.a(rpl-dag.o)
                0x0000d008                rpl_add_parent
 .any.text.rpl_find_parent
                0x0000d056       0x1c contiki-z1.a(rpl-dag.o)
                0x0000d056                rpl_find_parent
 .any.text.rpl_find_parent_any_dag
                0x0000d072       0x24 contiki-z1.a(rpl-dag.o)
                0x0000d072                rpl_find_parent_any_dag
 .any.text.rpl_select_parent
                0x0000d096       0x76 contiki-z1.a(rpl-dag.o)
                0x0000d096                rpl_select_parent
 .any.text.rpl_select_dag
                0x0000d10c      0x196 contiki-z1.a(rpl-dag.o)
                0x0000d10c                rpl_select_dag
 .any.text.rpl_nullify_parent
                0x0000d2a2       0x50 contiki-z1.a(rpl-dag.o)
                0x0000d2a2                rpl_nullify_parent
 .any.text.rpl_remove_parent
                0x0000d2f2       0x16 contiki-z1.a(rpl-dag.o)
                0x0000d2f2                rpl_remove_parent
 .any.text.nbr_callback
                0x0000d308        0x6 contiki-z1.a(rpl-dag.o)
 .any.text.remove_parents.constprop.5
                0x0000d30e       0x2e contiki-z1.a(rpl-dag.o)
 .any.text.rpl_move_parent
                0x0000d33c       0x52 contiki-z1.a(rpl-dag.o)
                0x0000d33c                rpl_move_parent
 .any.text.rpl_get_any_dag
                0x0000d38e       0x16 contiki-z1.a(rpl-dag.o)
                0x0000d38e                rpl_get_any_dag
 .any.text.rpl_get_instance
                0x0000d3a4       0x16 contiki-z1.a(rpl-dag.o)
                0x0000d3a4                rpl_get_instance
 .any.text.rpl_alloc_dag
                0x0000d3ba       0x60 contiki-z1.a(rpl-dag.o)
                0x0000d3ba                rpl_alloc_dag
 .any.text.rpl_repair_root
                0x0000d41a       0x4c contiki-z1.a(rpl-dag.o)
                0x0000d41a                rpl_repair_root
 .any.text.rpl_find_of
                0x0000d466       0x10 contiki-z1.a(rpl-dag.o)
                0x0000d466                rpl_find_of
 .any.text.rpl_join_instance
                0x0000d476      0x128 contiki-z1.a(rpl-dag.o)
                0x0000d476                rpl_join_instance
 .any.text.rpl_local_repair
                0x0000d59e       0x68 contiki-z1.a(rpl-dag.o)
                0x0000d59e                rpl_local_repair
 .any.text.rpl_process_parent_event
                0x0000d606       0x6c contiki-z1.a(rpl-dag.o)
                0x0000d606                rpl_process_parent_event
 .any.text.rpl_recalculate_ranks
                0x0000d672       0x46 contiki-z1.a(rpl-dag.o)
                0x0000d672                rpl_recalculate_ranks
 .any.text.rpl_add_dag
                0x0000d6b8      0x102 contiki-z1.a(rpl-dag.o)
                0x0000d6b8                rpl_add_dag
 .any.text.rpl_process_dio
                0x0000d7ba      0x2e0 contiki-z1.a(rpl-dag.o)
                0x0000d7ba                rpl_process_dio
 .any.text.rpl_lock_parent
                0x0000da9a        0xc contiki-z1.a(rpl-dag.o)
                0x0000da9a                rpl_lock_parent
 .any.text.rpl_verify_header
                0x0000daa6       0xae contiki-z1.a(rpl-ext-header.)
                0x0000daa6                rpl_verify_header
 .any.text.rpl_update_header_empty
                0x0000db54      0x12a contiki-z1.a(rpl-ext-header.)
                0x0000db54                rpl_update_header_empty
 .any.text.rpl_update_header_final
                0x0000dc7e       0x90 contiki-z1.a(rpl-ext-header.)
                0x0000dc7e                rpl_update_header_final
 .any.text.rpl_invert_header
                0x0000dd0e       0x74 contiki-z1.a(rpl-ext-header.)
                0x0000dd0e                rpl_invert_header
 .any.text.rpl_insert_header
                0x0000dd82       0x12 contiki-z1.a(rpl-ext-header.)
                0x0000dd82                rpl_insert_header
 .any.text.get32
                0x0000dd94       0x3e contiki-z1.a(rpl-icmp6.o)
 .any.text.set32
                0x0000ddd2       0x2a contiki-z1.a(rpl-icmp6.o)
 .any.text.get16
                0x0000ddfc        0xe contiki-z1.a(rpl-icmp6.o)
 .any.text.set16
                0x0000de0a       0x10 contiki-z1.a(rpl-icmp6.o)
 .any.text.dao_ack_input
                0x0000de1a        0x6 contiki-z1.a(rpl-icmp6.o)
 .any.text.dio_input
                0x0000de20      0x2ae contiki-z1.a(rpl-icmp6.o)
 .any.text.dis_output
                0x0000e0ce       0x50 contiki-z1.a(rpl-icmp6.o)
                0x0000e0ce                dis_output
 .any.text.dio_output
                0x0000e11e      0x242 contiki-z1.a(rpl-icmp6.o)
                0x0000e11e                dio_output
 .any.text.dis_input
                0x0000e360       0x28 contiki-z1.a(rpl-icmp6.o)
 .any.text.dao_output_target
                0x0000e388       0xd0 contiki-z1.a(rpl-icmp6.o)
                0x0000e388                dao_output_target
 .any.text.dao_output
                0x0000e458       0x68 contiki-z1.a(rpl-icmp6.o)
                0x0000e458                dao_output
 .any.text.dao_ack_output
                0x0000e4c0       0x32 contiki-z1.a(rpl-icmp6.o)
                0x0000e4c0                dao_ack_output
 .any.text.dao_input
                0x0000e4f2      0x288 contiki-z1.a(rpl-icmp6.o)
 .any.text.rpl_icmp6_register_handlers
                0x0000e77a       0x22 contiki-z1.a(rpl-icmp6.o)
                0x0000e77a                rpl_icmp6_register_handlers
 .any.text.reset
                0x0000e79c        0x2 contiki-z1.a(rpl-mrhof.o)
 .any.text.update_metric_container
                0x0000e79e        0x6 contiki-z1.a(rpl-mrhof.o)
 .any.text.calculate_rank
                0x0000e7a4       0x3e contiki-z1.a(rpl-mrhof.o)
 .any.text.neighbor_link_callback
                0x0000e7e2       0x8c contiki-z1.a(rpl-mrhof.o)
 .any.text.best_dag
                0x0000e86e       0x2e contiki-z1.a(rpl-mrhof.o)
 .any.text.best_parent
                0x0000e89c       0x68 contiki-z1.a(rpl-mrhof.o)
 .any.text.new_dio_interval
                0x0000e904       0x8a contiki-z1.a(rpl-timers.o)
 .any.text.set_dao_lifetime_timer
                0x0000e98e       0x66 contiki-z1.a(rpl-timers.o)
 .any.text.handle_periodic_timer
                0x0000e9f4       0x2e contiki-z1.a(rpl-timers.o)
 .any.text.schedule_dao
                0x0000ea22       0x72 contiki-z1.a(rpl-timers.o)
 .any.text.handle_dio_timer
                0x0000ea94       0x88 contiki-z1.a(rpl-timers.o)
 .any.text.handle_dao_timer
                0x0000eb1c       0x64 contiki-z1.a(rpl-timers.o)
 .any.text.rpl_reset_periodic_timer
                0x0000eb80       0x54 contiki-z1.a(rpl-timers.o)
                0x0000eb80                rpl_reset_periodic_timer
 .any.text.rpl_reset_dio_timer
                0x0000ebd4       0x18 contiki-z1.a(rpl-timers.o)
                0x0000ebd4                rpl_reset_dio_timer
 .any.text.rpl_schedule_dao
                0x0000ebec        0xc contiki-z1.a(rpl-timers.o)
                0x0000ebec                rpl_schedule_dao
 .any.text.rpl_schedule_probing
                0x0000ebf8       0x34 contiki-z1.a(rpl-timers.o)
                0x0000ebf8                rpl_schedule_probing
 .any.text.handle_probing_timer
                0x0000ec2c      0x112 contiki-z1.a(rpl-timers.o)
 .any.text.linkaddr_copy
                0x0000ed3e        0x8 contiki-z1.a(linkaddr.o)
                0x0000ed3e                linkaddr_copy
 .any.text.linkaddr_cmp
                0x0000ed46       0x12 contiki-z1.a(linkaddr.o)
                0x0000ed46                linkaddr_cmp
 .any.text.linkaddr_set_node_addr
                0x0000ed58        0xc contiki-z1.a(linkaddr.o)
                0x0000ed58                linkaddr_set_node_addr
 .any.text.item_from_index
                0x0000ed64       0x2a contiki-z1.a(nbr-table.o)
 .any.text.index_from_key
                0x0000ed8e       0x26 contiki-z1.a(nbr-table.o)
 .any.text.index_from_item
                0x0000edb4       0x1e contiki-z1.a(nbr-table.o)
 .any.text.nbr_set_bit
                0x0000edd2       0x50 contiki-z1.a(nbr-table.o)
 .any.text.index_from_lladdr
                0x0000ee22       0x3e contiki-z1.a(nbr-table.o)
 .any.text.nbr_get_bit.constprop.0
                0x0000ee60       0x2c contiki-z1.a(nbr-table.o)
 .any.text.nbr_table_register
                0x0000ee8c       0x26 contiki-z1.a(nbr-table.o)
                0x0000ee8c                nbr_table_register
 .any.text.nbr_table_next
                0x0000eeb2       0x4c contiki-z1.a(nbr-table.o)
                0x0000eeb2                nbr_table_next
 .any.text.nbr_table_head
                0x0000eefe       0x36 contiki-z1.a(nbr-table.o)
                0x0000eefe                nbr_table_head
 .any.text.nbr_table_add_lladdr
                0x0000ef34      0x110 contiki-z1.a(nbr-table.o)
                0x0000ef34                nbr_table_add_lladdr
 .any.text.nbr_table_get_from_lladdr
                0x0000f044       0x28 contiki-z1.a(nbr-table.o)
                0x0000f044                nbr_table_get_from_lladdr
 .any.text.nbr_table_remove
                0x0000f06c       0x2a contiki-z1.a(nbr-table.o)
                0x0000f06c                nbr_table_remove
 .any.text.nbr_table_lock
                0x0000f096       0x10 contiki-z1.a(nbr-table.o)
                0x0000f096                nbr_table_lock
 .any.text.nbr_table_unlock
                0x0000f0a6       0x10 contiki-z1.a(nbr-table.o)
                0x0000f0a6                nbr_table_unlock
 .any.text.nbr_table_get_lladdr
                0x0000f0b6       0x20 contiki-z1.a(nbr-table.o)
                0x0000f0b6                nbr_table_get_lladdr
 .any.text.packetbuf_compact
                0x0000f0d6       0x2e contiki-z1.a(packetbuf.o)
                0x0000f0d6                packetbuf_compact
 .any.text.packetbuf_copyto
                0x0000f104       0x46 contiki-z1.a(packetbuf.o)
                0x0000f104                packetbuf_copyto
 .any.text.packetbuf_hdrreduce
                0x0000f14a       0x1a contiki-z1.a(packetbuf.o)
                0x0000f14a                packetbuf_hdrreduce
 .any.text.packetbuf_set_datalen
                0x0000f164        0x6 contiki-z1.a(packetbuf.o)
                0x0000f164                packetbuf_set_datalen
 .any.text.packetbuf_dataptr
                0x0000f16a        0xe contiki-z1.a(packetbuf.o)
                0x0000f16a                packetbuf_dataptr
 .any.text.packetbuf_hdrptr
                0x0000f178        0xa contiki-z1.a(packetbuf.o)
                0x0000f178                packetbuf_hdrptr
 .any.text.packetbuf_datalen
                0x0000f182        0x6 contiki-z1.a(packetbuf.o)
                0x0000f182                packetbuf_datalen
 .any.text.packetbuf_hdrlen
                0x0000f188       0x10 contiki-z1.a(packetbuf.o)
                0x0000f188                packetbuf_hdrlen
 .any.text.packetbuf_totlen
                0x0000f198        0xc contiki-z1.a(packetbuf.o)
                0x0000f198                packetbuf_totlen
 .any.text.packetbuf_hdralloc
                0x0000f1a4       0x2a contiki-z1.a(packetbuf.o)
                0x0000f1a4                packetbuf_hdralloc
 .any.text.packetbuf_attr_clear
                0x0000f1ce       0x28 contiki-z1.a(packetbuf.o)
                0x0000f1ce                packetbuf_attr_clear
 .any.text.packetbuf_clear
                0x0000f1f6       0x1a contiki-z1.a(packetbuf.o)
                0x0000f1f6                packetbuf_clear
 .any.text.packetbuf_copyfrom
                0x0000f210       0x2a contiki-z1.a(packetbuf.o)
                0x0000f210                packetbuf_copyfrom
 .any.text.packetbuf_attr_copyto
                0x0000f23a       0x22 contiki-z1.a(packetbuf.o)
                0x0000f23a                packetbuf_attr_copyto
 .any.text.packetbuf_attr_copyfrom
                0x0000f25c       0x24 contiki-z1.a(packetbuf.o)
                0x0000f25c                packetbuf_attr_copyfrom
 .any.text.packetbuf_holds_broadcast
                0x0000f280        0xe contiki-z1.a(packetbuf.o)
                0x0000f280                packetbuf_holds_broadcast
 .any.text.queuebuf_init
                0x0000f28e       0x12 contiki-z1.a(queuebuf.o)
                0x0000f28e                queuebuf_init
 .any.text.queuebuf_numfree
                0x0000f2a0        0xa contiki-z1.a(queuebuf.o)
                0x0000f2a0                queuebuf_numfree
 .any.text.queuebuf_free
                0x0000f2aa       0x2a contiki-z1.a(queuebuf.o)
                0x0000f2aa                queuebuf_free
 .any.text.create
                0x0000f2d4        0x8 contiki-z1.a(framer-802154.o)

.rodata         0x0000f2dc      0xb1f
                0x0000f2dc                . = ALIGN (0x2)
 *(.rodata .rodata.* .gnu.linkonce.r.*)
 .rodata.process_thread_proxy_server_process
                0x0000f2dc       0x71 proxy.co
 *fill*         0x0000f34d        0x1 00
 .rodata.autostart_processes
                0x0000f34e        0x4 proxy.co
                0x0000f34e                autostart_processes
 .rodata        0x0000f352       0x15 proxy.co
 .rodata.res_get_handler
                0x0000f367       0x6e obj_z1/proxy-resource.o
 .rodata.res_post_handler
                0x0000f3d5       0x99 obj_z1/proxy-resource.o
 *fill*         0x0000f46e        0x2 00
 .rodata.notification_callback
                0x0000f470       0xf0 obj_z1/proxy-resource.o
 .rodata        0x0000f560       0x29 obj_z1/proxy-resource.o
 .rodata        0x0000f589      0x115 obj_z1/contiki-z1-main.o
 .rodata.coap_serialize_message
                0x0000f69e       0x2f contiki-z1.a(er-coap.o)
 .rodata.coap_parse_message
                0x0000f6cd       0x5a contiki-z1.a(er-coap.o)
 .rodata        0x0000f727        0x1 contiki-z1.a(er-coap.o)
 .rodata.process_thread_coap_engine
                0x0000f728       0x52 contiki-z1.a(er-coap-engine.)
 .rodata        0x0000f77a       0x14 contiki-z1.a(er-coap-engine.)
 .rodata.coap_rest_implementation
                0x0000f78e       0xb6 contiki-z1.a(er-coap-engine.)
                0x0000f78e                coap_rest_implementation
 .rodata.coap_observe_handler
                0x0000f844       0x11 contiki-z1.a(er-coap-observe)
 .rodata.well_known_core_get_handler
                0x0000f855       0x13 contiki-z1.a(er-coap-res-wel)
 .rodata        0x0000f868        0x6 contiki-z1.a(er-coap-res-wel)
 .rodata.classify_notification
                0x0000f86e       0x4f contiki-z1.a(er-coap-observe)
 .rodata.coap_obs_remove_observee
                0x0000f8bd       0x2b contiki-z1.a(er-coap-observe)
 .rodata.handle_obs_registration_response
                0x0000f8e8       0x25 contiki-z1.a(er-coap-observe)
 .rodata.coap_get_obs_subject_by_token
                0x0000f90d       0x1e contiki-z1.a(er-coap-observe)
 .rodata.coap_obs_remove_observee_by_url
                0x0000f92b       0x15 contiki-z1.a(er-coap-observe)
 .rodata.coap_obs_add_observee
                0x0000f940       0x29 contiki-z1.a(er-coap-observe)
 .rodata.coap_handle_notification
                0x0000f969       0xe0 contiki-z1.a(er-coap-observe)
 .rodata.coap_obs_request_registration
                0x0000fa49       0x55 contiki-z1.a(er-coap-observe)
 .rodata        0x0000fa9e        0xc contiki-z1.a(rest-engine.o)
 .rodata.servreg_hack_register
                0x0000faaa       0x84 contiki-z1.a(servreg-hack.o)
 .rodata        0x0000fb2e       0x15 contiki-z1.a(servreg-hack.o)
 *fill*         0x0000fb43        0x1 00
 .rodata.get_value
                0x0000fb44       0x38 contiki-z1.a(cc2420.o)
 .rodata.cc2420_driver
                0x0000fb7c       0x38 contiki-z1.a(cc2420.o)
                0x0000fb7c                cc2420_driver
 .rodata        0x0000fbb4        0xe contiki-z1.a(cc2420.o)
 .rodata.output_power
                0x0000fbc2       0x10 contiki-z1.a(cc2420.o)
 .rodata        0x0000fbd2        0x8 contiki-z1.a(sensors.o)
 .rodata        0x0000fbda        0x7 contiki-z1.a(button-sensor.o)
 *fill*         0x0000fbe1        0x1 00
 .rodata.button_sensor
                0x0000fbe2        0xe contiki-z1.a(button-sensor.o)
                0x0000fbe2                button_sensor
 .rodata        0x0000fbf0       0x16 contiki-z1.a(adxl345.o)
 .rodata        0x0000fc06        0xf contiki-z1.a(ctimer.o)
 .rodata        0x0000fc15        0xc contiki-z1.a(etimer.o)
 .rodata        0x0000fc21        0xb contiki-z1.a(sicslowpan.o)
 .rodata.sicslowpan_driver
                0x0000fc2c        0xa contiki-z1.a(sicslowpan.o)
                0x0000fc2c                sicslowpan_driver
 .rodata.llprefix
                0x0000fc36        0x2 contiki-z1.a(sicslowpan.o)
                0x0000fc36                llprefix
 .rodata.unc_mxconf
                0x0000fc38        0x4 contiki-z1.a(sicslowpan.o)
                0x0000fc38                unc_mxconf
 .rodata.unc_ctxconf
                0x0000fc3c        0x4 contiki-z1.a(sicslowpan.o)
                0x0000fc3c                unc_ctxconf
 .rodata.unc_llconf
                0x0000fc40        0x4 contiki-z1.a(sicslowpan.o)
                0x0000fc40                unc_llconf
 .rodata.ttl_values
                0x0000fc44        0x4 contiki-z1.a(sicslowpan.o)
 .rodata        0x0000fc48        0xd contiki-z1.a(tcpip.o)
 .rodata.uip_debug_ipaddr_print
                0x0000fc55       0x15 contiki-z1.a(uip-debug.o)
 .rodata.uip_debug_ipaddr_sprint
                0x0000fc6a        0x2 contiki-z1.a(uip-debug.o)
 .rodata.linkaddr_null
                0x0000fc6c        0x8 contiki-z1.a(linkaddr.o)
                0x0000fc6c                linkaddr_null
 .rodata.framer_802154
                0x0000fc74       0x10 contiki-z1.a(framer-802154.o)
                0x0000fc74                framer_802154
 .rodata        0x0000fc84        0x8 contiki-z1.a(nullmac.o)
 .rodata.nullmac_driver
                0x0000fc8c       0x1a contiki-z1.a(nullmac.o)
                0x0000fc8c                nullmac_driver
 .rodata        0x0000fca6        0x8 contiki-z1.a(nullrdc.o)
 .rodata.nullrdc_driver
                0x0000fcae       0x1e contiki-z1.a(nullrdc.o)
                0x0000fcae                nullrdc_driver
 .rodata        0x0000fccc        0x8 contiki-z1.a(nullsec.o)
 .rodata.nullsec_driver
                0x0000fcd4       0x16 contiki-z1.a(nullsec.o)
                0x0000fcd4                nullsec_driver
 .rodata.CSWTCH.5
                0x0000fcea        0x2 contiki-z1.a(frame802154.o)
 .rodata        0x0000fcec        0x8 /usr/local/msp430/bin/../lib/gcc/msp430/4.7.0/mcpu-430x/mmpy-16/msr20/mc20/libgcc.a(_thenan_sf.o)
                0x0000fcec                __thenan_sf
 .rodata        0x0000fcf4      0x100 /usr/local/msp430/bin/../lib/gcc/msp430/4.7.0/mcpu-430x/mmpy-16/msr20/mc20/libgcc.a(_clz.o)
                0x0000fcf4                __clz_tab
 .rodata.vuprintf
                0x0000fdf4        0x7 /usr/local/msp430/bin/../lib/gcc/msp430/4.7.0/../../../../msp430/lib/mcpu-430x/mmpy-16/msr20/mc20/libc.a(vuprintf.o)
 *(.near.rodata .near.rodata.*)
                0x0000fdfc                . = ALIGN (0x2)
                0x0000fdfc                _etext = .

.data           0x00001100      0x1c2 load address 0x0000fdfc
                0x00001100                . = ALIGN (0x2)
                0x00001100                __data_start = .
 *(.data .data.* .gnu.linkonce.d.*)
 .data.proxy_server_process
                0x00001100        0xc proxy.co
                0x00001100                proxy_server_process
 .data.proxy_res
                0x0000110c       0x1c obj_z1/proxy-resource.o
                0x0000110c                proxy_res
 .data.memb_res_allocator
                0x00001128        0x8 obj_z1/proxy-resource.o
 .data.request_allocator
                0x00001130        0x8 obj_z1/proxy-resource.o
 .data.string_allocator
                0x00001138        0x8 obj_z1/proxy-resource.o
 .data.uri_allocator
                0x00001140        0x8 obj_z1/proxy-resource.o
 .data.sensors  0x00001148        0x4 obj_z1/contiki-z1-main.o
                0x00001148                sensors
 .data.coap_error_message
                0x0000114c        0x2 contiki-z1.a(er-coap.o)
                0x0000114c                coap_error_message
 .data.coap_engine
                0x0000114e        0xc contiki-z1.a(er-coap-engine.)
                0x0000114e                coap_engine
 .data.transactions_memb
                0x0000115a        0x8 contiki-z1.a(er-coap-transac)
 .data.observers_memb
                0x00001162        0x8 contiki-z1.a(er-coap-observe)
 .data.res_well_known_core
                0x0000116a       0x1c contiki-z1.a(er-coap-res-wel)