Archive member included because of file (symbol)

contiki-z1.a(er-coap.o)       event-resource.co (coap_init_message)
contiki-z1.a(er-coap-engine.)
                              event-resource.co (coap_blocking_request)
contiki-z1.a(er-coap-transac)
                              contiki-z1.a(er-coap-engine.) (coap_register_as_transaction_handler)
contiki-z1.a(er-coap-observe)
                              contiki-z1.a(er-coap-transac) (coap_remove_observer_by_client)
contiki-z1.a(er-coap-res-wel)
                              contiki-z1.a(er-coap-engine.) (res_well_known_core)
contiki-z1.a(rest-engine.o)   event-resource.co (rest_init_engine)
contiki-z1.a(servreg-hack.o)  event-resource.co (servreg_hack_init)
contiki-z1.a(contiki-z1-plat)
                              obj_z1/contiki-z1-main.o (init_platform)
contiki-z1.a(msp430.o)        obj_z1/contiki-z1-main.o (splhigh_)
contiki-z1.a(leds.o)          obj_z1/contiki-z1-main.o (leds_init)
contiki-z1.a(watchdog.o)      obj_z1/contiki-z1-main.o (watchdog_start)
contiki-z1.a(xmem.o)          obj_z1/contiki-z1-main.o (xmem_init)
contiki-z1.a(spi.o)           contiki-z1.a(xmem.o) (spi_init)
contiki-z1.a(cc2420.o)        obj_z1/contiki-z1-main.o (cc2420_set_pan_addr)
contiki-z1.a(cc2420-arch.o)   contiki-z1.a(cc2420.o) (cc2420_arch_init)
contiki-z1.a(node-id.o)       obj_z1/contiki-z1-main.o (node_id_restore)
contiki-z1.a(sensors.o)       event-resource.co (sensors_event)
contiki-z1.a(button-sensor.o)
                              event-resource.co (button_sensor)
contiki-z1.a(uart0.o)         obj_z1/contiki-z1-main.o (uart0_active)
contiki-z1.a(uart0-putchar.o)
                              event-resource.co (putchar)
contiki-z1.a(adxl345.o)       obj_z1/contiki-z1-main.o (accm_init)
contiki-z1.a(clock.o)         obj_z1/contiki-z1-main.o (clock_init)
contiki-z1.a(leds-arch.o)     contiki-z1.a(leds.o) (leds_arch_init)
contiki-z1.a(rtimer-arch.o)   obj_z1/contiki-z1-main.o (rtimer_arch_now)
contiki-z1.a(autostart.o)     obj_z1/contiki-z1-main.o (autostart_start)
contiki-z1.a(ctimer.o)        obj_z1/contiki-z1-main.o (ctimer_init)
contiki-z1.a(energest.o)      obj_z1/contiki-z1-main.o (energest_init)
contiki-z1.a(etimer.o)        contiki-z1.a(clock.o) (etimer_request_poll)
contiki-z1.a(process.o)       contiki-z1.a(er-coap-engine.) (process_current)
contiki-z1.a(rtimer.o)        obj_z1/contiki-z1-main.o (rtimer_init)
contiki-z1.a(timer.o)         contiki-z1.a(servreg-hack.o) (timer_set)
contiki-z1.a(list.o)          contiki-z1.a(rest-engine.o) (list_init)
contiki-z1.a(memb.o)          contiki-z1.a(servreg-hack.o) (memb_init)
contiki-z1.a(random.o)        event-resource.co (random_init)
contiki-z1.a(sicslowpan.o)    obj_z1/contiki-z1-main.o (sicslowpan_driver)
contiki-z1.a(uip6.o)          contiki-z1.a(er-coap-engine.) (uip_aligned_buf)
contiki-z1.a(uip-ds6.o)       contiki-z1.a(uip6.o) (uip_ds6_is_addr_onlink)
contiki-z1.a(uip-ds6-nbr.o)   contiki-z1.a(uip-ds6.o) (uip_ds6_neighbors_init)
contiki-z1.a(uip-ds6-route.o)
                              contiki-z1.a(uip-ds6.o) (uip_ds6_route_init)
contiki-z1.a(uip-icmp6.o)     contiki-z1.a(uip6.o) (uip_icmp6_input)
contiki-z1.a(uip-nd6.o)       contiki-z1.a(uip-ds6-nbr.o) (uip_nd6_ns_output)
contiki-z1.a(tcpip.o)         contiki-z1.a(sicslowpan.o) (tcpip_set_outputfunc)
contiki-z1.a(uip-debug.o)     event-resource.co (uip_debug_ipaddr_print)
contiki-z1.a(uip-udp-packet.)
                              contiki-z1.a(er-coap.o) (uip_udp_packet_send)
contiki-z1.a(rpl.o)           contiki-z1.a(uip-ds6-nbr.o) (rpl_link_neighbor_callback)
contiki-z1.a(rpl-dag.o)       contiki-z1.a(rpl.o) (default_instance)
contiki-z1.a(rpl-ext-header.)
                              contiki-z1.a(uip6.o) (rpl_verify_header)
contiki-z1.a(rpl-icmp6.o)     contiki-z1.a(rpl.o) (dao_output_target)
contiki-z1.a(rpl-mrhof.o)     contiki-z1.a(rpl.o) (rpl_mrhof)
contiki-z1.a(rpl-timers.o)    contiki-z1.a(rpl.o) (rpl_reset_periodic_timer)
contiki-z1.a(linkaddr.o)      obj_z1/contiki-z1-main.o (linkaddr_copy)
contiki-z1.a(nbr-table.o)     contiki-z1.a(uip-ds6-nbr.o) (nbr_table_register)
contiki-z1.a(packetbuf.o)     contiki-z1.a(cc2420.o) (packetbuf_set_datalen)
contiki-z1.a(queuebuf.o)      obj_z1/contiki-z1-main.o (queuebuf_init)
contiki-z1.a(framer-802154.o)
                              contiki-z1.a(sicslowpan.o) (framer_802154)
contiki-z1.a(framer.o)        contiki-z1.a(framer-802154.o) (framer_canonical_create_and_secure)
contiki-z1.a(nullmac.o)       obj_z1/contiki-z1-main.o (nullmac_driver)
contiki-z1.a(nullrdc.o)       obj_z1/contiki-z1-main.o (nullrdc_driver)
contiki-z1.a(nullsec.o)       contiki-z1.a(sicslowpan.o) (nullsec_driver)
contiki-z1.a(i2cmaster.o)     contiki-z1.a(adxl345.o) (i2c_receiveinit)
contiki-z1.a(stimer.o)        contiki-z1.a(uip-ds6.o) (stimer_set)
contiki-z1.a(frame802154.o)   contiki-z1.a(framer-802154.o) (frame802154_hdrlen)
contiki-z1.a(mac.o)           contiki-z1.a(nullrdc.o) (mac_call_sent_callback)
[...]
Memory Configuration

Name             Origin             Length             Attributes
sfr              0x00000000         0x00000010
peripheral_8bit  0x00000010         0x000000f0
peripheral_16bit 0x00000100         0x00000100
ram_mirror       0x00000200         0x00000800         xw
infomem          0x00001000         0x00000100
infod            0x00001000         0x00000040
infoc            0x00001040         0x00000040
infob            0x00001080         0x00000040
infoa            0x000010c0         0x00000040
ram              0x00001100         0x00002000         xw
rom              0x00003100         0x0000cebe         xr
vectors          0x0000ffc0         0x00000040
far_rom          0x00010000         0x0000a000
bsl              0x00000000         0x00000000
ram2             0x00000000         0x00000000         xw
usbram           0x00000000         0x00000000         xw
*default*        0x00000000         0xffffffff

Linker script and memory map

LOAD /usr/local/msp430/bin/../lib/gcc/msp430/4.7.0/mcpu-430x/mmpy-16/msr20/mc20/crt0ivtbl32.o
                0x00000041                __P1SEL2 = 0x41
                0x00000045                __P5SEL2 = 0x45
LOAD event-resource.co
LOAD obj_z1/contiki-z1-main.o
LOAD contiki-z1.a
LOAD /usr/local/msp430/bin/../lib/gcc/msp430/4.7.0/mcpu-430x/mmpy-16/msr20/mc20/libgcc.a
LOAD /usr/local/msp430/bin/../lib/gcc/msp430/4.7.0/../../../../msp430/lib/mcpu-430x/mmpy-16/msr20/mc20/libc.a
LOAD /usr/local/msp430/bin/../lib/gcc/msp430/4.7.0/mcpu-430x/mmpy-16/msr20/mc20/libgcc.a
LOAD /usr/local/msp430/bin/../lib/gcc/msp430/4.7.0/mcpu-430x/mmpy-16/msr20/mc20/libcrt0.a
                0x00000040                PROVIDE (__info_segment_size, 0x40)
                0x00001000                PROVIDE (__infod, 0x1000)
                0x00001040                PROVIDE (__infoc, 0x1040)
                0x00001080                PROVIDE (__infob, 0x1080)
                0x000010c0                PROVIDE (__infoa, 0x10c0)
                0x00000000                __IE1 = 0x0
                0x00000002                __IFG1 = 0x2
                0x00000001                __IE2 = 0x1
                0x00000003                __IFG2 = 0x3
                0x00000006                __UC1IE = 0x6
                0x00000007                __UC1IFG = 0x7
                0x000001a0                __ADC12CTL0 = 0x1a0
                0x000001a2                __ADC12CTL1 = 0x1a2
                0x000001a4                __ADC12IFG = 0x1a4
                0x000001a6                __ADC12IE = 0x1a6
                0x000001a8                __ADC12IV = 0x1a8
                0x00000140                __ADC12MEM0 = 0x140
                0x00000142                __ADC12MEM1 = 0x142
                0x00000144                __ADC12MEM2 = 0x144
                0x00000146                __ADC12MEM3 = 0x146
                0x00000148                __ADC12MEM4 = 0x148
                0x0000014a                __ADC12MEM5 = 0x14a
                0x0000014c                __ADC12MEM6 = 0x14c
                0x0000014e                __ADC12MEM7 = 0x14e
                0x00000150                __ADC12MEM8 = 0x150
                0x00000152                __ADC12MEM9 = 0x152
                0x00000154                __ADC12MEM10 = 0x154
                0x00000156                __ADC12MEM11 = 0x156
                0x00000158                __ADC12MEM12 = 0x158
                0x0000015a                __ADC12MEM13 = 0x15a
                0x0000015c                __ADC12MEM14 = 0x15c
                0x0000015e                __ADC12MEM15 = 0x15e
                0x00000080                __ADC12MCTL0 = 0x80
                0x00000081                __ADC12MCTL1 = 0x81
                0x00000082                __ADC12MCTL2 = 0x82
                0x00000083                __ADC12MCTL3 = 0x83
                0x00000084                __ADC12MCTL4 = 0x84
                0x00000085                __ADC12MCTL5 = 0x85
                0x00000086                __ADC12MCTL6 = 0x86
                0x00000087                __ADC12MCTL7 = 0x87
                0x00000088                __ADC12MCTL8 = 0x88
                0x00000089                __ADC12MCTL9 = 0x89
                0x0000008a                __ADC12MCTL10 = 0x8a
                0x0000008b                __ADC12MCTL11 = 0x8b
                0x0000008c                __ADC12MCTL12 = 0x8c
                0x0000008d                __ADC12MCTL13 = 0x8d
                0x0000008e                __ADC12MCTL14 = 0x8e
                0x0000008f                __ADC12MCTL15 = 0x8f
                0x00000056                __DCOCTL = 0x56
                0x00000057                __BCSCTL1 = 0x57
                0x00000058                __BCSCTL2 = 0x58
                0x00000053                __BCSCTL3 = 0x53
                0x00000059                __CACTL1 = 0x59
                0x0000005a                __CACTL2 = 0x5a
                0x0000005b                __CAPD = 0x5b
                0x000001c0                __DAC12_0CTL = 0x1c0
                0x000001c2                __DAC12_1CTL = 0x1c2
                0x000001c8                __DAC12_0DAT = 0x1c8
                0x000001ca                __DAC12_1DAT = 0x1ca
                0x00000122                __DMACTL0 = 0x122
                0x00000124                __DMACTL1 = 0x124
                0x00000126                __DMAIV = 0x126
                0x000001d0                __DMA0CTL = 0x1d0
                0x000001dc                __DMA1CTL = 0x1dc
                0x000001e8                __DMA2CTL = 0x1e8
                0x000001d2                __DMA0SA = 0x1d2
                0x000001d2                __DMA0SAL = 0x1d2
                0x000001d6                __DMA0DA = 0x1d6
                0x000001d6                __DMA0DAL = 0x1d6
                0x000001da                __DMA0SZ = 0x1da
                0x000001de                __DMA1SA = 0x1de
                0x000001de                __DMA1SAL = 0x1de
                0x000001e2                __DMA1DA = 0x1e2
                0x000001e2                __DMA1DAL = 0x1e2
                0x000001e6                __DMA1SZ = 0x1e6
                0x000001ea                __DMA2SA = 0x1ea
                0x000001ea                __DMA2SAL = 0x1ea
                0x000001ee                __DMA2DA = 0x1ee
                0x000001ee                __DMA2DAL = 0x1ee
                0x000001f2                __DMA2SZ = 0x1f2
                0x00000128                __FCTL1 = 0x128
                0x0000012a                __FCTL2 = 0x12a
                0x0000012c                __FCTL3 = 0x12c
                0x000001be                __FCTL4 = 0x1be
                0x00000130                __MPY = 0x130
                0x00000132                __MPYS = 0x132
                0x00000134                __MAC = 0x134
                0x00000136                __MACS = 0x136
                0x00000138                __OP2 = 0x138
                0x0000013a                __RESLO = 0x13a
                0x0000013c                __RESHI = 0x13c
                0x0000013e                __SUMEXT = 0x13e
                0x00000020                __P1IN = 0x20
                0x00000021                __P1OUT = 0x21
                0x00000022                __P1DIR = 0x22
                0x00000023                __P1IFG = 0x23
                0x00000024                __P1IES = 0x24
                0x00000025                __P1IE = 0x25
                0x00000026                __P1SEL = 0x26
                0x00000027                __P1REN = 0x27
                0x00000028                __P2IN = 0x28
                0x00000029                __P2OUT = 0x29
                0x0000002a                __P2DIR = 0x2a
                0x0000002b                __P2IFG = 0x2b
                0x0000002c                __P2IES = 0x2c
                0x0000002d                __P2IE = 0x2d
                0x0000002e                __P2SEL = 0x2e
                0x0000002f                __P2REN = 0x2f
                0x00000018                __P3IN = 0x18
                0x00000019                __P3OUT = 0x19
                0x0000001a                __P3DIR = 0x1a
                0x0000001b                __P3SEL = 0x1b
                0x00000010                __P3REN = 0x10
                0x0000001c                __P4IN = 0x1c
                0x0000001d                __P4OUT = 0x1d
                0x0000001e                __P4DIR = 0x1e
                0x0000001f                __P4SEL = 0x1f
                0x00000011                __P4REN = 0x11
                0x00000030                __P5IN = 0x30
                0x00000031                __P5OUT = 0x31
                0x00000032                __P5DIR = 0x32
                0x00000033                __P5SEL = 0x33
                0x00000012                __P5REN = 0x12
                0x00000034                __P6IN = 0x34
                0x00000035                __P6OUT = 0x35
                0x00000036                __P6DIR = 0x36
                0x00000037                __P6SEL = 0x37
                0x00000013                __P6REN = 0x13
                0x00000038                __P7IN = 0x38
                0x0000003a                __P7OUT = 0x3a
                0x0000003c                __P7DIR = 0x3c
                0x0000003e                __P7SEL = 0x3e
                0x00000014                __P7REN = 0x14
                0x00000039                __P8IN = 0x39
                0x0000003b                __P8OUT = 0x3b
                0x0000003d                __P8DIR = 0x3d
                0x0000003f                __P8SEL = 0x3f
                0x00000015                __P8REN = 0x15
                0x00000038                __PAIN = 0x38
                0x0000003a                __PAOUT = 0x3a
                0x0000003c                __PADIR = 0x3c
                0x0000003e                __PASEL = 0x3e
                0x00000014                __PAREN = 0x14
                0x00000055                __SVSCTL = 0x55
                0x0000012e                __TAIV = 0x12e
                0x00000160                __TACTL = 0x160
                0x00000162                __TACCTL0 = 0x162
                0x00000164                __TACCTL1 = 0x164
                0x00000166                __TACCTL2 = 0x166
                0x00000170                __TAR = 0x170
                0x00000172                __TACCR0 = 0x172
                0x00000174                __TACCR1 = 0x174
                0x00000176                __TACCR2 = 0x176
                0x0000011e                __TBIV = 0x11e
                0x00000180                __TBCTL = 0x180
                0x00000182                __TBCCTL0 = 0x182
                0x00000184                __TBCCTL1 = 0x184
                0x00000186                __TBCCTL2 = 0x186
                0x00000188                __TBCCTL3 = 0x188
                0x0000018a                __TBCCTL4 = 0x18a
                0x0000018c                __TBCCTL5 = 0x18c
                0x0000018e                __TBCCTL6 = 0x18e
                0x00000190                __TBR = 0x190
                0x00000192                __TBCCR0 = 0x192
                0x00000194                __TBCCR1 = 0x194
                0x00000196                __TBCCR2 = 0x196
                0x00000198                __TBCCR3 = 0x198
                0x0000019a                __TBCCR4 = 0x19a
                0x0000019c                __TBCCR5 = 0x19c
                0x0000019e                __TBCCR6 = 0x19e
                0x00000060                __UCA0CTL0 = 0x60
                0x00000061                __UCA0CTL1 = 0x61
                0x00000062                __UCA0BR0 = 0x62
                0x00000063                __UCA0BR1 = 0x63
                0x00000064                __UCA0MCTL = 0x64
                0x00000065                __UCA0STAT = 0x65
                0x00000066                __UCA0RXBUF = 0x66
                0x00000067                __UCA0TXBUF = 0x67
                0x0000005d                __UCA0ABCTL = 0x5d
                0x0000005e                __UCA0IRTCTL = 0x5e
                0x0000005f                __UCA0IRRCTL = 0x5f
                0x00000068                __UCB0CTL0 = 0x68
                0x00000069                __UCB0CTL1 = 0x69
                0x0000006a                __UCB0BR0 = 0x6a
                0x0000006b                __UCB0BR1 = 0x6b
                0x0000006c                __UCB0I2CIE = 0x6c
                0x0000006d                __UCB0STAT = 0x6d
                0x0000006e                __UCB0RXBUF = 0x6e
                0x0000006f                __UCB0TXBUF = 0x6f
                0x00000118                __UCB0I2COA = 0x118
                0x0000011a                __UCB0I2CSA = 0x11a
                0x000000d0                __UCA1CTL0 = 0xd0
                0x000000d1                __UCA1CTL1 = 0xd1
                0x000000d2                __UCA1BR0 = 0xd2
                0x000000d3                __UCA1BR1 = 0xd3
                0x000000d4                __UCA1MCTL = 0xd4
                0x000000d5                __UCA1STAT = 0xd5
                0x000000d6                __UCA1RXBUF = 0xd6
                0x000000d7                __UCA1TXBUF = 0xd7
                0x000000cd                __UCA1ABCTL = 0xcd
                0x000000ce                __UCA1IRTCTL = 0xce
                0x000000cf                __UCA1IRRCTL = 0xcf
                0x000000d8                __UCB1CTL0 = 0xd8
                0x000000d9                __UCB1CTL1 = 0xd9
                0x000000da                __UCB1BR0 = 0xda
                0x000000db                __UCB1BR1 = 0xdb
                0x000000dc                __UCB1I2CIE = 0xdc
                0x000000dd                __UCB1STAT = 0xdd
                0x000000de                __UCB1RXBUF = 0xde
                0x000000df                __UCB1TXBUF = 0xdf
                0x0000017c                __UCB1I2COA = 0x17c
                0x0000017e                __UCB1I2CSA = 0x17e
                0x00000120                __WDTCTL = 0x120
                0x000010c0                __TLV_CHECKSUM = 0x10c0
                0x000010f6                __TLV_DCO_30_TAG = 0x10f6
                0x000010f7                __TLV_DCO_30_LEN = 0x10f7
                0x000010da                __TLV_ADC12_1_TAG = 0x10da
                0x000010db                __TLV_ADC12_1_LEN = 0x10db
                0x000010f8                __CALDCO_16MHZ = 0x10f8
                0x000010f9                __CALBC1_16MHZ = 0x10f9
                0x000010fa                __CALDCO_12MHZ = 0x10fa
                0x000010fb                __CALBC1_12MHZ = 0x10fb
                0x000010fc                __CALDCO_8MHZ = 0x10fc
                0x000010fd                __CALBC1_8MHZ = 0x10fd
                0x000010fe                __CALDCO_1MHZ = 0x10fe
                0x000010ff                __CALBC1_1MHZ = 0x10ff

.hash
 *(.hash)

.dynsym
 *(.dynsym)

.dynstr
 *(.dynstr)

.gnu.version
 *(.gnu.version)

.gnu.version_d
 *(.gnu.version_d)

.gnu.version_r
 *(.gnu.version_r)

.rel.init
 *(.rel.init)

.rela.init
 *(.rela.init)

.rel.fini
 *(.rel.fini)

.rela.fini
 *(.rela.fini)

.rel.text
 *(.rel.text .rel.text.* .rel.gnu.linkonce.t.*)

.rela.text
 *(.rela.text .rela.text.* .rela.gnu.linkonce.t.*)

.rel.rodata
 *(.rel.rodata .rel.rodata.* .rel.gnu.linkonce.r.*)

.rela.rodata
 *(.rela.rodata .rela.rodata.* .rela.gnu.linkonce.r.*)

.rel.data
 *(.rel.data .rel.data.* .rel.gnu.linkonce.d.*)

.rela.data
 *(.rela.data .rela.data.* .rela.gnu.linkonce.d.*)

.rel.bss
 *(.rel.bss .rel.bss.* .rel.gnu.linkonce.b.*)

.rela.bss
 *(.rela.bss .rela.bss.* .rela.gnu.linkonce.b.*)

.rel.ctors
 *(.rel.ctors)

.rela.ctors
 *(.rela.ctors)

.rel.dtors
 *(.rel.dtors)

.rela.dtors
 *(.rela.dtors)

.rel.got
 *(.rel.got)

.rela.got
 *(.rela.got)

.rel.plt
 *(.rel.plt)

.rela.plt
 *(.rela.plt)

.text           0x00003100     0xc1ea
                0x00003100                . = ALIGN (0x2)
 *(.init .init.*)
 *(.init0)
 .init0         0x00003100        0x0 /usr/local/msp430/bin/../lib/gcc/msp430/4.7.0/mcpu-430x/mmpy-16/msr20/mc20/libcrt0.a(_reset_vector__.o)
                0x00003100                _reset_vector__
 *(.init1)
 .init1         0x00003100        0xc /usr/local/msp430/bin/../lib/gcc/msp430/4.7.0/mcpu-430x/mmpy-16/msr20/mc20/libcrt0.a(__watchdog_support.o)
                0x00003100                __watchdog_support
 *(.init2)
 .init2         0x0000310c        0x4 /usr/local/msp430/bin/../lib/gcc/msp430/4.7.0/mcpu-430x/mmpy-16/msr20/mc20/libcrt0.a(__init_stack.o)
                0x0000310c                __init_stack
 *(.init3)
 .init3         0x00003110        0x0 /usr/local/msp430/bin/../lib/gcc/msp430/4.7.0/mcpu-430x/mmpy-16/msr20/mc20/libcrt0.a(__low_level_init.o)
                0x00003110                __low_level_init
 *(.init4)
 .init4         0x00003110       0x18 /usr/local/msp430/bin/../lib/gcc/msp430/4.7.0/mcpu-430x/mmpy-16/msr20/mc20/libcrt0.a(_copy_data.o)
                0x00003110                __do_copy_data
 .init4         0x00003128       0x16 /usr/local/msp430/bin/../lib/gcc/msp430/4.7.0/mcpu-430x/mmpy-16/msr20/mc20/libcrt0.a(_clear_bss.o)
                0x00003128                __do_clear_bss
 *(.init5)
 *(.init6)
 *(.init7)
 *(.init8)
 *(.init9)
 .init9         0x0000313e      0x35c obj_z1/contiki-z1-main.o
                0x0000313e                main
 *(.fini9)
 .fini9         0x0000349a        0x0 /usr/local/msp430/bin/../lib/gcc/msp430/4.7.0/mcpu-430x/mmpy-16/msr20/mc20/libcrt0.a(__stop_progExec__.o)
                0x0000349a                __stop_progExec__
 *(.fini8)
 *(.fini7)
 *(.fini6)
 *(.fini5)
 *(.fini4)
 *(.fini3)
 *(.fini2)
 *(.fini1)
 *(.fini0)
 .fini0         0x0000349a        0x6 /usr/local/msp430/bin/../lib/gcc/msp430/4.7.0/mcpu-430x/mmpy-16/msr20/mc20/libcrt0.a(_endless_loop__.o)
                0x0000349a                _endless_loop__
 *(.fini .fini.*)
                0x000034a0                . = ALIGN (0x2)
                0x000034a0                __ctors_start = .
 *(.ctors)
                0x000034a0                __ctors_end = .
                0x000034a0                __dtors_start = .
 *(.dtors)
                0x000034a0                __dtors_end = .
                0x000034a0                . = ALIGN (0x2)
 *(.text .text.* .gnu.linkonce.t.*)
 .text          0x000034a0        0x4 /usr/local/msp430/bin/../lib/gcc/msp430/4.7.0/mcpu-430x/mmpy-16/msr20/mc20/crt0ivtbl32.o
                0x000034a0                __isr_14
                0x000034a0                __isr_4
                0x000034a0                __isr_29
                0x000034a0                __isr_11
                0x000034a0                __isr_5
                0x000034a0                __isr_2
                0x000034a0                __isr_10
                0x000034a0                __isr_7
                0x000034a0                __isr_0
                0x000034a0                __isr_28
                0x000034a0                __isr_8
                0x000034a0                __isr_20
                0x000034a0                __isr_3
                0x000034a0                __isr_12
                0x000034a0                __isr_13
                0x000034a0                __isr_27
                0x000034a0                __isr_9
                0x000034a0                __isr_30
                0x000034a0                __isr_6
                0x000034a0                __isr_22
                0x000034a0                __isr_1
                0x000034a0                __isr_15
                0x000034a0                __isr_21
 .text.libgcc   0x000034a4       0x26 /usr/local/msp430/bin/../lib/gcc/msp430/4.7.0/mcpu-430x/mmpy-16/msr20/mc20/libgcc.a(_mulsi3.o)
                0x000034a4                __mulsi3
 .text.libgcc   0x000034ca       0x22 /usr/local/msp430/bin/../lib/gcc/msp430/4.7.0/mcpu-430x/mmpy-16/msr20/mc20/libgcc.a(_udivmod16.o)
                0x000034ca                __udivhi3
                0x000034ca                __ext_udivmod16
                0x000034e4                __umodhi3
 .text.libgcc   0x000034ec       0x3a /usr/local/msp430/bin/../lib/gcc/msp430/4.7.0/mcpu-430x/mmpy-16/msr20/mc20/libgcc.a(_divmod16.o)
                0x000034ec                __ext_divmod16
                0x000034ec                __divhi3
                0x0000351e                __modhi3
 .text.libgcc   0x00003526       0x38 /usr/local/msp430/bin/../lib/gcc/msp430/4.7.0/mcpu-430x/mmpy-16/msr20/mc20/libgcc.a(_udivmod32.o)
                0x00003526                __udivsi3
                0x00003526                __ext_udivmod32
                0x00003554                __umodsi3
 .text.libgcc   0x0000355e       0x4c /usr/local/msp430/bin/../lib/gcc/msp430/4.7.0/mcpu-430x/mmpy-16/msr20/mc20/libgcc.a(_divmod32.o)
                0x0000355e                __ext_divmod32
                0x0000355e                __divsi3
                0x000035a0                __modsi3
 .text          0x000035aa       0x3c /usr/local/msp430/bin/../lib/gcc/msp430/4.7.0/mcpu-430x/mmpy-16/msr20/mc20/libgcc.a(_fixunssfsi.o)
                0x000035aa                __fixunssfsi
 .text          0x000035e6      0x2f0 /usr/local/msp430/bin/../lib/gcc/msp430/4.7.0/mcpu-430x/mmpy-16/msr20/mc20/libgcc.a(_addsub_sf.o)
                0x0000383a                __addsf3
                0x00003886                __subsf3
 .text          0x000038d6      0x1f2 /usr/local/msp430/bin/../lib/gcc/msp430/4.7.0/mcpu-430x/mmpy-16/msr20/mc20/libgcc.a(_mul_sf.o)
                0x000038d6                __mulsf3
 .text          0x00003ac8      0x142 /usr/local/msp430/bin/../lib/gcc/msp430/4.7.0/mcpu-430x/mmpy-16/msr20/mc20/libgcc.a(_div_sf.o)
                0x00003ac8                __divsf3
 .text          0x00003c0a       0x4e /usr/local/msp430/bin/../lib/gcc/msp430/4.7.0/mcpu-430x/mmpy-16/msr20/mc20/libgcc.a(_gt_sf.o)
                0x00003c0a                __gtsf2
 .text          0x00003c58       0x4e /usr/local/msp430/bin/../lib/gcc/msp430/4.7.0/mcpu-430x/mmpy-16/msr20/mc20/libgcc.a(_ge_sf.o)
                0x00003c58                __gesf2
 .text          0x00003ca6       0x4e /usr/local/msp430/bin/../lib/gcc/msp430/4.7.0/mcpu-430x/mmpy-16/msr20/mc20/libgcc.a(_lt_sf.o)
                0x00003ca6                __ltsf2
 .text          0x00003cf4       0xa4 /usr/local/msp430/bin/../lib/gcc/msp430/4.7.0/mcpu-430x/mmpy-16/msr20/mc20/libgcc.a(_si_to_sf.o)
                0x00003cf4                __floatsisf
 .text          0x00003d98       0x8c /usr/local/msp430/bin/../lib/gcc/msp430/4.7.0/mcpu-430x/mmpy-16/msr20/mc20/libgcc.a(_sf_to_si.o)
                0x00003d98                __fixsfsi
 .text          0x00003e24       0xe4 /usr/local/msp430/bin/../lib/gcc/msp430/4.7.0/mcpu-430x/mmpy-16/msr20/mc20/libgcc.a(_usi_to_sf.o)
                0x00003e24                __floatunsisf
 .text          0x00003f08       0x6a /usr/local/msp430/bin/../lib/gcc/msp430/4.7.0/mcpu-430x/mmpy-16/msr20/mc20/libgcc.a(_clzsi2.o)
                0x00003f08                __clzsi2
 .text          0x00003f72      0x1c8 /usr/local/msp430/bin/../lib/gcc/msp430/4.7.0/mcpu-430x/mmpy-16/msr20/mc20/libgcc.a(_pack_sf.o)
                0x00003f72                __pack_f
 .text          0x0000413a      0x10c /usr/local/msp430/bin/../lib/gcc/msp430/4.7.0/mcpu-430x/mmpy-16/msr20/mc20/libgcc.a(_unpack_sf.o)
                0x0000413a                __unpack_f
 .text          0x00004246       0xa4 /usr/local/msp430/bin/../lib/gcc/msp430/4.7.0/mcpu-430x/mmpy-16/msr20/mc20/libgcc.a(_fpcmp_parts_sf.o)
                0x00004246                __fpcmp_parts_f
 .text.printf   0x000042ea       0x10 /usr/local/msp430/bin/../lib/gcc/msp430/4.7.0/../../../../msp430/lib/mcpu-430x/mmpy-16/msr20/mc20/libc.a(printf.o)
                0x000042ea                printf
 .text.append   0x000042fa       0x22 /usr/local/msp430/bin/../lib/gcc/msp430/4.7.0/../../../../msp430/lib/mcpu-430x/mmpy-16/msr20/mc20/libc.a(sprintf.o)
 .text.call_vuprintf
                0x0000431c       0x36 /usr/local/msp430/bin/../lib/gcc/msp430/4.7.0/../../../../msp430/lib/mcpu-430x/mmpy-16/msr20/mc20/libc.a(sprintf.o)
 .text.sprintf  0x00004352       0x1a /usr/local/msp430/bin/../lib/gcc/msp430/4.7.0/../../../../msp430/lib/mcpu-430x/mmpy-16/msr20/mc20/libc.a(sprintf.o)
                0x00004352                sprintf
 .text.snprintf
                0x0000436c       0x1c /usr/local/msp430/bin/../lib/gcc/msp430/4.7.0/../../../../msp430/lib/mcpu-430x/mmpy-16/msr20/mc20/libc.a(sprintf.o)
                0x0000436c                snprintf
 .text.print_field
                0x00004388      0x176 /usr/local/msp430/bin/../lib/gcc/msp430/4.7.0/../../../../msp430/lib/mcpu-430x/mmpy-16/msr20/mc20/libc.a(vuprintf.o)
 .text.vuprintf
                0x000044fe      0x74c /usr/local/msp430/bin/../lib/gcc/msp430/4.7.0/../../../../msp430/lib/mcpu-430x/mmpy-16/msr20/mc20/libc.a(vuprintf.o)
                0x000044fe                vuprintf
 .text.puts     0x00004c4a       0x2c /usr/local/msp430/bin/../lib/gcc/msp430/4.7.0/../../../../msp430/lib/mcpu-430x/mmpy-16/msr20/mc20/libc.a(puts.o)
                0x00004c4a                puts
 .text.rand     0x00004c76       0x26 /usr/local/msp430/bin/../lib/gcc/msp430/4.7.0/../../../../msp430/lib/mcpu-430x/mmpy-16/msr20/mc20/libc.a(rand.o)
                0x00004c76                rand
 .text.srand    0x00004c9c        0xa /usr/local/msp430/bin/../lib/gcc/msp430/4.7.0/../../../../msp430/lib/mcpu-430x/mmpy-16/msr20/mc20/libc.a(rand.o)
                0x00004c9c                srand
 .text.strchr   0x00004ca6       0x16 /usr/local/msp430/bin/../lib/gcc/msp430/4.7.0/../../../../msp430/lib/mcpu-430x/mmpy-16/msr20/mc20/libc.a(strchr.o)
                0x00004ca6                strchr
 .text.memchr   0x00004cbc       0x1e /usr/local/msp430/bin/../lib/gcc/msp430/4.7.0/../../../../msp430/lib/mcpu-430x/mmpy-16/msr20/mc20/libc.a(memchr.o)
                0x00004cbc                memchr
 .text.strncmp  0x00004cda       0x2a /usr/local/msp430/bin/../lib/gcc/msp430/4.7.0/../../../../msp430/lib/mcpu-430x/mmpy-16/msr20/mc20/libc.a(strncmp.o)
                0x00004cda                strncmp
 .text.memcmp   0x00004d04       0x2c /usr/local/msp430/bin/../lib/gcc/msp430/4.7.0/../../../../msp430/lib/mcpu-430x/mmpy-16/msr20/mc20/libc.a(memcmp.o)
                0x00004d04                memcmp
 .text.memcpy   0x00004d30       0xe8 /usr/local/msp430/bin/../lib/gcc/msp430/4.7.0/../../../../msp430/lib/mcpu-430x/mmpy-16/msr20/mc20/libc.a(memcpy.o)
                0x00004d30                memcpy
 .text.memmove  0x00004e18       0xe8 /usr/local/msp430/bin/../lib/gcc/msp430/4.7.0/../../../../msp430/lib/mcpu-430x/mmpy-16/msr20/mc20/libc.a(memmove.o)
                0x00004e18                memmove
 .text.memset   0x00004f00       0x5c /usr/local/msp430/bin/../lib/gcc/msp430/4.7.0/../../../../msp430/lib/mcpu-430x/mmpy-16/msr20/mc20/libc.a(memset.o)
                0x00004f00                memset
 .text.strcat   0x00004f5c       0x1a /usr/local/msp430/bin/../lib/gcc/msp430/4.7.0/../../../../msp430/lib/mcpu-430x/mmpy-16/msr20/mc20/libc.a(strcat.o)
                0x00004f5c                strcat
 .text.libgcc   0x00004f76       0xbc /usr/local/msp430/bin/../lib/gcc/msp430/4.7.0/mcpu-430x/mmpy-16/msr20/mc20/libgcc.a(_udivmod64.o)
                0x00004f76                __xabi_udivmod64
                0x00004fc8                __udivdi3
                0x00004fe2                __umoddi3
                0x00005004                __udivmoddi4
 .text.crt0     0x00005032        0x2 /usr/local/msp430/bin/../lib/gcc/msp430/4.7.0/mcpu-430x/mmpy-16/msr20/mc20/libcrt0.a(_unexpected_.o)
                0x00005032                _unexpected_
 *(.near.text .near.text.*)
 .near.text.watchdog_interrupt
                0x00005034        0x6 contiki-z1.a(watchdog.o)
                0x00005034                __isr_26
                0x00005034                watchdog_interrupt
 .near.text.irq_p2
                0x0000503a       0x76 contiki-z1.a(button-sensor.o)
                0x0000503a                irq_p2
                0x0000503a                __isr_19
 .near.text.uart0_rx_interrupt
                0x000050b0       0x64 contiki-z1.a(uart0.o)
                0x000050b0                __isr_23
                0x000050b0                uart0_rx_interrupt
 .near.text.port1_isr
                0x00005114       0xbe contiki-z1.a(adxl345.o)
                0x00005114                port1_isr
                0x00005114                __isr_18
 .near.text.timera1
                0x000051d2      0x10a contiki-z1.a(clock.o)
                0x000051d2                __isr_24
                0x000051d2                timera1
 .near.text.timera0
                0x000052dc       0x5c contiki-z1.a(rtimer-arch.o)
                0x000052dc                __isr_25
                0x000052dc                timera0
 .near.text.i2c_tx_interrupt
                0x00005338       0x84 contiki-z1.a(i2cmaster.o)
                0x00005338                __isr_16
                0x00005338                i2c_tx_interrupt
 .near.text.i2c_rx_interrupt
                0x000053bc       0x14 contiki-z1.a(i2cmaster.o)
                0x000053bc                i2c_rx_interrupt
                0x000053bc                __isr_17
 .any.text.per_handler
                0x000053d0       0x84 event-resource.co
 .any.text.process_thread_server
                0x00005454      0x3a2 event-resource.co
 .any.text.client_chunk_handler
                0x000057f6       0x1a event-resource.co
                0x000057f6                client_chunk_handler
 .any.text.res_per_get_handler
                0x00005810       0xbe event-resource.co
                0x00005810                res_per_get_handler
 .any.text.coap_parse_int_option
                0x000058ce       0x36 contiki-z1.a(er-coap.o)
 .any.text.coap_get_variable
                0x00005904       0x78 contiki-z1.a(er-coap.o)
 .any.text.coap_merge_multi_option
                0x0000597c       0x3a contiki-z1.a(er-coap.o)
 .any.text.coap_set_option_header
                0x000059b6       0x98 contiki-z1.a(er-coap.o)
 .any.text.coap_serialize_int_option
                0x00005a4e       0xbe contiki-z1.a(er-coap.o)
 .any.text.coap_serialize_array_option.part.0
                0x00005b0c       0x28 contiki-z1.a(er-coap.o)
 .any.text.coap_serialize_array_option
                0x00005b34       0x82 contiki-z1.a(er-coap.o)
 .any.text.coap_init_connection
                0x00005bb6       0x22 contiki-z1.a(er-coap.o)
                0x00005bb6                coap_init_connection
 .any.text.coap_get_mid
                0x00005bd8        0xc contiki-z1.a(er-coap.o)
                0x00005bd8                coap_get_mid
 .any.text.coap_init_message
                0x00005be4       0x24 contiki-z1.a(er-coap.o)
                0x00005be4                coap_init_message
 .any.text.coap_serialize_message
                0x00005c08      0x3ba contiki-z1.a(er-coap.o)
                0x00005c08                coap_serialize_message
 .any.text.coap_send_message
                0x00005fc2       0x3e contiki-z1.a(er-coap.o)
                0x00005fc2                coap_send_message
 .any.text.coap_parse_message
                0x00006000      0x468 contiki-z1.a(er-coap.o)
                0x00006000                coap_parse_message
 .any.text.coap_get_query_variable
                0x00006468       0x1c contiki-z1.a(er-coap.o)
                0x00006468                coap_get_query_variable
 .any.text.coap_get_post_variable
                0x00006484       0x20 contiki-z1.a(er-coap.o)
                0x00006484                coap_get_post_variable
 .any.text.coap_set_status_code
                0x000064a4       0x12 contiki-z1.a(er-coap.o)
                0x000064a4                coap_set_status_code
 .any.text.coap_set_token
                0x000064b6       0x24 contiki-z1.a(er-coap.o)
                0x000064b6                coap_set_token
 .any.text.coap_get_header_content_format
                0x000064da       0x16 contiki-z1.a(er-coap.o)
                0x000064da                coap_get_header_content_format
 .any.text.coap_set_header_content_format
                0x000064f0        0xe contiki-z1.a(er-coap.o)
                0x000064f0                coap_set_header_content_format
 .any.text.coap_get_header_accept
                0x000064fe       0x14 contiki-z1.a(er-coap.o)
                0x000064fe                coap_get_header_accept
 .any.text.coap_get_header_max_age
                0x00006512       0x24 contiki-z1.a(er-coap.o)
                0x00006512                coap_get_header_max_age
 .any.text.coap_set_header_max_age
                0x00006536       0x12 contiki-z1.a(er-coap.o)
                0x00006536                coap_set_header_max_age
 .any.text.coap_set_header_etag
                0x00006548       0x2a contiki-z1.a(er-coap.o)
                0x00006548                coap_set_header_etag
 .any.text.coap_get_header_if_match
                0x00006572       0x1a contiki-z1.a(er-coap.o)
                0x00006572                coap_get_header_if_match
 .any.text.coap_get_header_if_none_match
                0x0000658c        0xc contiki-z1.a(er-coap.o)
                0x0000658c                coap_get_header_if_none_match
 .any.text.coap_get_header_uri_host
                0x00006598       0x16 contiki-z1.a(er-coap.o)
                0x00006598                coap_get_header_uri_host
 .any.text.coap_get_header_uri_path
                0x000065ae       0x16 contiki-z1.a(er-coap.o)
                0x000065ae                coap_get_header_uri_path
 .any.text.coap_set_header_uri_path
                0x000065c4       0x2a contiki-z1.a(er-coap.o)
                0x000065c4                coap_set_header_uri_path
 .any.text.coap_get_header_uri_query
                0x000065ee       0x16 contiki-z1.a(er-coap.o)
                0x000065ee                coap_get_header_uri_query
 .any.text.coap_set_header_location_query
                0x00006604       0x2c contiki-z1.a(er-coap.o)
                0x00006604                coap_set_header_location_query
 .any.text.coap_set_header_location_path
                0x00006630       0x5a contiki-z1.a(er-coap.o)
                0x00006630                coap_set_header_location_path
 .any.text.coap_set_header_observe
                0x0000668a       0x12 contiki-z1.a(er-coap.o)
                0x0000668a                coap_set_header_observe
 .any.text.coap_get_header_block2
                0x0000669c       0x4c contiki-z1.a(er-coap.o)
                0x0000669c                coap_get_header_block2
 .any.text.coap_set_header_block2
                0x000066e8       0x42 contiki-z1.a(er-coap.o)
                0x000066e8                coap_set_header_block2
 .any.text.coap_get_header_size2
                0x0000672a       0x1c contiki-z1.a(er-coap.o)
                0x0000672a                coap_get_header_size2
 .any.text.coap_set_header_size2
                0x00006746       0x12 contiki-z1.a(er-coap.o)
                0x00006746                coap_set_header_size2
 .any.text.coap_get_payload
                0x00006758       0x1a contiki-z1.a(er-coap.o)
                0x00006758                coap_get_payload
 .any.text.coap_set_payload
                0x00006772       0x16 contiki-z1.a(er-coap.o)
                0x00006772                coap_set_payload
 .any.text.coap_set_service_callback
                0x00006788        0x6 contiki-z1.a(er-coap-engine.)
                0x00006788                coap_set_service_callback
 .any.text.coap_get_rest_method
                0x0000678e       0x16 contiki-z1.a(er-coap-engine.)
                0x0000678e                coap_get_rest_method
 .any.text.process_thread_coap_engine
                0x000067a4      0x418 contiki-z1.a(er-coap-engine.)
 .any.text.coap_blocking_request_callback
                0x00006bbc        0xe contiki-z1.a(er-coap-engine.)
                0x00006bbc                coap_blocking_request_callback
 .any.text.coap_init_engine
                0x00006bca        0xc contiki-z1.a(er-coap-engine.)
                0x00006bca                coap_init_engine
 .any.text.coap_blocking_request
                0x00006bd6      0x118 contiki-z1.a(er-coap-engine.)
                0x00006bd6                coap_blocking_request
 .any.text.coap_register_as_transaction_handler
                0x00006cee        0x8 contiki-z1.a(er-coap-transac)
                0x00006cee                coap_register_as_transaction_handler
 .any.text.coap_new_transaction
                0x00006cf6       0x46 contiki-z1.a(er-coap-transac)
                0x00006cf6                coap_new_transaction
 .any.text.coap_clear_transaction
                0x00006d3c       0x26 contiki-z1.a(er-coap-transac)
                0x00006d3c                coap_clear_transaction
 .any.text.coap_send_transaction
                0x00006d62       0xac contiki-z1.a(er-coap-transac)
                0x00006d62                coap_send_transaction
 .any.text.coap_get_transaction_by_mid
                0x00006e0e       0x1e contiki-z1.a(er-coap-transac)
                0x00006e0e                coap_get_transaction_by_mid
 .any.text.coap_check_transactions
                0x00006e2c       0x2e contiki-z1.a(er-coap-transac)
                0x00006e2c                coap_check_transactions
 .any.text.coap_remove_observer
                0x00006e5a       0x1c contiki-z1.a(er-coap-observe)
                0x00006e5a                coap_remove_observer
 .any.text.coap_remove_observer_by_client
                0x00006e76       0x40 contiki-z1.a(er-coap-observe)
                0x00006e76                coap_remove_observer_by_client
 .any.text.coap_remove_observer_by_token
                0x00006eb6       0x5e contiki-z1.a(er-coap-observe)
                0x00006eb6                coap_remove_observer_by_token
 .any.text.coap_remove_observer_by_uri
                0x00006f14       0x6a contiki-z1.a(er-coap-observe)
                0x00006f14                coap_remove_observer_by_uri
 .any.text.coap_add_observer
                0x00006f7e       0x5c contiki-z1.a(er-coap-observe)
                0x00006f7e                coap_add_observer
 .any.text.coap_remove_observer_by_mid
                0x00006fda       0x48 contiki-z1.a(er-coap-observe)
                0x00006fda                coap_remove_observer_by_mid
 .any.text.coap_notify_observers
                0x00007022       0xdc contiki-z1.a(er-coap-observe)
                0x00007022                coap_notify_observers
 .any.text.coap_observe_handler
                0x000070fe       0xb6 contiki-z1.a(er-coap-observe)
                0x000070fe                coap_observe_handler
 .any.text.well_known_core_get_handler
                0x000071b4      0x25a contiki-z1.a(er-coap-res-wel)
                0x000071b4                well_known_core_get_handler
 .any.text.process_thread_rest_engine_process
                0x0000740e       0xc0 contiki-z1.a(rest-engine.o)
 .any.text.rest_invoke_restful_service
                0x000074ce      0x11c contiki-z1.a(rest-engine.o)
                0x000074ce                rest_invoke_restful_service
 .any.text.rest_init_engine
                0x000075ea       0x26 contiki-z1.a(rest-engine.o)
                0x000075ea                rest_init_engine
 .any.text.rest_activate_resource
                0x00007610       0x3e contiki-z1.a(rest-engine.o)
                0x00007610                rest_activate_resource
 .any.text.rest_get_resources
                0x0000764e        0x6 contiki-z1.a(rest-engine.o)
                0x0000764e                rest_get_resources
 .any.text.purge_registrations
                0x00007654       0x7a contiki-z1.a(servreg-hack.o)
 .any.text.servreg_hack_init
                0x000076ce       0x2e contiki-z1.a(servreg-hack.o)
                0x000076ce                servreg_hack_init
 .any.text.servreg_hack_list_head
                0x000076fc        0xe contiki-z1.a(servreg-hack.o)
                0x000076fc                servreg_hack_list_head
 .any.text.process_thread_servreg_hack_process
                0x0000770a      0x216 contiki-z1.a(servreg-hack.o)
 .any.text.servreg_hack_item_id
                0x00007920        0x6 contiki-z1.a(servreg-hack.o)
                0x00007920                servreg_hack_item_id
 .any.text.servreg_hack_item_address
                0x00007926        0x6 contiki-z1.a(servreg-hack.o)
                0x00007926                servreg_hack_item_address
 .any.text.init_platform
                0x0000792c        0xc contiki-z1.a(contiki-z1-plat)
                0x0000792c                init_platform
 .any.text.msp430_init_dco
                0x00007938       0x28 contiki-z1.a(msp430.o)
                0x00007938                msp430_init_dco
 .any.text.splhigh_
                0x00007960        0x8 contiki-z1.a(msp430.o)
                0x00007960                splhigh_
 .any.text.msp430_sync_dco
                0x00007968       0x6e contiki-z1.a(msp430.o)
                0x00007968                msp430_sync_dco
 .any.text.msp430_cpu_init
                0x000079d6       0x2a contiki-z1.a(msp430.o)
                0x000079d6                msp430_cpu_init
 .any.text.show_leds
                0x00007a00       0xe8 contiki-z1.a(leds.o)
 .any.text.leds_init
                0x00007ae8        0xa contiki-z1.a(leds.o)
                0x00007ae8                leds_init
 .any.text.leds_on
                0x00007af2        0xa contiki-z1.a(leds.o)
                0x00007af2                leds_on
 .any.text.leds_off
                0x00007afc        0xe contiki-z1.a(leds.o)
                0x00007afc                leds_off
 .any.text.watchdog_start
                0x00007b0a       0x14 contiki-z1.a(watchdog.o)
                0x00007b0a                watchdog_start
 .any.text.watchdog_periodic
                0x00007b1e       0x12 contiki-z1.a(watchdog.o)
                0x00007b1e                watchdog_periodic
 .any.text.watchdog_stop
                0x00007b30       0x16 contiki-z1.a(watchdog.o)
                0x00007b30                watchdog_stop
 .any.text.watchdog_init
                0x00007b46       0x12 contiki-z1.a(watchdog.o)
                0x00007b46                watchdog_init
 .any.text.wait_ready
                0x00007b58       0x46 contiki-z1.a(xmem.o)
 .any.text.xmem_init
                0x00007b9e       0x1e contiki-z1.a(xmem.o)
                0x00007b9e                xmem_init
 .any.text.xmem_pread
                0x00007bbc       0xc2 contiki-z1.a(xmem.o)
                0x00007bbc                xmem_pread
 .any.text.spi_init
                0x00007c7e       0x32 contiki-z1.a(spi.o)
                0x00007c7e                spi_init
 .any.text.get_object
                0x00007cb0        0x4 contiki-z1.a(cc2420.o)
 .any.text.set_object
                0x00007cb4        0x4 contiki-z1.a(cc2420.o)
 .any.text.strobe
                0x00007cb8       0x1a contiki-z1.a(cc2420.o)
 .any.text.getreg
                0x00007cd2       0x46 contiki-z1.a(cc2420.o)
 .any.text.setreg
                0x00007d18       0x44 contiki-z1.a(cc2420.o)
 .any.text.write_ram
                0x00007d5c       0x72 contiki-z1.a(cc2420.o)
 .any.text.write_fifo_buf
                0x00007dce       0x38 contiki-z1.a(cc2420.o)
 .any.text.get_status
                0x00007e06       0x1e contiki-z1.a(cc2420.o)
 .any.text.set_txpower
                0x00007e24       0x24 contiki-z1.a(cc2420.o)
 .any.text.cc2420_receiving_packet
                0x00007e48        0xa contiki-z1.a(cc2420.o)
 .any.text.pending_packet
                0x00007e52        0xa contiki-z1.a(cc2420.o)
 .any.text.on   0x00007e5c       0x1e contiki-z1.a(cc2420.o)
 .any.text.wait_for_transmission
                0x00007e7a       0x22 contiki-z1.a(cc2420.o)
 .any.text.wait_for_status
                0x00007e9c       0x24 contiki-z1.a(cc2420.o)
 .any.text.getrxdata
                0x00007ec0       0x4c contiki-z1.a(cc2420.o)
 .any.text.flushrx
                0x00007f0c       0x1a contiki-z1.a(cc2420.o)
 .any.text.off  0x00007f26       0x52 contiki-z1.a(cc2420.o)
 .any.text.RELEASE_LOCK
                0x00007f78       0x28 contiki-z1.a(cc2420.o)
 .any.text.cc2420_prepare
                0x00007fa0       0x38 contiki-z1.a(cc2420.o)
 .any.text.cc2420_on
                0x00007fd8       0x22 contiki-z1.a(cc2420.o)
                0x00007fd8                cc2420_on
 .any.text.cc2420_off
                0x00007ffa       0x30 contiki-z1.a(cc2420.o)
                0x00007ffa                cc2420_off
 .any.text.cc2420_cca
                0x0000802a       0x54 contiki-z1.a(cc2420.o)
 .any.text.cc2420_read
                0x0000807e       0xa8 contiki-z1.a(cc2420.o)
 .any.text.process_thread_cc2420_process
                0x00008126       0x54 contiki-z1.a(cc2420.o)
 .any.text.cc2420_set_channel
                0x0000817a       0x3a contiki-z1.a(cc2420.o)
                0x0000817a                cc2420_set_channel
 .any.text.cc2420_set_pan_addr
                0x000081b4       0x4c contiki-z1.a(cc2420.o)
                0x000081b4                cc2420_set_pan_addr
 .any.text.cc2420_interrupt
                0x00008200       0x16 contiki-z1.a(cc2420.o)
                0x00008200                cc2420_interrupt
 .any.text.cc2420_set_txpower
                0x00008216        0xe contiki-z1.a(cc2420.o)
                0x00008216                cc2420_set_txpower
 .any.text.cc2420_get_txpower
                0x00008224       0x1e contiki-z1.a(cc2420.o)
                0x00008224                cc2420_get_txpower
 .any.text.cc2420_transmit
                0x00008242      0x108 contiki-z1.a(cc2420.o)
 .any.text.cc2420_send
                0x0000834a       0x12 contiki-z1.a(cc2420.o)
 .any.text.cc2420_rssi
                0x0000835c       0x48 contiki-z1.a(cc2420.o)
                0x0000835c                cc2420_rssi
 .any.text.get_value
                0x000083a4       0xa8 contiki-z1.a(cc2420.o)
 .any.text.cc2420_set_cca_threshold
                0x0000844c       0x16 contiki-z1.a(cc2420.o)
                0x0000844c                cc2420_set_cca_threshold
 .any.text.set_value
                0x00008462       0x80 contiki-z1.a(cc2420.o)
 .any.text.cc2420_init
                0x000084e2       0xd8 contiki-z1.a(cc2420.o)
                0x000084e2                cc2420_init
 .any.text.cc2420_arch_init
                0x000085ba       0x1a contiki-z1.a(cc2420-arch.o)
                0x000085ba                cc2420_arch_init
 .any.text.node_id_restore
                0x000085d4       0x4c contiki-z1.a(node-id.o)
                0x000085d4                node_id_restore
 .any.text.process_thread_sensors_process
                0x00008620       0xc2 contiki-z1.a(sensors.o)
 .any.text.sensors_changed
                0x000086e2       0x2a contiki-z1.a(sensors.o)
                0x000086e2                sensors_changed
 .any.text.status
                0x0000870c       0x18 contiki-z1.a(button-sensor.o)
 .any.text.value
                0x00008724       0x20 contiki-z1.a(button-sensor.o)
 .any.text.configure
                0x00008744       0x4e contiki-z1.a(button-sensor.o)
 .any.text.uart0_active
                0x00008792        0xe contiki-z1.a(uart0.o)
                0x00008792                uart0_active
 .any.text.uart0_writeb
                0x000087a0       0x16 contiki-z1.a(uart0.o)
                0x000087a0                uart0_writeb
 .any.text.uart0_init
                0x000087b6       0x40 contiki-z1.a(uart0.o)
                0x000087b6                uart0_init
 .any.text.putchar
                0x000087f6       0x10 contiki-z1.a(uart0-putchar.o)
                0x000087f6                putchar
 .any.text.accm_write_reg
                0x00008806       0x2e contiki-z1.a(adxl345.o)
                0x00008806                accm_write_reg
 .any.text.accm_write_stream
                0x00008834       0x2a contiki-z1.a(adxl345.o)
                0x00008834                accm_write_stream
 .any.text.accm_read_reg
                0x0000885e       0x54 contiki-z1.a(adxl345.o)
                0x0000885e                accm_read_reg
 .any.text.process_thread_accmeter_process
                0x000088b2       0x56 contiki-z1.a(adxl345.o)
 .any.text.accm_init
                0x00008908       0x8c contiki-z1.a(adxl345.o)
                0x00008908                accm_init
 .any.text.clock_time
                0x00008994       0x1a contiki-z1.a(clock.o)
                0x00008994                clock_time
 .any.text.clock_init
                0x000089ae       0x28 contiki-z1.a(clock.o)
                0x000089ae                clock_init
 .any.text.clock_delay
                0x000089d6        0xc contiki-z1.a(clock.o)
                0x000089d6                clock_delay
 .any.text.clock_wait
                0x000089e2       0x24 contiki-z1.a(clock.o)
                0x000089e2                clock_wait
 .any.text.clock_seconds
                0x00008a06       0x1a contiki-z1.a(clock.o)
                0x00008a06                clock_seconds
 .any.text.leds_arch_init
                0x00008a20        0xe contiki-z1.a(leds-arch.o)
                0x00008a20                leds_arch_init
 .any.text.leds_arch_set
                0x00008a2e       0x38 contiki-z1.a(leds-arch.o)
                0x00008a2e                leds_arch_set
 .any.text.rtimer_arch_init
                0x00008a66        0xe contiki-z1.a(rtimer-arch.o)
                0x00008a66                rtimer_arch_init
 .any.text.rtimer_arch_now
                0x00008a74        0xe contiki-z1.a(rtimer-arch.o)
                0x00008a74                rtimer_arch_now
 .any.text.rtimer_arch_schedule
                0x00008a82        0x6 contiki-z1.a(rtimer-arch.o)
                0x00008a82                rtimer_arch_schedule
 .any.text.autostart_start
                0x00008a88       0x16 contiki-z1.a(autostart.o)
                0x00008a88                autostart_start
 .any.text.process_thread_ctimer_process
                0x00008a9e       0xa0 contiki-z1.a(ctimer.o)
 .any.text.ctimer_init
                0x00008b3e       0x18 contiki-z1.a(ctimer.o)
                0x00008b3e                ctimer_init
 .any.text.ctimer_set
                0x00008b56       0x48 contiki-z1.a(ctimer.o)
                0x00008b56                ctimer_set
 .any.text.ctimer_reset
                0x00008b9e       0x2c contiki-z1.a(ctimer.o)
                0x00008b9e                ctimer_reset
 .any.text.ctimer_stop
                0x00008bca       0x28 contiki-z1.a(ctimer.o)
                0x00008bca                ctimer_stop
 .any.text.energest_init
                0x00008bf2       0x24 contiki-z1.a(energest.o)
                0x00008bf2                energest_init
 .any.text.energest_type_time
                0x00008c16       0x3c contiki-z1.a(energest.o)
                0x00008c16                energest_type_time
 .any.text.energest_type_set
                0x00008c52        0xc contiki-z1.a(energest.o)
                0x00008c52                energest_type_set
 .any.text.energest_flush
                0x00008c5e       0x38 contiki-z1.a(energest.o)
                0x00008c5e                energest_flush
 .any.text.update_time
                0x00008c96       0x70 contiki-z1.a(etimer.o)
 .any.text.etimer_request_poll
                0x00008d06        0xa contiki-z1.a(etimer.o)
                0x00008d06                etimer_request_poll
 .any.text.process_thread_etimer_process
                0x00008d10       0xc4 contiki-z1.a(etimer.o)
 .any.text.add_timer
                0x00008dd4       0x40 contiki-z1.a(etimer.o)
 .any.text.etimer_set
                0x00008e14       0x12 contiki-z1.a(etimer.o)
                0x00008e14                etimer_set
 .any.text.etimer_reset
                0x00008e26       0x12 contiki-z1.a(etimer.o)
                0x00008e26                etimer_reset
 .any.text.etimer_restart
                0x00008e38       0x12 contiki-z1.a(etimer.o)
                0x00008e38                etimer_restart
 .any.text.etimer_expired
                0x00008e4a        0xe contiki-z1.a(etimer.o)
                0x00008e4a                etimer_expired
 .any.text.etimer_expiration_time
                0x00008e58       0x14 contiki-z1.a(etimer.o)
                0x00008e58                etimer_expiration_time
 .any.text.etimer_pending
                0x00008e6c        0xc contiki-z1.a(etimer.o)
                0x00008e6c                etimer_pending
 .any.text.etimer_next_expiration_time
                0x00008e78       0x16 contiki-z1.a(etimer.o)
                0x00008e78                etimer_next_expiration_time
 .any.text.etimer_stop
                0x00008e8e       0x3e contiki-z1.a(etimer.o)
                0x00008e8e                etimer_stop
 .any.text.call_process
                0x00008ecc       0x40 contiki-z1.a(process.o)
 .any.text.exit_process
                0x00008f0c       0x88 contiki-z1.a(process.o)
 .any.text.do_poll
                0x00008f94       0x30 contiki-z1.a(process.o)
 .any.text.process_alloc_event
                0x00008fc4        0xe contiki-z1.a(process.o)
                0x00008fc4                process_alloc_event
 .any.text.process_init
                0x00008fd2       0x1c contiki-z1.a(process.o)
                0x00008fd2                process_init
 .any.text.process_run
                0x00008fee       0xa4 contiki-z1.a(process.o)
                0x00008fee                process_run
 .any.text.process_nevents
                0x00009092        0xe contiki-z1.a(process.o)
                0x00009092                process_nevents
 .any.text.process_post
                0x000090a0       0x50 contiki-z1.a(process.o)
                0x000090a0                process_post
 .any.text.process_post_synch
                0x000090f0       0x12 contiki-z1.a(process.o)
                0x000090f0                process_post_synch
 .any.text.process_start
                0x00009102       0x36 contiki-z1.a(process.o)
                0x00009102                process_start
 .any.text.process_poll
                0x00009138       0x18 contiki-z1.a(process.o)
                0x00009138                process_poll
 .any.text.rtimer_init
                0x00009150        0x6 contiki-z1.a(rtimer.o)
                0x00009150                rtimer_init
 .any.text.rtimer_run_next
                0x00009156       0x26 contiki-z1.a(rtimer.o)
                0x00009156                rtimer_run_next
 .any.text.timer_set
                0x0000917c       0x1c contiki-z1.a(timer.o)
                0x0000917c                timer_set
 .any.text.timer_reset
                0x00009198        0xe contiki-z1.a(timer.o)
                0x00009198                timer_reset
 .any.text.timer_restart
                0x000091a6       0x14 contiki-z1.a(timer.o)
                0x000091a6                timer_restart
 .any.text.timer_expired
                0x000091ba       0x2a contiki-z1.a(timer.o)
                0x000091ba                timer_expired
 .any.text.list_init
                0x000091e4        0x6 contiki-z1.a(list.o)
                0x000091e4                list_init
 .any.text.list_head
                0x000091ea        0x4 contiki-z1.a(list.o)
                0x000091ea                list_head
 .any.text.list_tail
                0x000091ee       0x12 contiki-z1.a(list.o)
                0x000091ee                list_tail
 .any.text.list_remove
                0x00009200       0x34 contiki-z1.a(list.o)
                0x00009200                list_remove
 .any.text.list_push
                0x00009234       0x16 contiki-z1.a(list.o)
                0x00009234                list_push
 .any.text.list_add
                0x0000924a       0x26 contiki-z1.a(list.o)
                0x0000924a                list_add
 .any.text.list_length
                0x00009270       0x10 contiki-z1.a(list.o)
                0x00009270                list_length
 .any.text.list_item_next
                0x00009280        0xc contiki-z1.a(list.o)
                0x00009280                list_item_next
 .any.text.memb_init
                0x0000928c       0x36 contiki-z1.a(memb.o)
                0x0000928c                memb_init
 .any.text.memb_alloc
                0x000092c2       0x3e contiki-z1.a(memb.o)
                0x000092c2                memb_alloc
 .any.text.memb_free
                0x00009300       0x3a contiki-z1.a(memb.o)
                0x00009300                memb_free
 .any.text.memb_inmemb
                0x0000933a       0x2a contiki-z1.a(memb.o)
                0x0000933a                memb_inmemb
 .any.text.memb_numfree
                0x00009364       0x26 contiki-z1.a(memb.o)
                0x00009364                memb_numfree
 .any.text.random_init
                0x0000938a        0x6 contiki-z1.a(random.o)
                0x0000938a                random_init
 .any.text.random_rand
                0x00009390        0x6 contiki-z1.a(random.o)
                0x00009390                random_rand
 .any.text.set_packet_attrs
                0x00009396       0x46 contiki-z1.a(sicslowpan.o)
 .any.text.addr_context_lookup_by_number
                0x000093dc       0x30 contiki-z1.a(sicslowpan.o)
 .any.text.compress_addr_64
                0x0000940c       0x9a contiki-z1.a(sicslowpan.o)
 .any.text.uncompress_addr
                0x000094a6       0x96 contiki-z1.a(sicslowpan.o)
 .any.text.input
                0x0000953c      0x5e2 contiki-z1.a(sicslowpan.o)
 .any.text.sicslowpan_init
                0x00009b1e       0x26 contiki-z1.a(sicslowpan.o)
                0x00009b1e                sicslowpan_init
 .any.text.addr_context_lookup_by_prefix
                0x00009b44       0x4a contiki-z1.a(sicslowpan.o)
 .any.text.packet_sent
                0x00009b8e       0x22 contiki-z1.a(sicslowpan.o)
 .any.text.send_packet
                0x00009bb0       0x1a contiki-z1.a(sicslowpan.o)
 .any.text.output
                0x00009bca      0x684 contiki-z1.a(sicslowpan.o)
 .any.text.chksum
                0x0000a24e       0x32 contiki-z1.a(uip6.o)
 .any.text.upper_layer_chksum
                0x0000a280       0x56 contiki-z1.a(uip6.o)
 .any.text.ext_hdr_options_process
                0x0000a2d6       0xc2 contiki-z1.a(uip6.o)
 .any.text.uip_icmp6chksum
                0x0000a398        0xa contiki-z1.a(uip6.o)
                0x0000a398                uip_icmp6chksum
 .any.text.uip_udpchksum
                0x0000a3a2        0xa contiki-z1.a(uip6.o)
                0x0000a3a2                uip_udpchksum
 .any.text.uip_init
                0x0000a3ac       0x36 contiki-z1.a(uip6.o)
                0x0000a3ac                uip_init
 .any.text.remove_ext_hdr
                0x0000a3e2       0x54 contiki-z1.a(uip6.o)
                0x0000a3e2                remove_ext_hdr
 .any.text.uip_udp_new
                0x0000a436       0xb8 contiki-z1.a(uip6.o)
                0x0000a436                uip_udp_new
 .any.text.uip_process
                0x0000a4ee      0x48a contiki-z1.a(uip6.o)
                0x0000a4ee                uip_process
 .any.text.uip_htonl
                0x0000a978       0x2a contiki-z1.a(uip6.o)
                0x0000a978                uip_htonl
 .any.text.uip_ds6_list_loop
                0x0000a9a2       0x66 contiki-z1.a(uip-ds6.o)
                0x0000a9a2                uip_ds6_list_loop
 .any.text.uip_ds6_prefix_add
                0x0000aa08       0x70 contiki-z1.a(uip-ds6.o)
                0x0000aa08                uip_ds6_prefix_add
 .any.text.uip_ds6_is_addr_onlink
                0x0000aa78       0x42 contiki-z1.a(uip-ds6.o)
                0x0000aa78                uip_ds6_is_addr_onlink
 .any.text.uip_ds6_addr_lookup
                0x0000aaba       0x2a contiki-z1.a(uip-ds6.o)
                0x0000aaba                uip_ds6_addr_lookup
 .any.text.uip_ds6_get_link_local
                0x0000aae4       0x3e contiki-z1.a(uip-ds6.o)
                0x0000aae4                uip_ds6_get_link_local
 .any.text.uip_ds6_maddr_add
                0x0000ab22       0x48 contiki-z1.a(uip-ds6.o)
                0x0000ab22                uip_ds6_maddr_add
 .any.text.uip_ds6_addr_add
                0x0000ab6a       0xb4 contiki-z1.a(uip-ds6.o)
                0x0000ab6a                uip_ds6_addr_add
 .any.text.uip_ds6_maddr_rm
                0x0000ac1e        0xa contiki-z1.a(uip-ds6.o)
                0x0000ac1e                uip_ds6_maddr_rm
 .any.text.uip_ds6_maddr_lookup
                0x0000ac28       0x2a contiki-z1.a(uip-ds6.o)
                0x0000ac28                uip_ds6_maddr_lookup
 .any.text.uip_ds6_addr_rm
                0x0000ac52       0x54 contiki-z1.a(uip-ds6.o)
                0x0000ac52                uip_ds6_addr_rm
 .any.text.uip_ds6_periodic
                0x0000aca6       0x4a contiki-z1.a(uip-ds6.o)
                0x0000aca6                uip_ds6_periodic
 .any.text.uip_ds6_set_addr_iid
                0x0000acf0       0x14 contiki-z1.a(uip-ds6.o)
                0x0000acf0                uip_ds6_set_addr_iid
 .any.text.get_match_length
                0x0000ad04       0x3c contiki-z1.a(uip-ds6.o)
                0x0000ad04                get_match_length
 .any.text.uip_ds6_select_src
                0x0000ad40       0x9a contiki-z1.a(uip-ds6.o)
                0x0000ad40                uip_ds6_select_src
 .any.text.uip_ds6_compute_reachable_time
                0x0000adda       0x36 contiki-z1.a(uip-ds6.o)
                0x0000adda                uip_ds6_compute_reachable_time
 .any.text.uip_ds6_init
                0x0000ae10      0x138 contiki-z1.a(uip-ds6.o)
                0x0000ae10                uip_ds6_init
 .any.text.uip_ds6_nbr_rm
                0x0000af48       0x1a contiki-z1.a(uip-ds6-nbr.o)
                0x0000af48                uip_ds6_nbr_rm
 .any.text.uip_ds6_neighbors_init
                0x0000af62        0xe contiki-z1.a(uip-ds6-nbr.o)
                0x0000af62                uip_ds6_neighbors_init
 .any.text.uip_ds6_nbr_add
                0x0000af70       0x54 contiki-z1.a(uip-ds6-nbr.o)
                0x0000af70                uip_ds6_nbr_add
 .any.text.uip_ds6_nbr_get_ll
                0x0000afc4        0xc contiki-z1.a(uip-ds6-nbr.o)
                0x0000afc4                uip_ds6_nbr_get_ll
 .any.text.uip_ds6_nbr_lookup
                0x0000afd0       0x3e contiki-z1.a(uip-ds6-nbr.o)
                0x0000afd0                uip_ds6_nbr_lookup
 .any.text.uip_ds6_nbr_ll_lookup
                0x0000b00e        0xc contiki-z1.a(uip-ds6-nbr.o)
                0x0000b00e                uip_ds6_nbr_ll_lookup
 .any.text.uip_ds6_nbr_ipaddr_from_lladdr
                0x0000b01a        0x6 contiki-z1.a(uip-ds6-nbr.o)
                0x0000b01a                uip_ds6_nbr_ipaddr_from_lladdr
 .any.text.uip_ds6_nbr_lladdr_from_ipaddr
                0x0000b020       0x12 contiki-z1.a(uip-ds6-nbr.o)
                0x0000b020                uip_ds6_nbr_lladdr_from_ipaddr
 .any.text.uip_ds6_link_neighbor_callback
                0x0000b032       0x26 contiki-z1.a(uip-ds6-nbr.o)
                0x0000b032                uip_ds6_link_neighbor_callback
 .any.text.uip_ds6_neighbor_periodic
                0x0000b058      0x11e contiki-z1.a(uip-ds6-nbr.o)
                0x0000b058                uip_ds6_neighbor_periodic
 .any.text.call_route_callback
                0x0000b176       0x40 contiki-z1.a(uip-ds6-route.o)
 .any.text.uip_ds6_route_init
                0x0000b1b6       0x36 contiki-z1.a(uip-ds6-route.o)
                0x0000b1b6                uip_ds6_route_init
 .any.text.uip_ds6_route_nexthop
                0x0000b1ec       0x1a contiki-z1.a(uip-ds6-route.o)
                0x0000b1ec                uip_ds6_route_nexthop
 .any.text.uip_ds6_route_head
                0x0000b206        0xa contiki-z1.a(uip-ds6-route.o)
                0x0000b206                uip_ds6_route_head
 .any.text.uip_ds6_route_next
                0x0000b210        0xe contiki-z1.a(uip-ds6-route.o)
                0x0000b210                uip_ds6_route_next
 .any.text.uip_ds6_route_lookup
                0x0000b21e       0x6e contiki-z1.a(uip-ds6-route.o)
                0x0000b21e                uip_ds6_route_lookup
 .any.text.uip_ds6_route_rm
                0x0000b28c       0xa2 contiki-z1.a(uip-ds6-route.o)
                0x0000b28c                uip_ds6_route_rm
 .any.text.rm_routelist
                0x0000b32e       0x34 contiki-z1.a(uip-ds6-route.o)
 .any.text.rm_routelist_callback
                0x0000b362        0x6 contiki-z1.a(uip-ds6-route.o)
 .any.text.uip_ds6_route_add
                0x0000b368       0xf8 contiki-z1.a(uip-ds6-route.o)
                0x0000b368                uip_ds6_route_add
 .any.text.uip_ds6_defrt_rm
                0x0000b460       0x44 contiki-z1.a(uip-ds6-route.o)
                0x0000b460                uip_ds6_defrt_rm
 .any.text.uip_ds6_defrt_lookup
                0x0000b4a4       0x32 contiki-z1.a(uip-ds6-route.o)
                0x0000b4a4                uip_ds6_defrt_lookup
 .any.text.uip_ds6_defrt_add
                0x0000b4d6       0x68 contiki-z1.a(uip-ds6-route.o)
                0x0000b4d6                uip_ds6_defrt_add
 .any.text.uip_ds6_defrt_choose
                0x0000b53e       0x36 contiki-z1.a(uip-ds6-route.o)
                0x0000b53e                uip_ds6_defrt_choose
 .any.text.uip_ds6_defrt_periodic
                0x0000b574       0x38 contiki-z1.a(uip-ds6-route.o)
                0x0000b574                uip_ds6_defrt_periodic
 .any.text.echo_reply_input
                0x0000b5ac      0x108 contiki-z1.a(uip-icmp6.o)
 .any.text.echo_request_input
                0x0000b6b4      0x128 contiki-z1.a(uip-icmp6.o)
 .any.text.uip_icmp6_input
                0x0000b7dc       0x44 contiki-z1.a(uip-icmp6.o)
                0x0000b7dc                uip_icmp6_input
 .any.text.uip_icmp6_register_input_handler
                0x0000b820        0xc contiki-z1.a(uip-icmp6.o)
                0x0000b820                uip_icmp6_register_input_handler
 .any.text.uip_icmp6_error_output
                0x0000b82c      0x16c contiki-z1.a(uip-icmp6.o)
                0x0000b82c                uip_icmp6_error_output
 .any.text.uip_icmp6_send
                0x0000b998       0x84 contiki-z1.a(uip-icmp6.o)
                0x0000b998                uip_icmp6_send
 .any.text.uip_icmp6_init
                0x0000ba1c       0x12 contiki-z1.a(uip-icmp6.o)
                0x0000ba1c                uip_icmp6_init
 .any.text.na_input
                0x0000ba2e      0x1a0 contiki-z1.a(uip-nd6.o)
 .any.text.ns_input
                0x0000bbce      0x246 contiki-z1.a(uip-nd6.o)
 .any.text.uip_nd6_ns_output
                0x0000be14      0x176 contiki-z1.a(uip-nd6.o)
                0x0000be14                uip_nd6_ns_output
 .any.text.uip_nd6_init
                0x0000bf8a       0x12 contiki-z1.a(uip-nd6.o)
                0x0000bf8a                uip_nd6_init
 .any.text.tcpip_output
                0x0000bf9c       0x10 contiki-z1.a(tcpip.o)
                0x0000bf9c                tcpip_output
 .any.text.tcpip_set_outputfunc
                0x0000bfac        0x6 contiki-z1.a(tcpip.o)
                0x0000bfac                tcpip_set_outputfunc
 .any.text.udp_new
                0x0000bfb2       0x1a contiki-z1.a(tcpip.o)
                0x0000bfb2                udp_new
 .any.text.udp_broadcast_new
                0x0000bfcc       0x46 contiki-z1.a(tcpip.o)
                0x0000bfcc                udp_broadcast_new
 .any.text.tcpip_input
                0x0000c012       0x16 contiki-z1.a(tcpip.o)
                0x0000c012                tcpip_input
 .any.text.tcpip_ipv6_output
                0x0000c028      0x14e contiki-z1.a(tcpip.o)
                0x0000c028                tcpip_ipv6_output
 .any.text.process_thread_tcpip_process
                0x0000c176       0xd0 contiki-z1.a(tcpip.o)
 .any.text.tcpip_uipcall
                0x0000c246       0x2a contiki-z1.a(tcpip.o)
                0x0000c246                tcpip_uipcall
 .any.text.uip_debug_ipaddr_print
                0x0000c270       0x72 contiki-z1.a(uip-debug.o)
                0x0000c270                uip_debug_ipaddr_print
 .any.text.uip_debug_ipaddr_sprint
                0x0000c2e2       0x9e contiki-z1.a(uip-debug.o)
                0x0000c2e2                uip_debug_ipaddr_sprint
 .any.text.uip_udp_packet_send
                0x0000c380       0x2e contiki-z1.a(uip-udp-packet.)
                0x0000c380                uip_udp_packet_send
 .any.text.rpl_get_mode
                0x0000c3ae        0x6 contiki-z1.a(rpl.o)
                0x0000c3ae                rpl_get_mode
 .any.text.rpl_purge_routes
                0x0000c3b4       0x96 contiki-z1.a(rpl.o)
                0x0000c3b4                rpl_purge_routes
 .any.text.rpl_remove_routes
                0x0000c44a       0x22 contiki-z1.a(rpl.o)
                0x0000c44a                rpl_remove_routes
 .any.text.rpl_remove_routes_by_nexthop
                0x0000c46c       0x3e contiki-z1.a(rpl.o)
                0x0000c46c                rpl_remove_routes_by_nexthop
 .any.text.rpl_add_route
                0x0000c4aa       0x48 contiki-z1.a(rpl.o)
                0x0000c4aa                rpl_add_route
 .any.text.rpl_link_neighbor_callback
                0x0000c4f2       0x74 contiki-z1.a(rpl.o)
                0x0000c4f2                rpl_link_neighbor_callback
 .any.text.rpl_ipv6_neighbor_callback
                0x0000c566       0x1e contiki-z1.a(rpl.o)
                0x0000c566                rpl_ipv6_neighbor_callback
 .any.text.rpl_init
                0x0000c584       0x4a contiki-z1.a(rpl.o)
                0x0000c584                rpl_init
 .any.text.lollipop_greater_than
                0x0000c5ce       0x3c contiki-z1.a(rpl-dag.o)
 .any.text.find_parent_any_dag_any_instance
                0x0000c60a       0x14 contiki-z1.a(rpl-dag.o)
 .any.text.rpl_set_preferred_parent
                0x0000c61e       0x2c contiki-z1.a(rpl-dag.o)
 .any.text.set_ip_from_prefix
                0x0000c64a       0x30 contiki-z1.a(rpl-dag.o)
 .any.text.check_prefix
                0x0000c67a       0x70 contiki-z1.a(rpl-dag.o)
 .any.text.rpl_get_nbr
                0x0000c6ea       0x1e contiki-z1.a(rpl-dag.o)
                0x0000c6ea                rpl_get_nbr
 .any.text.rpl_dag_init
                0x0000c708        0xe contiki-z1.a(rpl-dag.o)
                0x0000c708                rpl_dag_init
 .any.text.rpl_get_parent
                0x0000c716        0xc contiki-z1.a(rpl-dag.o)
                0x0000c716                rpl_get_parent
 .any.text.rpl_get_parent_ipaddr
                0x0000c722       0x10 contiki-z1.a(rpl-dag.o)
                0x0000c722                rpl_get_parent_ipaddr
 .any.text.rpl_set_prefix
                0x0000c732       0x74 contiki-z1.a(rpl-dag.o)
                0x0000c732                rpl_set_prefix
 .any.text.rpl_set_default_route
                0x0000c7a6       0x60 contiki-z1.a(rpl-dag.o)
                0x0000c7a6                rpl_set_default_route
 .any.text.rpl_alloc_instance
                0x0000c806       0x34 contiki-z1.a(rpl-dag.o)
                0x0000c806                rpl_alloc_instance
 .any.text.rpl_add_parent
                0x0000c83a       0x4e contiki-z1.a(rpl-dag.o)
                0x0000c83a                rpl_add_parent
 .any.text.rpl_find_parent
                0x0000c888       0x1c contiki-z1.a(rpl-dag.o)
                0x0000c888                rpl_find_parent
 .any.text.rpl_find_parent_any_dag
                0x0000c8a4       0x24 contiki-z1.a(rpl-dag.o)
                0x0000c8a4                rpl_find_parent_any_dag
 .any.text.rpl_select_parent
                0x0000c8c8       0x76 contiki-z1.a(rpl-dag.o)
                0x0000c8c8                rpl_select_parent
 .any.text.rpl_select_dag
                0x0000c93e      0x196 contiki-z1.a(rpl-dag.o)
                0x0000c93e                rpl_select_dag
 .any.text.rpl_nullify_parent
                0x0000cad4       0x50 contiki-z1.a(rpl-dag.o)
                0x0000cad4                rpl_nullify_parent
 .any.text.rpl_remove_parent
                0x0000cb24       0x16 contiki-z1.a(rpl-dag.o)
                0x0000cb24                rpl_remove_parent
 .any.text.nbr_callback
                0x0000cb3a        0x6 contiki-z1.a(rpl-dag.o)
 .any.text.remove_parents.constprop.5
                0x0000cb40       0x2e contiki-z1.a(rpl-dag.o)
 .any.text.rpl_move_parent
                0x0000cb6e       0x52 contiki-z1.a(rpl-dag.o)
                0x0000cb6e                rpl_move_parent
 .any.text.rpl_get_any_dag
                0x0000cbc0       0x16 contiki-z1.a(rpl-dag.o)
                0x0000cbc0                rpl_get_any_dag
 .any.text.rpl_get_instance
                0x0000cbd6       0x16 contiki-z1.a(rpl-dag.o)
                0x0000cbd6                rpl_get_instance
 .any.text.rpl_alloc_dag
                0x0000cbec       0x60 contiki-z1.a(rpl-dag.o)
                0x0000cbec                rpl_alloc_dag
 .any.text.rpl_repair_root
                0x0000cc4c       0x4c contiki-z1.a(rpl-dag.o)
                0x0000cc4c                rpl_repair_root
 .any.text.rpl_find_of
                0x0000cc98       0x10 contiki-z1.a(rpl-dag.o)
                0x0000cc98                rpl_find_of
 .any.text.rpl_join_instance
                0x0000cca8      0x128 contiki-z1.a(rpl-dag.o)
                0x0000cca8                rpl_join_instance
 .any.text.rpl_local_repair
                0x0000cdd0       0x68 contiki-z1.a(rpl-dag.o)
                0x0000cdd0                rpl_local_repair
 .any.text.rpl_process_parent_event
                0x0000ce38       0x6c contiki-z1.a(rpl-dag.o)
                0x0000ce38                rpl_process_parent_event
 .any.text.rpl_recalculate_ranks
                0x0000cea4       0x46 contiki-z1.a(rpl-dag.o)
                0x0000cea4                rpl_recalculate_ranks
 .any.text.rpl_add_dag
                0x0000ceea      0x102 contiki-z1.a(rpl-dag.o)
                0x0000ceea                rpl_add_dag
 .any.text.rpl_process_dio
                0x0000cfec      0x2e0 contiki-z1.a(rpl-dag.o)
                0x0000cfec                rpl_process_dio
 .any.text.rpl_lock_parent
                0x0000d2cc        0xc contiki-z1.a(rpl-dag.o)
                0x0000d2cc                rpl_lock_parent
 .any.text.rpl_verify_header
                0x0000d2d8       0xae contiki-z1.a(rpl-ext-header.)
                0x0000d2d8                rpl_verify_header
 .any.text.rpl_update_header_empty
                0x0000d386      0x12a contiki-z1.a(rpl-ext-header.)
                0x0000d386                rpl_update_header_empty
 .any.text.rpl_update_header_final
                0x0000d4b0       0x90 contiki-z1.a(rpl-ext-header.)
                0x0000d4b0                rpl_update_header_final
 .any.text.rpl_invert_header
                0x0000d540       0x74 contiki-z1.a(rpl-ext-header.)
                0x0000d540                rpl_invert_header
 .any.text.rpl_insert_header
                0x0000d5b4       0x12 contiki-z1.a(rpl-ext-header.)
                0x0000d5b4                rpl_insert_header
 .any.text.get32
                0x0000d5c6       0x3e contiki-z1.a(rpl-icmp6.o)
 .any.text.set32
                0x0000d604       0x2a contiki-z1.a(rpl-icmp6.o)
 .any.text.get16
                0x0000d62e        0xe contiki-z1.a(rpl-icmp6.o)
 .any.text.set16
                0x0000d63c       0x10 contiki-z1.a(rpl-icmp6.o)
 .any.text.dao_ack_input
                0x0000d64c        0x6 contiki-z1.a(rpl-icmp6.o)
 .any.text.dio_input
                0x0000d652      0x2ae contiki-z1.a(rpl-icmp6.o)
 .any.text.dis_output
                0x0000d900       0x50 contiki-z1.a(rpl-icmp6.o)
                0x0000d900                dis_output
 .any.text.dio_output
                0x0000d950      0x242 contiki-z1.a(rpl-icmp6.o)
                0x0000d950                dio_output
 .any.text.dis_input
                0x0000db92       0x28 contiki-z1.a(rpl-icmp6.o)
 .any.text.dao_output_target
                0x0000dbba       0xd0 contiki-z1.a(rpl-icmp6.o)
                0x0000dbba                dao_output_target
 .any.text.dao_output
                0x0000dc8a       0x68 contiki-z1.a(rpl-icmp6.o)
                0x0000dc8a                dao_output
 .any.text.dao_ack_output
                0x0000dcf2       0x32 contiki-z1.a(rpl-icmp6.o)
                0x0000dcf2                dao_ack_output
 .any.text.dao_input
                0x0000dd24      0x288 contiki-z1.a(rpl-icmp6.o)
 .any.text.rpl_icmp6_register_handlers
                0x0000dfac       0x22 contiki-z1.a(rpl-icmp6.o)
                0x0000dfac                rpl_icmp6_register_handlers
 .any.text.reset
                0x0000dfce        0x2 contiki-z1.a(rpl-mrhof.o)
 .any.text.update_metric_container
                0x0000dfd0        0x6 contiki-z1.a(rpl-mrhof.o)
 .any.text.calculate_rank
                0x0000dfd6       0x3e contiki-z1.a(rpl-mrhof.o)
 .any.text.neighbor_link_callback
                0x0000e014       0x8c contiki-z1.a(rpl-mrhof.o)
 .any.text.best_dag
                0x0000e0a0       0x2e contiki-z1.a(rpl-mrhof.o)
 .any.text.best_parent
                0x0000e0ce       0x68 contiki-z1.a(rpl-mrhof.o)
 .any.text.new_dio_interval
                0x0000e136       0x8a contiki-z1.a(rpl-timers.o)
 .any.text.set_dao_lifetime_timer
                0x0000e1c0       0x66 contiki-z1.a(rpl-timers.o)
 .any.text.handle_periodic_timer
                0x0000e226       0x2e contiki-z1.a(rpl-timers.o)
 .any.text.schedule_dao
                0x0000e254       0x72 contiki-z1.a(rpl-timers.o)
 .any.text.handle_dio_timer
                0x0000e2c6       0x88 contiki-z1.a(rpl-timers.o)
 .any.text.handle_dao_timer
                0x0000e34e       0x64 contiki-z1.a(rpl-timers.o)
 .any.text.rpl_reset_periodic_timer
                0x0000e3b2       0x54 contiki-z1.a(rpl-timers.o)
                0x0000e3b2                rpl_reset_periodic_timer
 .any.text.rpl_reset_dio_timer
                0x0000e406       0x18 contiki-z1.a(rpl-timers.o)
                0x0000e406                rpl_reset_dio_timer
 .any.text.rpl_schedule_dao
                0x0000e41e        0xc contiki-z1.a(rpl-timers.o)
                0x0000e41e                rpl_schedule_dao
 .any.text.rpl_schedule_probing
                0x0000e42a       0x34 contiki-z1.a(rpl-timers.o)
                0x0000e42a                rpl_schedule_probing
 .any.text.handle_probing_timer
                0x0000e45e      0x112 contiki-z1.a(rpl-timers.o)
 .any.text.linkaddr_copy
                0x0000e570        0x8 contiki-z1.a(linkaddr.o)
                0x0000e570                linkaddr_copy
 .any.text.linkaddr_cmp
                0x0000e578       0x12 contiki-z1.a(linkaddr.o)
                0x0000e578                linkaddr_cmp
 .any.text.linkaddr_set_node_addr
                0x0000e58a        0xc contiki-z1.a(linkaddr.o)
                0x0000e58a                linkaddr_set_node_addr
 .any.text.item_from_index
                0x0000e596       0x2a contiki-z1.a(nbr-table.o)
 .any.text.index_from_key
                0x0000e5c0       0x26 contiki-z1.a(nbr-table.o)
 .any.text.index_from_item
                0x0000e5e6       0x1e contiki-z1.a(nbr-table.o)
 .any.text.nbr_set_bit
                0x0000e604       0x50 contiki-z1.a(nbr-table.o)
 .any.text.index_from_lladdr
                0x0000e654       0x3e contiki-z1.a(nbr-table.o)
 .any.text.nbr_get_bit.constprop.0
                0x0000e692       0x2c contiki-z1.a(nbr-table.o)
 .any.text.nbr_table_register
                0x0000e6be       0x26 contiki-z1.a(nbr-table.o)
                0x0000e6be                nbr_table_register
 .any.text.nbr_table_next
                0x0000e6e4       0x4c contiki-z1.a(nbr-table.o)
                0x0000e6e4                nbr_table_next
 .any.text.nbr_table_head
                0x0000e730       0x36 contiki-z1.a(nbr-table.o)
                0x0000e730                nbr_table_head
 .any.text.nbr_table_add_lladdr
                0x0000e766      0x110 contiki-z1.a(nbr-table.o)
                0x0000e766                nbr_table_add_lladdr
 .any.text.nbr_table_get_from_lladdr
                0x0000e876       0x28 contiki-z1.a(nbr-table.o)
                0x0000e876                nbr_table_get_from_lladdr
 .any.text.nbr_table_remove
                0x0000e89e       0x2a contiki-z1.a(nbr-table.o)
                0x0000e89e                nbr_table_remove
 .any.text.nbr_table_lock
                0x0000e8c8       0x10 contiki-z1.a(nbr-table.o)
                0x0000e8c8                nbr_table_lock
 .any.text.nbr_table_unlock
                0x0000e8d8       0x10 contiki-z1.a(nbr-table.o)
                0x0000e8d8                nbr_table_unlock
 .any.text.nbr_table_get_lladdr
                0x0000e8e8       0x20 contiki-z1.a(nbr-table.o)
                0x0000e8e8                nbr_table_get_lladdr
 .any.text.packetbuf_compact
                0x0000e908       0x2e contiki-z1.a(packetbuf.o)
                0x0000e908                packetbuf_compact
 .any.text.packetbuf_copyto
                0x0000e936       0x46 contiki-z1.a(packetbuf.o)
                0x0000e936                packetbuf_copyto
 .any.text.packetbuf_hdrreduce
                0x0000e97c       0x1a contiki-z1.a(packetbuf.o)
                0x0000e97c                packetbuf_hdrreduce
 .any.text.packetbuf_set_datalen
                0x0000e996        0x6 contiki-z1.a(packetbuf.o)
                0x0000e996                packetbuf_set_datalen
 .any.text.packetbuf_dataptr
                0x0000e99c        0xe contiki-z1.a(packetbuf.o)
                0x0000e99c                packetbuf_dataptr
 .any.text.packetbuf_hdrptr
                0x0000e9aa        0xa contiki-z1.a(packetbuf.o)
                0x0000e9aa                packetbuf_hdrptr
 .any.text.packetbuf_datalen
                0x0000e9b4        0x6 contiki-z1.a(packetbuf.o)
                0x0000e9b4                packetbuf_datalen
 .any.text.packetbuf_hdrlen
                0x0000e9ba       0x10 contiki-z1.a(packetbuf.o)
                0x0000e9ba                packetbuf_hdrlen
 .any.text.packetbuf_totlen
                0x0000e9ca        0xc contiki-z1.a(packetbuf.o)
                0x0000e9ca                packetbuf_totlen
 .any.text.packetbuf_hdralloc
                0x0000e9d6       0x2a contiki-z1.a(packetbuf.o)
                0x0000e9d6                packetbuf_hdralloc
 .any.text.packetbuf_attr_clear
                0x0000ea00       0x28 contiki-z1.a(packetbuf.o)
                0x0000ea00                packetbuf_attr_clear
 .any.text.packetbuf_clear
                0x0000ea28       0x1a contiki-z1.a(packetbuf.o)
                0x0000ea28                packetbuf_clear
 .any.text.packetbuf_copyfrom
                0x0000ea42       0x2a contiki-z1.a(packetbuf.o)
                0x0000ea42                packetbuf_copyfrom
 .any.text.packetbuf_attr_copyto
                0x0000ea6c       0x22 contiki-z1.a(packetbuf.o)
                0x0000ea6c                packetbuf_attr_copyto
 .any.text.packetbuf_attr_copyfrom
                0x0000ea8e       0x24 contiki-z1.a(packetbuf.o)
                0x0000ea8e                packetbuf_attr_copyfrom
 .any.text.packetbuf_holds_broadcast
                0x0000eab2        0xe contiki-z1.a(packetbuf.o)
                0x0000eab2                packetbuf_holds_broadcast
 .any.text.queuebuf_init
                0x0000eac0       0x12 contiki-z1.a(queuebuf.o)
                0x0000eac0                queuebuf_init
 .any.text.queuebuf_numfree
                0x0000ead2        0xa contiki-z1.a(queuebuf.o)
                0x0000ead2                queuebuf_numfree
 .any.text.queuebuf_new_from_packetbuf
                0x0000eadc       0x4e contiki-z1.a(queuebuf.o)
                0x0000eadc                queuebuf_new_from_packetbuf
 .any.text.queuebuf_free
                0x0000eb2a       0x2a contiki-z1.a(queuebuf.o)
                0x0000eb2a                queuebuf_free
 .any.text.queuebuf_to_packetbuf
                0x0000eb54       0x32 contiki-z1.a(queuebuf.o)
                0x0000eb54                queuebuf_to_packetbuf
 .any.text.create_frame.isra.0
                0x0000eb86      0x104 contiki-z1.a(framer-802154.o)
 .any.text.create
                0x0000ec8a        0x8 contiki-z1.a(framer-802154.o)
 .any.text.hdr_length
                0x0000ec92        0x8 contiki-z1.a(framer-802154.o)
 .any.text.parse
                0x0000ec9a       0xa2 contiki-z1.a(framer-802154.o)
 .any.text.framer_canonical_create_and_secure
                0x0000ed3c       0x20 contiki-z1.a(framer.o)
                0x0000ed3c                framer_canonical_create_and_secure
 .any.text.send_packet
                0x0000ed5c        0x6 contiki-z1.a(nullmac.o)
 .any.text.packet_input
                0x0000ed62        0x6 contiki-z1.a(nullmac.o)
 .any.text.on   0x0000ed68        0x6 contiki-z1.a(nullmac.o)
 .any.text.off  0x0000ed6e        0x6 contiki-z1.a(nullmac.o)
 .any.text.channel_check_interval
                0x0000ed74        0x4 contiki-z1.a(nullmac.o)
 .any.text.init
                0x0000ed78        0x2 contiki-z1.a(nullmac.o)
 .any.text.on   0x0000ed7a        0x6 contiki-z1.a(nullrdc.o)
 .any.text.channel_check_interval
                0x0000ed80        0x4 contiki-z1.a(nullrdc.o)
 .any.text.init
                0x0000ed84        0x6 contiki-z1.a(nullrdc.o)
 .any.text.off  0x0000ed8a       0x10 contiki-z1.a(nullrdc.o)
 .any.text.packet_input
                0x0000ed9a       0x28 contiki-z1.a(nullrdc.o)
 .any.text.send_one_packet
                0x0000edc2       0x62 contiki-z1.a(nullrdc.o)
 .any.text.send_list
                0x0000ee24       0x28 contiki-z1.a(nullrdc.o)
 .any.text.send_packet
                0x0000ee4c        0x6 contiki-z1.a(nullrdc.o)
 .any.text.bootstrap
                0x0000ee52        0x4 contiki-z1.a(nullsec.o)
 .any.text.send
                0x0000ee56        0xa contiki-z1.a(nullsec.o)
 .any.text.on_frame_created
                0x0000ee60        0x4 contiki-z1.a(nullsec.o)
 .any.text.input
                0x0000ee64        0x6 contiki-z1.a(nullsec.o)
 .any.text.get_overhead
                0x0000ee6a        0x4 contiki-z1.a(nullsec.o)
 .any.text.i2c_receiveinit
                0x0000ee6e       0x36 contiki-z1.a(i2cmaster.o)
                0x0000ee6e                i2c_receiveinit
 .any.text.i2c_transmitinit
                0x0000eea4       0x30 contiki-z1.a(i2cmaster.o)
                0x0000eea4                i2c_transmitinit
 .any.text.i2c_receive_n
                0x0000eed4       0x3e contiki-z1.a(i2cmaster.o)
                0x0000eed4                i2c_receive_n
 .any.text.i2c_busy
                0x0000ef12        0xa contiki-z1.a(i2cmaster.o)
                0x0000ef12                i2c_busy
 .any.text.i2c_enable
                0x0000ef1c       0x22 contiki-z1.a(i2cmaster.o)
                0x0000ef1c                i2c_enable
 .any.text.i2c_transmit_n
                0x0000ef3e       0x14 contiki-z1.a(i2cmaster.o)
                0x0000ef3e                i2c_transmit_n
 .any.text.stimer_set
                0x0000ef52       0x1c contiki-z1.a(stimer.o)
                0x0000ef52                stimer_set
 .any.text.stimer_expired
                0x0000ef6e       0x30 contiki-z1.a(stimer.o)
                0x0000ef6e                stimer_expired
 .any.text.field_len
                0x0000ef9e       0x8c contiki-z1.a(frame802154.o)
 .any.text.frame802154_hdrlen
                0x0000f02a       0x2e contiki-z1.a(frame802154.o)
                0x0000f02a                frame802154_hdrlen
 .any.text.frame802154_create
                0x0000f058      0x112 contiki-z1.a(frame802154.o)
                0x0000f058                frame802154_create
 .any.text.frame802154_parse
                0x0000f16a      0x16c contiki-z1.a(frame802154.o)
                0x0000f16a                frame802154_parse
 .any.text.mac_call_sent_callback
                0x0000f2d6       0x14 contiki-z1.a(mac.o)
                0x0000f2d6                mac_call_sent_callback

.rodata         0x0000f2ec      0x743
                0x0000f2ec                . = ALIGN (0x2)
 *(.rodata .rodata.* .gnu.linkonce.r.*)
 .rodata.process_thread_server
                0x0000f2ec       0xa7 event-resource.co
 .rodata.client_chunk_handler
                0x0000f393        0x6 event-resource.co
 .rodata.res_per_get_handler
                0x0000f399       0x1d event-resource.co
 .rodata.autostart_processes
                0x0000f3b6        0x4 event-resource.co
                0x0000f3b6                autostart_processes
 .rodata        0x0000f3ba       0x33 event-resource.co
 .rodata        0x0000f3ed      0x115 obj_z1/contiki-z1-main.o
 .rodata.coap_serialize_message
                0x0000f502       0x2f contiki-z1.a(er-coap.o)
 .rodata.coap_parse_message
                0x0000f531       0x5a contiki-z1.a(er-coap.o)
 .rodata        0x0000f58b        0x1 contiki-z1.a(er-coap.o)
 .rodata.process_thread_coap_engine
                0x0000f58c       0x52 contiki-z1.a(er-coap-engine.)
 .rodata        0x0000f5de       0x14 contiki-z1.a(er-coap-engine.)
 .rodata.coap_rest_implementation
                0x0000f5f2       0xb6 contiki-z1.a(er-coap-engine.)
                0x0000f5f2                coap_rest_implementation
 .rodata.coap_observe_handler
                0x0000f6a8       0x11 contiki-z1.a(er-coap-observe)
 .rodata.well_known_core_get_handler
                0x0000f6b9       0x13 contiki-z1.a(er-coap-res-wel)
 .rodata        0x0000f6cc        0x6 contiki-z1.a(er-coap-res-wel)
 .rodata        0x0000f6d2        0xc contiki-z1.a(rest-engine.o)
 .rodata.servreg_hack_register
                0x0000f6de       0x84 contiki-z1.a(servreg-hack.o)
 .rodata        0x0000f762       0x15 contiki-z1.a(servreg-hack.o)
 *fill*         0x0000f777        0x1 00
 .rodata.get_value
                0x0000f778       0x38 contiki-z1.a(cc2420.o)
 .rodata.cc2420_driver
                0x0000f7b0       0x38 contiki-z1.a(cc2420.o)
                0x0000f7b0                cc2420_driver
 .rodata        0x0000f7e8        0xe contiki-z1.a(cc2420.o)
 .rodata.output_power
                0x0000f7f6       0x10 contiki-z1.a(cc2420.o)
 .rodata        0x0000f806        0x8 contiki-z1.a(sensors.o)
 .rodata        0x0000f80e        0x7 contiki-z1.a(button-sensor.o)
 *fill*         0x0000f815        0x1 00
 .rodata.button_sensor
                0x0000f816        0xe contiki-z1.a(button-sensor.o)
                0x0000f816                button_sensor
 .rodata        0x0000f824       0x16 contiki-z1.a(adxl345.o)
 .rodata        0x0000f83a        0xf contiki-z1.a(ctimer.o)
 .rodata        0x0000f849        0xc contiki-z1.a(etimer.o)
 .rodata        0x0000f855        0xb contiki-z1.a(sicslowpan.o)
 .rodata.sicslowpan_driver
                0x0000f860        0xa contiki-z1.a(sicslowpan.o)
                0x0000f860                sicslowpan_driver
 .rodata.llprefix
                0x0000f86a        0x2 contiki-z1.a(sicslowpan.o)
                0x0000f86a                llprefix
 .rodata.unc_mxconf
                0x0000f86c        0x4 contiki-z1.a(sicslowpan.o)
                0x0000f86c                unc_mxconf
 .rodata.unc_ctxconf
                0x0000f870        0x4 contiki-z1.a(sicslowpan.o)
                0x0000f870                unc_ctxconf
 .rodata.unc_llconf
                0x0000f874        0x4 contiki-z1.a(sicslowpan.o)
                0x0000f874                unc_llconf
 .rodata.ttl_values
                0x0000f878        0x4 contiki-z1.a(sicslowpan.o)
 .rodata        0x0000f87c        0xd contiki-z1.a(tcpip.o)
 .rodata.uip_debug_ipaddr_print
                0x0000f889       0x15 contiki-z1.a(uip-debug.o)
 .rodata.uip_debug_ipaddr_sprint
                0x0000f89e        0x2 contiki-z1.a(uip-debug.o)
 .rodata.linkaddr_null
                0x0000f8a0        0x8 contiki-z1.a(linkaddr.o)
                0x0000f8a0                linkaddr_null
 .rodata.framer_802154
                0x0000f8a8       0x10 contiki-z1.a(framer-802154.o)
                0x0000f8a8                framer_802154
 .rodata        0x0000f8b8        0x8 contiki-z1.a(nullmac.o)
 .rodata.nullmac_driver
                0x0000f8c0       0x1a contiki-z1.a(nullmac.o)
                0x0000f8c0                nullmac_driver
 .rodata        0x0000f8da        0x8 contiki-z1.a(nullrdc.o)
 .rodata.nullrdc_driver
                0x0000f8e2       0x1e contiki-z1.a(nullrdc.o)
                0x0000f8e2                nullrdc_driver
 .rodata        0x0000f900        0x8 contiki-z1.a(nullsec.o)
 .rodata.nullsec_driver
                0x0000f908       0x16 contiki-z1.a(nullsec.o)
                0x0000f908                nullsec_driver
 .rodata.CSWTCH.5
                0x0000f91e        0x2 contiki-z1.a(frame802154.o)
 .rodata        0x0000f920        0x8 /usr/local/msp430/bin/../lib/gcc/msp430/4.7.0/mcpu-430x/mmpy-16/msr20/mc20/libgcc.a(_thenan_sf.o)
                0x0000f920                __thenan_sf
 .rodata        0x0000f928      0x100 /usr/local/msp430/bin/../lib/gcc/msp430/4.7.0/mcpu-430x/mmpy-16/msr20/mc20/libgcc.a(_clz.o)
                0x0000f928                __clz_tab
 .rodata.vuprintf
                0x0000fa28        0x7 /usr/local/msp430/bin/../lib/gcc/msp430/4.7.0/../../../../msp430/lib/mcpu-430x/mmpy-16/msr20/mc20/libc.a(vuprintf.o)
 *(.near.rodata .near.rodata.*)
                0x0000fa30                . = ALIGN (0x2)
                0x0000fa30                _etext = .

.data           0x00001100      0x1b2 load address 0x0000fa30
                0x00001100                . = ALIGN (0x2)
                0x00001100                __data_start = .
 *(.data .data.* .gnu.linkonce.d.*)
 .data.server   0x00001100        0xc event-resource.co
                0x00001100                server
 .data.resource_per
                0x0000110c       0x1c event-resource.co
                0x0000110c                resource_per
 .data.periodic_resource_per
                0x00001128       0x18 event-resource.co
                0x00001128                periodic_resource_per
 .data.sensors  0x00001140        0x4 obj_z1/contiki-z1-main.o
                0x00001140                sensors
 .data.coap_error_message